[pq] task 2800: last 134 of 134 clean lines -- /home/code/.local/share/pueue/task_logs/2800.log
{"master": "/workspace/2026/suppressed-activations/out/2026-10-02_165117_pair-china_egypt"}
2026-10-02 16:51:22.500 | INFO     | <run_path>:main:996 - Loading pinned model; no input-specific preparation
Loading weights:   0%|          | 0/426 [00:00<?, ?it/s]
Loading weights: 100%|██████████| 426/426 [00:00<00:00, 9843.56it/s]
2026-10-02 16:51:26.476 | INFO     | <run_path>:main:1801 - Raw J direction norms (' China', ' Egypt'): [3.1684272289276123, 2.8712680339813232]
2026-10-02 16:51:30.118 | INFO     | <run_path>:main:2080 - Base: 'Beijing; CNY<|im_end|>'; p(first='Be')=0.839, p(first='C')=0.000
2026-10-02 16:51:30.461 | INFO     | <run_path>:main:2080 - raw J-coordinate exchange: 'Israel; ILS<|im_end|>'; p(first='Be')=0.015, p(first='C')=0.021
2026-10-02 16:51:30.831 | INFO     | <run_path>:main:2080 - raw plain-coordinate exchange: 'Beijing; CNY<|im_end|>'; p(first='Be')=0.831, p(first='C')=0.000
2026-10-02 16:51:31.189 | INFO     | <run_path>:main:2080 - matched-random delta: 'Beijing; CNY<|im_end|>'; p(first='Be')=0.781, p(first='C')=0.000
No standalone readout benchmark in this intervention run.
| condition                     |   answer_log_odds_shift |   p(first='C') |   p(first='Be') |   first_token_pair_mass |   r2 |
|:------------------------------|------------------------:|---------------:|----------------:|------------------------:|-----:|
| Base                          |            -4.47035e-07 |    1.79983e-05 |       0.83926   |               0.839278  |    0 |
| raw J-coordinate exchange     |            11.125       |    0.0213475   |       0.0146719 |               0.0360194 |    0 |
| raw plain-coordinate exchange |             0.375       |    2.5918e-05  |       0.830629  |               0.830655  |    0 |
| matched-random delta          |             0.3125      |    2.28822e-05 |       0.780632  |               0.780655  |    0 |
run.md: /workspace/2026/suppressed-activations/out/2026-10-02_165122_chat-causal-0/run.md
2026-10-02 16:51:31.449 | INFO     | <run_path>:main:996 - Loading pinned model; no input-specific preparation
Loading weights:   0%|          | 0/426 [00:00<?, ?it/s]
Loading weights: 100%|██████████| 426/426 [00:00<00:00, 8693.07it/s]
2026-10-02 16:51:35.249 | INFO     | <run_path>:main:1801 - Raw J direction norms (' China', ' Egypt'): [3.1684272289276123, 2.8712680339813232]
2026-10-02 16:51:35.778 | INFO     | <run_path>:main:2080 - Base: 'Cairo; EGP<|im_end|>'; p(first='Be')=0.000, p(first='C')=0.528
2026-10-02 16:51:36.182 | INFO     | <run_path>:main:2080 - raw J-coordinate exchange: 'Beijing; CNY<|im_end|>'; p(first='Be')=0.701, p(first='C')=0.000
2026-10-02 16:51:36.533 | INFO     | <run_path>:main:2080 - raw plain-coordinate exchange: 'Cairo; EGP<|im_end|>'; p(first='Be')=0.001, p(first='C')=0.556
2026-10-02 16:51:36.915 | INFO     | <run_path>:main:2080 - matched-random delta: 'Cairo; EGP<|im_end|>'; p(first='Be')=0.000, p(first='C')=0.398
No standalone readout benchmark in this intervention run.
| condition                     |   answer_log_odds_shift |   p(first='C') |   p(first='Be') |   first_token_pair_mass |   r2 |
|:------------------------------|------------------------:|---------------:|----------------:|------------------------:|-----:|
| Base                          |                  0      |    0.52833     |     0.000399405 |                0.52873  |    0 |
| raw J-coordinate exchange     |                -15      |    0.000283499 |     0.700612    |                0.700896 |    0 |
| raw plain-coordinate exchange |                 -0.1875 |    0.555781    |     0.000506806 |                0.556287 |    0 |
| matched-random delta          |                 -0.125  |    0.398012    |     0.000340951 |                0.398353 |    0 |
run.md: /workspace/2026/suppressed-activations/out/2026-10-02_165131_chat-causal-1/run.md
2026-10-02 16:51:37.150 | INFO     | <run_path>:main:996 - Loading pinned model; no input-specific preparation
Loading weights:   0%|          | 0/426 [00:00<?, ?it/s]
Loading weights: 100%|██████████| 426/426 [00:00<00:00, 7999.38it/s]
2026-10-02 16:51:40.614 | INFO     | <run_path>:main:1801 - Raw J direction norms (' China', ' Egypt'): [3.1684272289276123, 2.8712680339813232]
2026-10-02 16:51:40.982 | INFO     | <run_path>:main:2080 - Base: '4; even<|im_end|>'; p(first='Be')=0.000, p(first='C')=0.000
2026-10-02 16:51:41.296 | INFO     | <run_path>:main:2080 - raw J-coordinate exchange: '4; even<|im_end|>'; p(first='Be')=0.000, p(first='C')=0.000
2026-10-02 16:51:41.614 | INFO     | <run_path>:main:2080 - raw plain-coordinate exchange: '4; even<|im_end|>'; p(first='Be')=0.000, p(first='C')=0.000
2026-10-02 16:51:41.924 | INFO     | <run_path>:main:2080 - matched-random delta: '4; even<|im_end|>'; p(first='Be')=0.000, p(first='C')=0.000
No standalone readout benchmark in this intervention run.
| condition                     |   answer_log_odds_shift |   p(first='C') |   p(first='Be') |   first_token_pair_mass |   r2 |
|:------------------------------|------------------------:|---------------:|----------------:|------------------------:|-----:|
| Base                          |                 0       |    4.54103e-07 |     3.80788e-09 |             4.57911e-07 |    0 |
| raw J-coordinate exchange     |                 0.03125 |    4.67622e-07 |     3.80061e-09 |             4.71423e-07 |    0 |
| raw plain-coordinate exchange |                -0.0625  |    4.48221e-07 |     4.00097e-09 |             4.52222e-07 |    0 |
| matched-random delta          |                -0.28125 |    4.69964e-07 |     5.22083e-09 |             4.75185e-07 |    0 |
run.md: /workspace/2026/suppressed-activations/out/2026-10-02_165137_chat-causal-2/run.md
{
 "stage": "completed",
 "source_sha256": "a2bde1d07e97fc8a7942808c92e74b49bdb5b726932cd5e094b4291b0e6f22af",
 "manifest_sha256": "49851716e294b721d1f64f57fa77a468c2e7eca1d90001ffcec1ff3d43b02813",
 "case_runs": [
  {
   "case": {
    "name": "China_to_Egypt",
    "relation": "country_properties",
    "reverse": false,
    "user_content": "For the country containing Shanghai, give its capital and three-letter currency code. Reply only as '<capital>; <currency code>'.",
    "base_expected": [
     "Beijing",
     "CNY"
    ],
    "edited_expected": [
     "Cairo",
     "EGP"
    ]
   },
   "run": "/workspace/2026/suppressed-activations/out/2026-10-02_165122_chat-causal-0",
   "forward_calls": 23
  },
  {
   "case": {
    "name": "Egypt_to_China",
    "relation": "country_properties",
    "reverse": true,
    "user_content": "For the country containing Alexandria, give its capital and three-letter currency code. Reply only as '<capital>; <currency code>'.",
    "base_expected": [
     "Cairo",
     "EGP"
    ],
    "edited_expected": [
     "Beijing",
     "CNY"
    ]
   },
   "run": "/workspace/2026/suppressed-activations/out/2026-10-02_165131_chat-causal-1",
   "forward_calls": 24
  },
  {
   "case": {
    "name": "arithmetic_control",
    "relation": "arithmetic_control",
    "reverse": false,
    "user_content": "A visitor from Shanghai is nearby. What is 2 + 2, and is that sum odd or even? Reply only as '<sum>; <odd or even>'.",
    "base_expected": [
     "4",
     "even"
    ],
    "edited_expected": [
     "4",
     "even"
    ]
   },
   "run": "/workspace/2026/suppressed-activations/out/2026-10-02_165137_chat-causal-2",
   "forward_calls": 16
  }
 ],
 "goals_completed": false,
 "raw_coordinate_exchange": true,
 "reference_master": null,
 "generic_prefills": 0,
 "actual_forwards": 63,
 "generated_tokens": 63,
 "elapsed_seconds": 24.38773596100509,
 "peak_allocated_gib": 8.113467693328857,
 "semantic_review_pending": true
}
| Case / condition                                  | Observed text   | Expected properties   |   Tokens |   First-token 'Be'→'C' log-odds shift |   First-token pair mass |     r2 | Full log                                                                          |
|:--------------------------------------------------|:----------------|:----------------------|---------:|--------------------------------------:|------------------------:|-------:|:----------------------------------------------------------------------------------|
| China_to_Egypt: Base                              | Beijing; CNY    | Beijing; CNY          |        6 |                               -0.0000 |                  0.8393 | 0.0000 | /workspace/2026/suppressed-activations/out/2026-10-02_165122_chat-causal-0/run.md |
| China_to_Egypt: raw J-coordinate exchange         | Israel; ILS     | Cairo; EGP            |        5 |                               11.1250 |                  0.0360 | 0.0000 | /workspace/2026/suppressed-activations/out/2026-10-02_165122_chat-causal-0/run.md |
| China_to_Egypt: raw plain-coordinate exchange     | Beijing; CNY    | Cairo; EGP            |        6 |                                0.3750 |                  0.8307 | 0.0000 | /workspace/2026/suppressed-activations/out/2026-10-02_165122_chat-causal-0/run.md |
| China_to_Egypt: matched-random delta              | Beijing; CNY    | Beijing; CNY          |        6 |                                0.3125 |                  0.7807 | 0.0000 | /workspace/2026/suppressed-activations/out/2026-10-02_165122_chat-causal-0/run.md |
| Egypt_to_China: Base                              | Cairo; EGP      | Cairo; EGP            |        6 |                                0.0000 |                  0.5287 | 0.0000 | /workspace/2026/suppressed-activations/out/2026-10-02_165131_chat-causal-1/run.md |
| Egypt_to_China: raw J-coordinate exchange         | Beijing; CNY    | Beijing; CNY          |        6 |                              -15.0000 |                  0.7009 | 0.0000 | /workspace/2026/suppressed-activations/out/2026-10-02_165131_chat-causal-1/run.md |
| Egypt_to_China: raw plain-coordinate exchange     | Cairo; EGP      | Beijing; CNY          |        6 |                               -0.1875 |                  0.5563 | 0.0000 | /workspace/2026/suppressed-activations/out/2026-10-02_165131_chat-causal-1/run.md |
| Egypt_to_China: matched-random delta              | Cairo; EGP      | Cairo; EGP            |        6 |                               -0.1250 |                  0.3984 | 0.0000 | /workspace/2026/suppressed-activations/out/2026-10-02_165131_chat-causal-1/run.md |
| arithmetic_control: Base                          | 4; even         | 4; even               |        4 |                                0.0000 |                  0.0000 | 0.0000 | /workspace/2026/suppressed-activations/out/2026-10-02_165137_chat-causal-2/run.md |
| arithmetic_control: raw J-coordinate exchange     | 4; even         | 4; even               |        4 |                                0.0312 |                  0.0000 | 0.0000 | /workspace/2026/suppressed-activations/out/2026-10-02_165137_chat-causal-2/run.md |
| arithmetic_control: raw plain-coordinate exchange | 4; even         | 4; even               |        4 |                               -0.0625 |                  0.0000 | 0.0000 | /workspace/2026/suppressed-activations/out/2026-10-02_165137_chat-causal-2/run.md |
| arithmetic_control: matched-random delta          | 4; even         | 4; even               |        4 |                               -0.2812 |                  0.0000 | 0.0000 | /workspace/2026/suppressed-activations/out/2026-10-02_165137_chat-causal-2/run.md |
run.md: /workspace/2026/suppressed-activations/out/2026-10-02_165117_pair-china_egypt/run.md
