2026-09-30 12:53:30.719 | INFO     | __main__:main:208 - Loading pinned model and reusable lens; no input-specific preparation
Loading weights:   0%|          | 0/426 [00:00<?, ?it/s]
Loading weights:   1%|          | 3/426 [00:00<00:40, 10.57it/s]
Loading weights:  54%|█████▍    | 230/426 [00:00<00:00, 767.06it/s]
Loading weights: 100%|██████████| 426/426 [00:00<00:00, 929.54it/s]
2026-09-30 12:53:56.395 | INFO     | __main__:main:398 - Readout Sweden: baseline=' Stockholm.\nHypothesis: The'; ambiguous scoring tokens=[]; canonical_evaluable=True; unscorable_actual_words=[]
2026-09-30 12:53:57.691 | INFO     | __main__:main:398 - Readout Finland: baseline=' Helsinki.\nHypothesis: Tamp'; ambiguous scoring tokens=[]; canonical_evaluable=True; unscorable_actual_words=[]
2026-09-30 12:53:58.617 | INFO     | __main__:main:398 - Readout Denmark: baseline=' Copenhagen.\nHypothesis: The'; ambiguous scoring tokens=[]; canonical_evaluable=True; unscorable_actual_words=[]
2026-09-30 12:53:59.790 | INFO     | __main__:main:398 - Readout Netherlands: baseline=' Amsterdam.\nHypothesis: The'; ambiguous scoring tokens=[]; canonical_evaluable=True; unscorable_actual_words=[]
2026-09-30 12:54:01.206 | INFO     | __main__:main:398 - Readout Switzerland: baseline=' Bern.\nQuestion: What is the'; ambiguous scoring tokens=[]; canonical_evaluable=True; unscorable_actual_words=[]
2026-09-30 12:54:02.909 | INFO     | __main__:main:398 - Readout Italy: baseline=' Rome.\nHypothesis: The'; ambiguous scoring tokens=[]; canonical_evaluable=True; unscorable_actual_words=[]
2026-09-30 12:54:03.915 | INFO     | __main__:main:398 - Readout Peru: baseline=' Lima.\nQuestion: What is the'; ambiguous scoring tokens=[]; canonical_evaluable=True; unscorable_actual_words=[]
2026-09-30 12:54:04.987 | INFO     | __main__:main:398 - Readout Chile: baseline=' Santiago.\nHypothesis: Val'; ambiguous scoring tokens=[]; canonical_evaluable=True; unscorable_actual_words=[]
2026-09-30 12:54:06.229 | INFO     | __main__:main:398 - Readout whale: baseline=' gills.\nQuestion: What is'; ambiguous scoring tokens=[]; canonical_evaluable=True; unscorable_actual_words=[]
2026-09-30 12:54:07.285 | INFO     | __main__:main:398 - Readout bat: baseline=' mammals.\nQuestion: What is the'; ambiguous scoring tokens=[]; canonical_evaluable=True; unscorable_actual_words=[]
2026-09-30 12:54:08.612 | INFO     | __main__:main:398 - Readout snake: baseline=' 4.\nQuestion: How many'; ambiguous scoring tokens=[]; canonical_evaluable=True; unscorable_actual_words=[]
2026-09-30 12:54:09.767 | INFO     | __main__:main:398 - Readout rabbit: baseline=' carrot.\nQuestion: What is the'; ambiguous scoring tokens=[]; canonical_evaluable=True; unscorable_actual_words=[]
2026-09-30 12:54:10.602 | INFO     | __main__:main:398 - Readout bear: baseline=' honey.\nHypothesis: The'; ambiguous scoring tokens=[]; canonical_evaluable=True; unscorable_actual_words=[]
2026-09-30 12:54:11.594 | INFO     | __main__:main:398 - Readout butterfly: baseline=' caterpillar.\nHypothesis:'; ambiguous scoring tokens=[]; canonical_evaluable=True; unscorable_actual_words=[]
2026-09-30 12:54:12.782 | INFO     | __main__:main:398 - Readout beetle: baseline=' 4.\nQuestion: How many'; ambiguous scoring tokens=[]; canonical_evaluable=True; unscorable_actual_words=[]
2026-09-30 12:54:14.191 | INFO     | __main__:main:398 - Readout crab: baseline=' 10.\nQuestion: How'; ambiguous scoring tokens=[]; canonical_evaluable=False; unscorable_actual_words=['10']
## Fixed-set readout results
Primary joint pass finds a hidden alias and excludes both actual lexical words and predeclared aliases of an observed expected answer. Literal-only counts are shown separately. Unscored rows remain in the denominator. Expected-answer columns use frozen alias matching, not human accuracy: a valid unlisted synonym can miss. Neither metric proves internal reasoning.
### Current-layer methods
| method                     | alias-checked joint↑   |   AUROC↑ | expected-answer joint↑   | literal joint↑   |   unscored |
|:---------------------------|:-----------------------|---------:|:-------------------------|:-----------------|-----------:|
| [J-lens](readout.json)     | 4/16                   |    0.801 | 2/13                     | 4/16             |          1 |
| [plain lens](readout.json) | 0/16                   |    0.735 | 0/13                     | 0/16             |          1 |
### End-of-pass readout (not for earlier edits)
| method                                     | alias-checked joint↑   |   AUROC↑ | expected-answer joint↑   | literal joint↑   |   unscored |
|:-------------------------------------------|:-----------------------|---------:|:-------------------------|:-----------------|-----------:|
| [end-pass J-lens](readout.json)            | 11/16                  |    0.908 | 9/13                     | 11/16            |          1 |
| [end-pass erased0.5 J-lens](readout.json)  | 10/16                  |    0.915 | 8/13                     | 10/16            |          1 |
| [end-pass erased1 J-lens](readout.json)    | 9/16                   |    0.918 | 7/13                     | 9/16             |          1 |
| [end-pass erased1 plain27](readout.json)   | 6/16                   |    0.891 | 5/13                     | 6/16             |          1 |
| [end-pass plain27](readout.json)           | 5/16                   |    0.886 | 4/13                     | 8/16             |          1 |
| [end-pass erased0.5 plain27](readout.json) | 4/16                   |    0.889 | 3/13                     | 6/16             |          1 |
| [end-pass plain24](readout.json)           | 1/16                   |    0.844 | 1/13                     | 1/16             |          1 |
| [end-pass erased1 plain24](readout.json)   | 1/16                   |    0.840 | 1/13                     | 1/16             |          1 |
| [end-pass erased0.5 plain24](readout.json) | 1/16                   |    0.842 | 1/13                     | 1/16             |          1 |
run.md: /workspace/2026/suppressed-activations/out/2026-09-30_125330_jlens-one-pass/run.md
