2026-09-30 12:18:04.366 | INFO     | __main__:main:186 - Loading pinned model and reusable lens; no input-specific preparation
Loading weights:   0%|          | 0/426 [00:00<?, ?it/s]
Loading weights: 100%|██████████| 426/426 [00:00<00:00, 6651.53it/s]
2026-09-30 12:18:11.678 | INFO     | __main__:main:367 - Readout Spain: baseline=' Barcelona.\nQuestion: What is the'; ambiguous scoring tokens=[]; canonical_evaluable=True; unscorable_actual_words=[]
2026-09-30 12:18:12.771 | INFO     | __main__:main:367 - Readout Portugal: baseline=' Lisbon.\nHypothesis: The'; ambiguous scoring tokens=[]; canonical_evaluable=True; unscorable_actual_words=[]
2026-09-30 12:18:13.664 | INFO     | __main__:main:367 - Readout Germany: baseline=' Berlin.\nHypothesis: The'; ambiguous scoring tokens=[]; canonical_evaluable=True; unscorable_actual_words=[]
2026-09-30 12:18:14.682 | INFO     | __main__:main:367 - Readout Greece: baseline=' Athens.\nHypothesis: The'; ambiguous scoring tokens=[]; canonical_evaluable=True; unscorable_actual_words=[]
2026-09-30 12:18:15.753 | INFO     | __main__:main:367 - Readout Austria: baseline=' Vienna.\nHypothesis: The'; ambiguous scoring tokens=[]; canonical_evaluable=True; unscorable_actual_words=[]
2026-09-30 12:18:16.706 | INFO     | __main__:main:367 - Readout Norway: baseline=' Oslo.\nHypothesis: The'; ambiguous scoring tokens=[]; canonical_evaluable=True; unscorable_actual_words=[]
2026-09-30 12:18:17.742 | INFO     | __main__:main:367 - Readout Thailand: baseline=' Bangkok.\nQuestion: What is the'; ambiguous scoring tokens=[]; canonical_evaluable=True; unscorable_actual_words=[]
2026-09-30 12:18:18.679 | INFO     | __main__:main:367 - Readout Kenya: baseline=' Nairobi.\nHypothesis: The'; ambiguous scoring tokens=[]; canonical_evaluable=True; unscorable_actual_words=[]
2026-09-30 12:18:19.878 | INFO     | __main__:main:367 - Readout horse: baseline=' a colt.\nQuestion: What'; ambiguous scoring tokens=[]; canonical_evaluable=False; unscorable_actual_words=[]
2026-09-30 12:18:20.928 | INFO     | __main__:main:367 - Readout cow: baseline=' a calf.\nQuestion: What is'; ambiguous scoring tokens=[]; canonical_evaluable=True; unscorable_actual_words=[]
2026-09-30 12:18:21.911 | INFO     | __main__:main:367 - Readout goat: baseline=' calf.\nHypothesis: The'; ambiguous scoring tokens=[]; canonical_evaluable=True; unscorable_actual_words=[]
2026-09-30 12:18:22.833 | INFO     | __main__:main:367 - Readout duck: baseline=' a quack.\nQuestion: What'; ambiguous scoring tokens=[]; canonical_evaluable=True; unscorable_actual_words=[]
2026-09-30 12:18:24.018 | INFO     | __main__:main:367 - Readout cat: baseline=' kitten.\nHypothesis: The'; ambiguous scoring tokens=[]; canonical_evaluable=True; unscorable_actual_words=[]
2026-09-30 12:18:25.386 | INFO     | __main__:main:367 - Readout chicken: baseline=' 4.\nQuestion: How many'; ambiguous scoring tokens=[]; canonical_evaluable=True; unscorable_actual_words=[]
2026-09-30 12:18:26.516 | INFO     | __main__:main:367 - Readout octopus: baseline=' 0.\nHypothesis:'; ambiguous scoring tokens=[]; canonical_evaluable=True; unscorable_actual_words=[]
2026-09-30 12:18:27.585 | INFO     | __main__:main:367 - Readout penguin: baseline=' 2.\nQuestion: How many'; ambiguous scoring tokens=[]; canonical_evaluable=True; unscorable_actual_words=[]
## Fixed-set readout results
Primary joint pass finds a hidden alias and excludes both actual lexical words and predeclared aliases of an observed expected answer. Literal-only counts are shown separately. Unscored rows remain in the denominator. Expected-answer columns use frozen alias matching, not human accuracy: a valid unlisted synonym can miss. Neither metric proves internal reasoning.
### Current-layer methods
| method                     | alias-checked joint↑   |   AUROC↑ | expected-answer joint↑   | literal joint↑   |   unscored |
|:---------------------------|:-----------------------|---------:|:-------------------------|:-----------------|-----------:|
| [J-lens](readout.json)     | 3/16                   |    0.756 | 1/11                     | 3/16             |          0 |
| [plain lens](readout.json) | 0/16                   |    0.699 | 0/11                     | 0/16             |          0 |
### End-of-pass readout (not for earlier edits)
| method                                  | alias-checked joint↑   |   AUROC↑ | expected-answer joint↑   | literal joint↑   |   unscored |
|:----------------------------------------|:-----------------------|---------:|:-------------------------|:-----------------|-----------:|
| [end-pass erased J-lens](readout.json)  | 7/16                   |    0.806 | 5/11                     | 7/16             |          0 |
| [end-pass J-lens](readout.json)         | 6/16                   |    0.825 | 4/11                     | 11/16            |          0 |
| [end-pass plain27](readout.json)        | 5/16                   |    0.833 | 4/11                     | 7/16             |          0 |
| [end-pass erased plain27](readout.json) | 3/16                   |    0.824 | 2/11                     | 4/16             |          0 |
| [end-pass plain24](readout.json)        | 1/16                   |    0.796 | 1/11                     | 1/16             |          0 |
| [end-pass erased plain24](readout.json) | 0/16                   |    0.783 | 0/11                     | 0/16             |          0 |
run.md: /workspace/2026/suppressed-activations/out/2026-09-30_121804_jlens-one-pass/run.md
