{"master": "/workspace/2026/suppressed-activations/out/2026-10-01_142049_person-pairs-readout"}
2026-10-01 14:20:56.841 | INFO     | <run_path>:main:904 - Loading pinned model; no input-specific preparation
Loading weights:   0%|          | 0/426 [00:00<?, ?it/s]Loading weights: 100%|██████████| 426/426 [00:00<00:00, 9557.55it/s]
2026-10-01 14:21:04.540 | INFO     | <run_path>:main:1479 - Readout George Orwell: baseline='England<|im_end|>'; ambiguous scoring tokens=[]; canonical_evaluable=True; unscorable_actual_words=[]
2026-10-01 14:21:05.190 | INFO     | <run_path>:main:1479 - Readout Salman Rushdie: baseline='India<|im_end|>'; ambiguous scoring tokens=[]; canonical_evaluable=True; unscorable_actual_words=[]
2026-10-01 14:21:06.037 | INFO     | <run_path>:main:1479 - Readout Cao Xueqin: baseline='China<|im_end|>'; ambiguous scoring tokens=[]; canonical_evaluable=True; unscorable_actual_words=[]
2026-10-01 14:21:06.841 | INFO     | <run_path>:main:1479 - Readout Wu Cheng'en: baseline='China<|im_end|>'; ambiguous scoring tokens=[]; canonical_evaluable=False; unscorable_actual_words=[]

## Fixed-set readout results

Primary joint pass finds a hidden alias and excludes both actual lexical words and predeclared aliases of an observed expected answer. Actual-output lexical-only counts are shown separately. Unscored rows remain in the denominator. Expected-answer columns use frozen alias matching, not human accuracy: a valid unlisted synonym can miss. Neither metric proves internal reasoning.

### Current-layer methods

| method                     | alias-checked joint↑   |   AUROC↑ | expected-answer joint↑   | actual-output lexical joint↑   |   unscored |
|:---------------------------|:-----------------------|---------:|:-------------------------|:-------------------------------|-----------:|
| [J-lens](readout.json)     | 0/4                    |    0.313 | 0/3                      | 0/4                            |          0 |
| [plain lens](readout.json) | 0/4                    |    0.353 | 0/3                      | 0/4                            |          0 |

### End-of-pass readout (not for earlier edits)

| method                                                | alias-checked joint↑   |   AUROC↑ | expected-answer joint↑   | actual-output lexical joint↑   |   unscored |
|:------------------------------------------------------|:-----------------------|---------:|:-------------------------|:-------------------------------|-----------:|
| [end-pass J-lens](readout.json)                       | 0/4                    |    0.843 | 0/3                      | 0/4                            |          0 |
| [end-pass logit contrast J-lens](readout.json)        | 0/4                    |    0.915 | 0/3                      | 0/4                            |          0 |
| [end-pass probability contrast J-lens](readout.json)  | 0/4                    |    0.571 | 0/3                      | 0/4                            |          0 |
| [end-pass plain24](readout.json)                      | 0/4                    |    0.853 | 0/3                      | 0/4                            |          0 |
| [end-pass logit contrast plain24](readout.json)       | 0/4                    |    0.949 | 0/3                      | 0/4                            |          0 |
| [end-pass probability contrast plain24](readout.json) | 0/4                    |    0.820 | 0/3                      | 0/4                            |          0 |
| [end-pass plain27](readout.json)                      | 0/4                    |    0.820 | 0/3                      | 0/4                            |          0 |
| [end-pass logit contrast plain27](readout.json)       | 0/4                    |    0.900 | 0/3                      | 0/4                            |          0 |
| [end-pass probability contrast plain27](readout.json) | 0/4                    |    0.827 | 0/3                      | 0/4                            |          0 |
| [end-pass negative final control](readout.json)       | 0/4                    |    0.970 | 0/3                      | 0/4                            |          0 |
| [end-pass erased1 J-lens](readout.json)               | 0/4                    |    0.848 | 0/3                      | 0/4                            |          0 |
| [end-pass erased0.5 J-lens](readout.json)             | 0/4                    |    0.840 | 0/3                      | 0/4                            |          0 |
| [end-pass erased1 plain24](readout.json)              | 0/4                    |    0.843 | 0/3                      | 0/4                            |          0 |
| [end-pass erased0.5 plain24](readout.json)            | 0/4                    |    0.846 | 0/3                      | 0/4                            |          0 |
| [end-pass erased1 plain27](readout.json)              | 0/4                    |    0.812 | 0/3                      | 0/4                            |          0 |
| [end-pass erased0.5 plain27](readout.json)            | 0/4                    |    0.816 | 0/3                      | 0/4                            |          0 |



run.md: /workspace/2026/suppressed-activations/out/2026-10-01_142056_jlens-one-pass/run.md
2026-10-01 14:21:07.099 | INFO     | <run_path>:main:904 - Loading pinned model; no input-specific preparation
Loading weights:   0%|          | 0/426 [00:00<?, ?it/s]Loading weights: 100%|██████████| 426/426 [00:00<00:00, 8057.60it/s]
2026-10-01 14:21:11.243 | INFO     | <run_path>:main:1479 - Readout George Orwell: baseline='England<|im_end|>'; ambiguous scoring tokens=[]; canonical_evaluable=True; unscorable_actual_words=[]
2026-10-01 14:21:11.803 | INFO     | <run_path>:main:1479 - Readout Salman Rushdie: baseline='India<|im_end|>'; ambiguous scoring tokens=[]; canonical_evaluable=True; unscorable_actual_words=[]
2026-10-01 14:21:12.570 | INFO     | <run_path>:main:1479 - Readout Cao Xueqin: baseline='China<|im_end|>'; ambiguous scoring tokens=[]; canonical_evaluable=True; unscorable_actual_words=[]
2026-10-01 14:21:13.174 | INFO     | <run_path>:main:1479 - Readout Wu Cheng'en: baseline='China<|im_end|>'; ambiguous scoring tokens=[]; canonical_evaluable=False; unscorable_actual_words=[]

## Fixed-set readout results

Primary joint pass finds a hidden alias and excludes both actual lexical words and predeclared aliases of an observed expected answer. Actual-output lexical-only counts are shown separately. Unscored rows remain in the denominator. Expected-answer columns use frozen alias matching, not human accuracy: a valid unlisted synonym can miss. Neither metric proves internal reasoning.

### Current-layer methods

| method                     | alias-checked joint↑   |   AUROC↑ | expected-answer joint↑   | actual-output lexical joint↑   |   unscored |
|:---------------------------|:-----------------------|---------:|:-------------------------|:-------------------------------|-----------:|
| [J-lens](readout.json)     | 0/4                    |    0.313 | 0/3                      | 0/4                            |          0 |
| [plain lens](readout.json) | 0/4                    |    0.353 | 0/3                      | 0/4                            |          0 |

### End-of-pass readout (not for earlier edits)

| method                                                  | alias-checked joint↑   |   AUROC↑ | expected-answer joint↑   | actual-output lexical joint↑   |   unscored |
|:--------------------------------------------------------|:-----------------------|---------:|:-------------------------|:-------------------------------|-----------:|
| [end-pass J-lens](readout.json)                         | 0/4                    |    0.843 | 0/3                      | 0/4                            |          0 |
| [end-pass logit contrast J-lens](readout.json)          | 0/4                    |    0.915 | 0/3                      | 0/4                            |          0 |
| [end-pass probability contrast J-lens](readout.json)    | 0/4                    |    0.571 | 0/3                      | 0/4                            |          0 |
| [end-pass plain24](readout.json)                        | 0/4                    |    0.853 | 0/3                      | 0/4                            |          0 |
| [end-pass logit contrast plain24](readout.json)         | 0/4                    |    0.949 | 0/3                      | 0/4                            |          0 |
| [end-pass probability contrast plain24](readout.json)   | 0/4                    |    0.820 | 0/3                      | 0/4                            |          0 |
| [end-pass plain27](readout.json)                        | 0/4                    |    0.820 | 0/3                      | 0/4                            |          0 |
| [end-pass logit contrast plain27](readout.json)         | 0/4                    |    0.900 | 0/3                      | 0/4                            |          0 |
| [end-pass probability contrast plain27](readout.json)   | 0/4                    |    0.827 | 0/3                      | 0/4                            |          0 |
| [end-pass negative final control](readout.json)         | 0/4                    |    0.970 | 0/3                      | 0/4                            |          0 |
| [end-pass erased1 J-lens](readout.json)                 | 0/4                    |    0.848 | 0/3                      | 0/4                            |          0 |
| [end-pass erased0.5 J-lens](readout.json)               | 0/4                    |    0.840 | 0/3                      | 0/4                            |          0 |
| [end-pass erased1 plain24](readout.json)                | 0/4                    |    0.843 | 0/3                      | 0/4                            |          0 |
| [end-pass erased0.5 plain24](readout.json)              | 0/4                    |    0.846 | 0/3                      | 0/4                            |          0 |
| [end-pass erased1 plain27](readout.json)                | 0/4                    |    0.812 | 0/3                      | 0/4                            |          0 |
| [end-pass erased0.5 plain27](readout.json)              | 0/4                    |    0.816 | 0/3                      | 0/4                            |          0 |
| [end-pass input-prefix erased0.5 J-lens](readout.json)  | 0/4                    |    0.840 | 0/3                      | 0/4                            |          0 |
| [end-pass input-prefix erased0.5 plain24](readout.json) | 0/4                    |    0.846 | 0/3                      | 0/4                            |          0 |
| [end-pass input-prefix erased0.5 plain27](readout.json) | 0/4                    |    0.816 | 0/3                      | 0/4                            |          0 |
| [end-pass input-prefix J-lens](readout.json)            | 0/4                    |    0.843 | 0/3                      | 0/4                            |          0 |



run.md: /workspace/2026/suppressed-activations/out/2026-10-01_142107_jlens-one-pass/run.md
{
 "stage": "completed",
 "source_sha256": "5324c144a51b9704a4c03125e2eae2a5d1d52b9f5b8be0ba59bb9ad8d41ded5d",
 "manifest_sha256": "7d278f29dde5e817d23c6375534f35217adc309ba90753fbcb13dc2103447cdc",
 "goals_completed": false,
 "capture": "/workspace/2026/suppressed-activations/out/2026-10-01_142056_jlens-one-pass",
 "actual_forwards": 8,
 "generated_tokens": 8,
 "replay": "/workspace/2026/suppressed-activations/out/2026-10-01_142107_jlens-one-pass",
 "original_rows_exact": 72,
 "candidate_rows": 16,
 "rescore_forward_calls": 0,
 "elapsed_seconds": 24.481258898973465,
 "peak_allocated_gib": 8.079387187957764,
 "semantic_review_pending": true
}
| Method                                  | Lexical joint   |   Alias AUROC |   AUROC n |   Expected matches /4 |
|:----------------------------------------|:----------------|--------------:|----------:|----------------------:|
| end-pass input-prefix erased0.5 J-lens  | 0/4             |        0.8404 |         4 |                     3 |
| end-pass input-prefix erased0.5 plain24 | 0/4             |        0.8460 |         4 |                     3 |
| end-pass input-prefix erased0.5 plain27 | 0/4             |        0.8163 |         4 |                     3 |
| end-pass input-prefix J-lens            | 0/4             |        0.8429 |         4 |                     3 |
run.md: /workspace/2026/suppressed-activations/out/2026-10-01_142049_person-pairs-readout/run.md
