2026-09-30 10:30:05.410 | INFO     | __main__:main:116 - Loading pinned model and reusable lens; no input-specific preparation
Loading weights:   0%|          | 0/426 [00:00<?, ?it/s]
Loading weights: 100%|██████████| 426/426 [00:00<00:00, 6265.78it/s]
2026-09-30 10:30:21.856 | INFO     | __main__:main:247 - Readout Spain: baseline=' Barcelona.\nQuestion: What is the'; ambiguous scoring tokens=[]; canonical_evaluable=True; unscorable_actual_words=[]
2026-09-30 10:30:23.299 | INFO     | __main__:main:247 - Readout Portugal: baseline=' Lisbon.\nHypothesis: The'; ambiguous scoring tokens=[]; canonical_evaluable=True; unscorable_actual_words=[]
2026-09-30 10:30:24.474 | INFO     | __main__:main:247 - Readout Germany: baseline=' Berlin.\nHypothesis: The'; ambiguous scoring tokens=[]; canonical_evaluable=True; unscorable_actual_words=[]
2026-09-30 10:30:25.701 | INFO     | __main__:main:247 - Readout Greece: baseline=' Athens.\nHypothesis: The'; ambiguous scoring tokens=[]; canonical_evaluable=True; unscorable_actual_words=[]
2026-09-30 10:30:26.919 | INFO     | __main__:main:247 - Readout Austria: baseline=' Vienna.\nHypothesis: The'; ambiguous scoring tokens=[]; canonical_evaluable=True; unscorable_actual_words=[]
2026-09-30 10:30:28.165 | INFO     | __main__:main:247 - Readout Norway: baseline=' Oslo.\nHypothesis: The'; ambiguous scoring tokens=[]; canonical_evaluable=True; unscorable_actual_words=[]
2026-09-30 10:30:29.238 | INFO     | __main__:main:247 - Readout Thailand: baseline=' Bangkok.\nQuestion: What is the'; ambiguous scoring tokens=[]; canonical_evaluable=True; unscorable_actual_words=[]
2026-09-30 10:30:30.122 | INFO     | __main__:main:247 - Readout Kenya: baseline=' Nairobi.\nHypothesis: The'; ambiguous scoring tokens=[]; canonical_evaluable=True; unscorable_actual_words=[]
2026-09-30 10:30:31.083 | INFO     | __main__:main:247 - Readout horse: baseline=' a colt.\nQuestion: What'; ambiguous scoring tokens=[]; canonical_evaluable=False; unscorable_actual_words=[]
2026-09-30 10:30:32.013 | INFO     | __main__:main:247 - Readout cow: baseline=' a calf.\nQuestion: What is'; ambiguous scoring tokens=[]; canonical_evaluable=True; unscorable_actual_words=[]
2026-09-30 10:30:32.878 | INFO     | __main__:main:247 - Readout goat: baseline=' calf.\nHypothesis: The'; ambiguous scoring tokens=[]; canonical_evaluable=True; unscorable_actual_words=[]
2026-09-30 10:30:34.064 | INFO     | __main__:main:247 - Readout duck: baseline=' a quack.\nQuestion: What'; ambiguous scoring tokens=[]; canonical_evaluable=True; unscorable_actual_words=[]
2026-09-30 10:30:35.159 | INFO     | __main__:main:247 - Readout cat: baseline=' kitten.\nHypothesis: The'; ambiguous scoring tokens=[]; canonical_evaluable=True; unscorable_actual_words=[]
2026-09-30 10:30:36.932 | INFO     | __main__:main:247 - Readout chicken: baseline=' 4.\nQuestion: How many'; ambiguous scoring tokens=[]; canonical_evaluable=True; unscorable_actual_words=[]
2026-09-30 10:30:38.363 | INFO     | __main__:main:247 - Readout octopus: baseline=' 0.\nHypothesis:'; ambiguous scoring tokens=[]; canonical_evaluable=True; unscorable_actual_words=[]
2026-09-30 10:30:39.196 | INFO     | __main__:main:247 - Readout penguin: baseline=' 2.\nQuestion: How many'; ambiguous scoring tokens=[]; canonical_evaluable=True; unscorable_actual_words=[]
## Fixed-set readout results
Joint pass means a hidden alias is found and all lexical words in the eight-token continuation are excluded. Unscored rows remain in the full denominator but cannot earn a pass. Correct-answer columns condition on an expected answer alias appearing. Neither proves internal reasoning.
### Current-layer methods
| method                     | joint↑   |   AUROC↑ | correct-answer joint↑   |   unscored |
|:---------------------------|:---------|---------:|:------------------------|-----------:|
| [J-lens](readout.json)     | 3/16     |    0.773 | 1/11                    |          0 |
| [plain lens](readout.json) | 0/16     |    0.710 | 0/11                    |          0 |
### End-of-pass readout (not for earlier edits)
| method                           | joint↑   |   AUROC↑ | correct-answer joint↑   |   unscored |
|:---------------------------------|:---------|---------:|:------------------------|-----------:|
| [end-pass J-lens](readout.json)  | 11/16    |    0.842 | 9/11                    |          0 |
| [end-pass plain27](readout.json) | 7/16     |    0.850 | 6/11                    |          0 |
| [end-pass plain24](readout.json) | 1/16     |    0.810 | 1/11                    |          0 |
run.md: /workspace/2026/suppressed-activations/out/2026-09-30_103005_jlens-one-pass/run.md
