[pq] task 2799: last 134 of 134 clean lines -- /home/code/.local/share/pueue/task_logs/2799.log
{"master": "/workspace/2026/suppressed-activations/out/2026-10-02_165038_pair-canada_australia"}
2026-10-02 16:50:42.779 | INFO     | <run_path>:main:996 - Loading pinned model; no input-specific preparation
Loading weights:   0%|          | 0/426 [00:00<?, ?it/s]
Loading weights: 100%|██████████| 426/426 [00:00<00:00, 9426.70it/s]
2026-10-02 16:50:47.268 | INFO     | <run_path>:main:1801 - Raw J direction norms (' Canada', ' Australia'): [3.13700532913208, 3.333883762359619]
2026-10-02 16:50:54.138 | INFO     | <run_path>:main:2080 - Base: 'Ottawa; CAD<|im_end|>'; p(first='O')=0.973, p(first='Can')=0.000
2026-10-02 16:50:54.571 | INFO     | <run_path>:main:2080 - raw J-coordinate exchange: 'Canberra; AUD<|im_end|>'; p(first='O')=0.013, p(first='Can')=0.444
2026-10-02 16:50:54.950 | INFO     | <run_path>:main:2080 - raw plain-coordinate exchange: 'Ottawa; CAD<|im_end|>'; p(first='O')=0.973, p(first='Can')=0.000
2026-10-02 16:50:55.351 | INFO     | <run_path>:main:2080 - matched-random delta: 'Ottawa; CAD<|im_end|>'; p(first='O')=0.961, p(first='Can')=0.000
No standalone readout benchmark in this intervention run.
| condition                     |   answer_log_odds_shift |   p(first='Can') |   p(first='O') |   first_token_pair_mass |   r2 |
|:------------------------------|------------------------:|-----------------:|---------------:|------------------------:|-----:|
| Base                          |            -1.32248e-07 |      4.15152e-05 |      0.97341   |                0.973451 |    0 |
| raw J-coordinate exchange     |            13.5625      |      0.444097    |      0.0134106 |                0.457508 |    0 |
| raw plain-coordinate exchange |             0.0624999   |      4.41667e-05 |      0.972835  |                0.97288  |    0 |
| matched-random delta          |             0.4375      |      6.34781e-05 |      0.960967  |                0.96103  |    0 |
run.md: /workspace/2026/suppressed-activations/out/2026-10-02_165042_chat-causal-0/run.md
2026-10-02 16:50:55.567 | INFO     | <run_path>:main:996 - Loading pinned model; no input-specific preparation
Loading weights:   0%|          | 0/426 [00:00<?, ?it/s]
Loading weights: 100%|██████████| 426/426 [00:00<00:00, 8362.81it/s]
2026-10-02 16:51:04.535 | INFO     | <run_path>:main:1801 - Raw J direction norms (' Canada', ' Australia'): [3.13700532913208, 3.333883762359619]
2026-10-02 16:51:04.924 | INFO     | <run_path>:main:2080 - Base: 'Canberra; AUD<|im_end|>'; p(first='O')=0.000, p(first='Can')=0.688
2026-10-02 16:51:05.322 | INFO     | <run_path>:main:2080 - raw J-coordinate exchange: 'Ottawa; CAD<|im_end|>'; p(first='O')=0.985, p(first='Can')=0.000
2026-10-02 16:51:05.657 | INFO     | <run_path>:main:2080 - raw plain-coordinate exchange: 'Canberra; AUD<|im_end|>'; p(first='O')=0.000, p(first='Can')=0.687
2026-10-02 16:51:05.962 | INFO     | <run_path>:main:2080 - matched-random delta: 'Canberra; AUD<|im_end|>'; p(first='O')=0.000, p(first='Can')=0.631
No standalone readout benchmark in this intervention run.
| condition                     |   answer_log_odds_shift |   p(first='Can') |   p(first='O') |   first_token_pair_mass |   r2 |
|:------------------------------|------------------------:|-----------------:|---------------:|------------------------:|-----:|
| Base                          |                  0      |      0.688116    |    9.03972e-05 |                0.688207 |    0 |
| raw J-coordinate exchange     |                -18.5625 |      6.50783e-05 |    0.985191    |                0.985256 |    0 |
| raw plain-coordinate exchange |                 -0.1875 |      0.68697     |    0.000108858 |                0.687079 |    0 |
| matched-random delta          |                 -0.625  |      0.631151    |    0.000154903 |                0.631306 |    0 |
run.md: /workspace/2026/suppressed-activations/out/2026-10-02_165055_chat-causal-1/run.md
2026-10-02 16:51:06.176 | INFO     | <run_path>:main:996 - Loading pinned model; no input-specific preparation
Loading weights:   0%|          | 0/426 [00:00<?, ?it/s]
Loading weights: 100%|██████████| 426/426 [00:00<00:00, 8094.36it/s]
2026-10-02 16:51:09.996 | INFO     | <run_path>:main:1801 - Raw J direction norms (' Canada', ' Australia'): [3.13700532913208, 3.333883762359619]
2026-10-02 16:51:10.405 | INFO     | <run_path>:main:2080 - Base: '4; even<|im_end|>'; p(first='O')=0.000, p(first='Can')=0.000
2026-10-02 16:51:10.753 | INFO     | <run_path>:main:2080 - raw J-coordinate exchange: '4; even<|im_end|>'; p(first='O')=0.000, p(first='Can')=0.000
2026-10-02 16:51:11.052 | INFO     | <run_path>:main:2080 - raw plain-coordinate exchange: '4; even<|im_end|>'; p(first='O')=0.000, p(first='Can')=0.000
2026-10-02 16:51:11.348 | INFO     | <run_path>:main:2080 - matched-random delta: '4; even<|im_end|>'; p(first='O')=0.000, p(first='Can')=0.000
No standalone readout benchmark in this intervention run.
| condition                     |   answer_log_odds_shift |   p(first='Can') |   p(first='O') |   first_token_pair_mass |   r2 |
|:------------------------------|------------------------:|-----------------:|---------------:|------------------------:|-----:|
| Base                          |                0        |      5.26999e-08 |    1.62327e-07 |             2.15027e-07 |    0 |
| raw J-coordinate exchange     |               -0.249999 |      3.35719e-08 |    1.32779e-07 |             1.66351e-07 |    0 |
| raw plain-coordinate exchange |               -0.250001 |      3.91141e-08 |    1.547e-07   |             1.93814e-07 |    0 |
| matched-random delta          |                0.093749 |      6.85156e-08 |    1.92157e-07 |             2.60673e-07 |    0 |
run.md: /workspace/2026/suppressed-activations/out/2026-10-02_165106_chat-causal-2/run.md
{
 "stage": "completed",
 "source_sha256": "a2bde1d07e97fc8a7942808c92e74b49bdb5b726932cd5e094b4291b0e6f22af",
 "manifest_sha256": "1c8a83183fe11f2f3f11081925e6b1b68d7afd596fc65a38fce79bcd041d6799",
 "case_runs": [
  {
   "case": {
    "name": "Canada_to_Australia",
    "relation": "country_properties",
    "reverse": false,
    "user_content": "For the country containing Toronto, give its capital and three-letter currency code. Reply only as '<capital>; <currency code>'.",
    "base_expected": [
     "Ottawa",
     "CAD"
    ],
    "edited_expected": [
     "Canberra",
     "AUD"
    ]
   },
   "run": "/workspace/2026/suppressed-activations/out/2026-10-02_165042_chat-causal-0",
   "forward_calls": 23
  },
  {
   "case": {
    "name": "Australia_to_Canada",
    "relation": "country_properties",
    "reverse": true,
    "user_content": "For the country containing Sydney, give its capital and three-letter currency code. Reply only as '<capital>; <currency code>'.",
    "base_expected": [
     "Canberra",
     "AUD"
    ],
    "edited_expected": [
     "Ottawa",
     "CAD"
    ]
   },
   "run": "/workspace/2026/suppressed-activations/out/2026-10-02_165055_chat-causal-1",
   "forward_calls": 21
  },
  {
   "case": {
    "name": "arithmetic_control",
    "relation": "arithmetic_control",
    "reverse": false,
    "user_content": "A visitor from Toronto is nearby. What is 2 + 2, and is that sum odd or even? Reply only as '<sum>; <odd or even>'.",
    "base_expected": [
     "4",
     "even"
    ],
    "edited_expected": [
     "4",
     "even"
    ]
   },
   "run": "/workspace/2026/suppressed-activations/out/2026-10-02_165106_chat-causal-2",
   "forward_calls": 16
  }
 ],
 "goals_completed": false,
 "raw_coordinate_exchange": true,
 "reference_master": null,
 "generic_prefills": 0,
 "actual_forwards": 60,
 "generated_tokens": 60,
 "elapsed_seconds": 33.00687323301099,
 "peak_allocated_gib": 8.113467693328857,
 "semantic_review_pending": true
}
| Case / condition                                   | Observed text   | Expected properties   |   Tokens |   First-token 'O'→'Can' log-odds shift |   First-token pair mass |     r2 | Full log                                                                          |
|:---------------------------------------------------|:----------------|:----------------------|---------:|---------------------------------------:|------------------------:|-------:|:----------------------------------------------------------------------------------|
| Canada_to_Australia: Base                          | Ottawa; CAD     | Ottawa; CAD           |        6 |                                -0.0000 |                  0.9735 | 0.0000 | /workspace/2026/suppressed-activations/out/2026-10-02_165042_chat-causal-0/run.md |
| Canada_to_Australia: raw J-coordinate exchange     | Canberra; AUD   | Canberra; AUD         |        5 |                                13.5625 |                  0.4575 | 0.0000 | /workspace/2026/suppressed-activations/out/2026-10-02_165042_chat-causal-0/run.md |
| Canada_to_Australia: raw plain-coordinate exchange | Ottawa; CAD     | Canberra; AUD         |        6 |                                 0.0625 |                  0.9729 | 0.0000 | /workspace/2026/suppressed-activations/out/2026-10-02_165042_chat-causal-0/run.md |
| Canada_to_Australia: matched-random delta          | Ottawa; CAD     | Ottawa; CAD           |        6 |                                 0.4375 |                  0.9610 | 0.0000 | /workspace/2026/suppressed-activations/out/2026-10-02_165042_chat-causal-0/run.md |
| Australia_to_Canada: Base                          | Canberra; AUD   | Canberra; AUD         |        5 |                                 0.0000 |                  0.6882 | 0.0000 | /workspace/2026/suppressed-activations/out/2026-10-02_165055_chat-causal-1/run.md |
| Australia_to_Canada: raw J-coordinate exchange     | Ottawa; CAD     | Ottawa; CAD           |        6 |                               -18.5625 |                  0.9853 | 0.0000 | /workspace/2026/suppressed-activations/out/2026-10-02_165055_chat-causal-1/run.md |
| Australia_to_Canada: raw plain-coordinate exchange | Canberra; AUD   | Ottawa; CAD           |        5 |                                -0.1875 |                  0.6871 | 0.0000 | /workspace/2026/suppressed-activations/out/2026-10-02_165055_chat-causal-1/run.md |
| Australia_to_Canada: matched-random delta          | Canberra; AUD   | Canberra; AUD         |        5 |                                -0.6250 |                  0.6313 | 0.0000 | /workspace/2026/suppressed-activations/out/2026-10-02_165055_chat-causal-1/run.md |
| arithmetic_control: Base                           | 4; even         | 4; even               |        4 |                                 0.0000 |                  0.0000 | 0.0000 | /workspace/2026/suppressed-activations/out/2026-10-02_165106_chat-causal-2/run.md |
| arithmetic_control: raw J-coordinate exchange      | 4; even         | 4; even               |        4 |                                -0.2500 |                  0.0000 | 0.0000 | /workspace/2026/suppressed-activations/out/2026-10-02_165106_chat-causal-2/run.md |
| arithmetic_control: raw plain-coordinate exchange  | 4; even         | 4; even               |        4 |                                -0.2500 |                  0.0000 | 0.0000 | /workspace/2026/suppressed-activations/out/2026-10-02_165106_chat-causal-2/run.md |
| arithmetic_control: matched-random delta           | 4; even         | 4; even               |        4 |                                 0.0937 |                  0.0000 | 0.0000 | /workspace/2026/suppressed-activations/out/2026-10-02_165106_chat-causal-2/run.md |
run.md: /workspace/2026/suppressed-activations/out/2026-10-02_165038_pair-canada_australia/run.md
