[pq] task 2839: last 134 of 134 clean lines -- /home/code/.local/share/pueue/task_logs/2839.log
{"master": "/workspace/2026/suppressed-activations/out/2026-10-02_224301_pair2-france_india"}
2026-10-02 22:43:03.763 | INFO     | <run_path>:main:996 - Loading pinned model; no input-specific preparation
Loading weights:   0%|          | 0/426 [00:00<?, ?it/s]
Loading weights: 100%|██████████| 426/426 [00:00<00:00, 9042.33it/s]
2026-10-02 22:43:07.799 | INFO     | <run_path>:main:1801 - Raw J direction norms (' France', ' India'): [3.117286205291748, 3.191875457763672]
2026-10-02 22:43:09.032 | INFO     | <run_path>:main:2080 - Base: 'Europe; EUR<|im_end|>'; p(first='Europe')=0.898, p(first='Asia')=0.000
2026-10-02 22:43:09.430 | INFO     | <run_path>:main:2080 - raw J-coordinate exchange: 'Asia; INR<|im_end|>'; p(first='Europe')=0.006, p(first='Asia')=0.449
2026-10-02 22:43:09.741 | INFO     | <run_path>:main:2080 - raw plain-coordinate exchange: 'Europe; EUR<|im_end|>'; p(first='Europe')=0.888, p(first='Asia')=0.000
2026-10-02 22:43:10.060 | INFO     | <run_path>:main:2080 - matched-random delta: 'Europe; EUR<|im_end|>'; p(first='Europe')=0.847, p(first='Asia')=0.000
No standalone readout benchmark in this intervention run.
| condition                     |   answer_log_odds_shift |   p(first='Asia') |   p(first='Europe') |   first_token_pair_mass |   r2 |
|:------------------------------|------------------------:|------------------:|--------------------:|------------------------:|-----:|
| Base                          |             2.83122e-07 |       2.98304e-05 |          0.898091   |                0.898121 |    0 |
| raw J-coordinate exchange     |            14.5625      |       0.448727    |          0.00640075 |                0.455128 |    0 |
| raw plain-coordinate exchange |            -0.0624997   |       2.77122e-05 |          0.888129   |                0.888157 |    0 |
| matched-random delta          |             2.83122e-07 |       2.81369e-05 |          0.847106   |                0.847134 |    0 |
run.md: /workspace/2026/suppressed-activations/out/2026-10-02_224303_chat-causal-0/run.md
2026-10-02 22:43:10.338 | INFO     | <run_path>:main:996 - Loading pinned model; no input-specific preparation
Loading weights:   0%|          | 0/426 [00:00<?, ?it/s]
Loading weights: 100%|██████████| 426/426 [00:00<00:00, 7049.42it/s]
2026-10-02 22:43:13.755 | INFO     | <run_path>:main:1801 - Raw J direction norms (' France', ' India'): [3.117286205291748, 3.191875457763672]
2026-10-02 22:43:14.164 | INFO     | <run_path>:main:2080 - Base: 'Asia; INR<|im_end|>'; p(first='Europe')=0.001, p(first='Asia')=0.835
2026-10-02 22:43:14.449 | INFO     | <run_path>:main:2080 - raw J-coordinate exchange: 'Europe; EUR<|im_end|>'; p(first='Europe')=0.972, p(first='Asia')=0.000
2026-10-02 22:43:14.793 | INFO     | <run_path>:main:2080 - raw plain-coordinate exchange: 'Asia; INR<|im_end|>'; p(first='Europe')=0.002, p(first='Asia')=0.815
2026-10-02 22:43:15.155 | INFO     | <run_path>:main:2080 - matched-random delta: 'Asia; INR<|im_end|>'; p(first='Europe')=0.001, p(first='Asia')=0.805
No standalone readout benchmark in this intervention run.
| condition                     |   answer_log_odds_shift |   p(first='Asia') |   p(first='Europe') |   first_token_pair_mass |   r2 |
|:------------------------------|------------------------:|------------------:|--------------------:|------------------------:|-----:|
| Base                          |                  0      |       0.834732    |         0.00104041  |                0.835773 |    0 |
| raw J-coordinate exchange     |                -15.3125 |       0.000174556 |         0.97213     |                0.972304 |    0 |
| raw plain-coordinate exchange |                 -0.4375 |       0.815182    |         0.00157367  |                0.816756 |    0 |
| matched-random delta          |                  0.3125 |       0.804905    |         0.000733978 |                0.805639 |    0 |
run.md: /workspace/2026/suppressed-activations/out/2026-10-02_224310_chat-causal-1/run.md
2026-10-02 22:43:15.397 | INFO     | <run_path>:main:996 - Loading pinned model; no input-specific preparation
Loading weights:   0%|          | 0/426 [00:00<?, ?it/s]
Loading weights: 100%|██████████| 426/426 [00:00<00:00, 8451.94it/s]
2026-10-02 22:43:18.867 | INFO     | <run_path>:main:1801 - Raw J direction norms (' France', ' India'): [3.117286205291748, 3.191875457763672]
2026-10-02 22:43:19.234 | INFO     | <run_path>:main:2080 - Base: '4; even<|im_end|>'; p(first='Europe')=0.000, p(first='Asia')=0.000
2026-10-02 22:43:19.556 | INFO     | <run_path>:main:2080 - raw J-coordinate exchange: '4; even<|im_end|>'; p(first='Europe')=0.000, p(first='Asia')=0.000
2026-10-02 22:43:19.844 | INFO     | <run_path>:main:2080 - raw plain-coordinate exchange: '4; even<|im_end|>'; p(first='Europe')=0.000, p(first='Asia')=0.000
2026-10-02 22:43:20.122 | INFO     | <run_path>:main:2080 - matched-random delta: '4; even<|im_end|>'; p(first='Europe')=0.000, p(first='Asia')=0.000
No standalone readout benchmark in this intervention run.
| condition                     |   answer_log_odds_shift |   p(first='Asia') |   p(first='Europe') |   first_token_pair_mass |   r2 |
|:------------------------------|------------------------:|------------------:|--------------------:|------------------------:|-----:|
| Base                          |                0        |       1.51859e-09 |         1.48653e-08 |             1.63839e-08 |    0 |
| raw J-coordinate exchange     |                0.75     |       2.35345e-09 |         1.08822e-08 |             1.32357e-08 |    0 |
| raw plain-coordinate exchange |                0.046875 |       1.785e-09   |         1.6673e-08  |             1.8458e-08  |    0 |
| matched-random delta          |               -0.03125  |       1.59798e-09 |         1.6139e-08  |             1.7737e-08  |    0 |
run.md: /workspace/2026/suppressed-activations/out/2026-10-02_224315_chat-causal-2/run.md
{
 "stage": "completed",
 "source_sha256": "a2bde1d07e97fc8a7942808c92e74b49bdb5b726932cd5e094b4291b0e6f22af",
 "manifest_sha256": "9bce37ea4f142bd7f619c8f87001e348464082778e69adfd0d6e827982207c2d",
 "case_runs": [
  {
   "case": {
    "name": "France_to_India",
    "relation": "country_properties",
    "reverse": false,
    "user_content": "Which continent is the country with the city of Lyon on, and what is that country's three-letter currency code? Reply only as '<continent>; <currency code>'.",
    "base_expected": [
     "Europe",
     "EUR"
    ],
    "edited_expected": [
     "Asia",
     "INR"
    ]
   },
   "run": "/workspace/2026/suppressed-activations/out/2026-10-02_224303_chat-causal-0",
   "forward_calls": 17
  },
  {
   "case": {
    "name": "India_to_France",
    "relation": "country_properties",
    "reverse": true,
    "user_content": "Which continent is the country with the city of Mumbai on, and what is that country's three-letter currency code? Reply only as '<continent>; <currency code>'.",
    "base_expected": [
     "Asia",
     "INR"
    ],
    "edited_expected": [
     "Europe",
     "EUR"
    ]
   },
   "run": "/workspace/2026/suppressed-activations/out/2026-10-02_224310_chat-causal-1",
   "forward_calls": 19
  },
  {
   "case": {
    "name": "arithmetic_control",
    "relation": "arithmetic_control",
    "reverse": false,
    "user_content": "Someone from Lyon asks: what is 2 + 2, and is that sum odd or even? Reply only as '<sum>; <odd or even>'.",
    "base_expected": [
     "4",
     "even"
    ],
    "edited_expected": [
     "4",
     "even"
    ]
   },
   "run": "/workspace/2026/suppressed-activations/out/2026-10-02_224315_chat-causal-2",
   "forward_calls": 16
  }
 ],
 "goals_completed": false,
 "raw_coordinate_exchange": true,
 "reference_master": null,
 "generic_prefills": 0,
 "actual_forwards": 52,
 "generated_tokens": 52,
 "elapsed_seconds": 18.34754131291993,
 "peak_allocated_gib": 8.113393783569336,
 "semantic_review_pending": true
}
| Case / condition                                  | Observed text   | Expected properties   |   Tokens |   First-token 'Europe'→'Asia' log-odds shift |   First-token pair mass |     r2 | Full log                                                                          |
|:--------------------------------------------------|:----------------|:----------------------|---------:|---------------------------------------------:|------------------------:|-------:|:----------------------------------------------------------------------------------|
| France_to_India: Base                             | Europe; EUR     | Europe; EUR           |        4 |                                       0.0000 |                  0.8981 | 0.0000 | /workspace/2026/suppressed-activations/out/2026-10-02_224303_chat-causal-0/run.md |
| France_to_India: raw J-coordinate exchange        | Asia; INR       | Asia; INR             |        5 |                                      14.5625 |                  0.4551 | 0.0000 | /workspace/2026/suppressed-activations/out/2026-10-02_224303_chat-causal-0/run.md |
| France_to_India: raw plain-coordinate exchange    | Europe; EUR     | Asia; INR             |        4 |                                      -0.0625 |                  0.8882 | 0.0000 | /workspace/2026/suppressed-activations/out/2026-10-02_224303_chat-causal-0/run.md |
| France_to_India: matched-random delta             | Europe; EUR     | Europe; EUR           |        4 |                                       0.0000 |                  0.8471 | 0.0000 | /workspace/2026/suppressed-activations/out/2026-10-02_224303_chat-causal-0/run.md |
| India_to_France: Base                             | Asia; INR       | Asia; INR             |        5 |                                       0.0000 |                  0.8358 | 0.0000 | /workspace/2026/suppressed-activations/out/2026-10-02_224310_chat-causal-1/run.md |
| India_to_France: raw J-coordinate exchange        | Europe; EUR     | Europe; EUR           |        4 |                                     -15.3125 |                  0.9723 | 0.0000 | /workspace/2026/suppressed-activations/out/2026-10-02_224310_chat-causal-1/run.md |
| India_to_France: raw plain-coordinate exchange    | Asia; INR       | Europe; EUR           |        5 |                                      -0.4375 |                  0.8168 | 0.0000 | /workspace/2026/suppressed-activations/out/2026-10-02_224310_chat-causal-1/run.md |
| India_to_France: matched-random delta             | Asia; INR       | Asia; INR             |        5 |                                       0.3125 |                  0.8056 | 0.0000 | /workspace/2026/suppressed-activations/out/2026-10-02_224310_chat-causal-1/run.md |
| arithmetic_control: Base                          | 4; even         | 4; even               |        4 |                                       0.0000 |                  0.0000 | 0.0000 | /workspace/2026/suppressed-activations/out/2026-10-02_224315_chat-causal-2/run.md |
| arithmetic_control: raw J-coordinate exchange     | 4; even         | 4; even               |        4 |                                       0.7500 |                  0.0000 | 0.0000 | /workspace/2026/suppressed-activations/out/2026-10-02_224315_chat-causal-2/run.md |
| arithmetic_control: raw plain-coordinate exchange | 4; even         | 4; even               |        4 |                                       0.0469 |                  0.0000 | 0.0000 | /workspace/2026/suppressed-activations/out/2026-10-02_224315_chat-causal-2/run.md |
| arithmetic_control: matched-random delta          | 4; even         | 4; even               |        4 |                                      -0.0312 |                  0.0000 | 0.0000 | /workspace/2026/suppressed-activations/out/2026-10-02_224315_chat-causal-2/run.md |
run.md: /workspace/2026/suppressed-activations/out/2026-10-02_224301_pair2-france_india/run.md
