[pq] task 2739: last 134 of 134 clean lines -- /home/code/.local/share/pueue/task_logs/2739.log
{"master": "/workspace/2026/suppressed-activations/out/2026-10-02_154601_allpos-coordinate-joint"}
2026-10-02 15:46:04.538 | INFO     | <run_path>:main:996 - Loading pinned model; no input-specific preparation
Loading weights:   0%|          | 0/426 [00:00<?, ?it/s]
Loading weights: 100%|██████████| 426/426 [00:00<00:00, 10197.43it/s]
2026-10-02 15:46:09.740 | INFO     | <run_path>:main:1801 - Raw J direction norms (' Sweden', ' Japan'): [2.8271236419677734, 3.1703248023986816]
2026-10-02 15:46:13.534 | INFO     | <run_path>:main:2080 - Base: 'Stockholm; SEK<|im_end|>'; p(first='Stock')=0.804, p(first='Tok')=0.000
2026-10-02 15:46:13.979 | INFO     | <run_path>:main:2080 - raw J-coordinate exchange: 'Tokyo; JPY<|im_end|>'; p(first='Stock')=0.000, p(first='Tok')=0.991
2026-10-02 15:46:14.393 | INFO     | <run_path>:main:2080 - raw plain-coordinate exchange: 'Stockholm; SEK<|im_end|>'; p(first='Stock')=0.804, p(first='Tok')=0.000
2026-10-02 15:46:14.764 | INFO     | <run_path>:main:2080 - matched-random delta: 'Stockholm; SEK<|im_end|>'; p(first='Stock')=0.817, p(first='Tok')=0.000
No standalone readout benchmark in this intervention run.
| condition                     |   answer_log_odds_shift |   p(first='Tok') |   p(first='Stock') |   first_token_pair_mass |   r2 |
|:------------------------------|------------------------:|-----------------:|-------------------:|------------------------:|-----:|
| Base                          |            -1.93715e-07 |      2.81536e-06 |        0.804189    |                0.804191 |    0 |
| raw J-coordinate exchange     |            27.25        |      0.991324    |        4.14491e-07 |                0.991324 |    0 |
| raw plain-coordinate exchange |             0.0624998   |      2.99459e-06 |        0.80356     |                0.803563 |    0 |
| matched-random delta          |             0.25        |      3.67193e-06 |        0.816855    |                0.816858 |    0 |
run.md: /workspace/2026/suppressed-activations/out/2026-10-02_154604_chat-causal-0/run.md
2026-10-02 15:46:15.050 | INFO     | <run_path>:main:996 - Loading pinned model; no input-specific preparation
Loading weights:   0%|          | 0/426 [00:00<?, ?it/s]
Loading weights: 100%|██████████| 426/426 [00:00<00:00, 6479.29it/s]
2026-10-02 15:46:22.484 | INFO     | <run_path>:main:1801 - Raw J direction norms (' Sweden', ' Japan'): [2.8271236419677734, 3.1703248023986816]
2026-10-02 15:46:22.913 | INFO     | <run_path>:main:2080 - Base: 'Tokyo; JPY<|im_end|>'; p(first='Stock')=0.000, p(first='Tok')=0.988
2026-10-02 15:46:23.321 | INFO     | <run_path>:main:2080 - raw J-coordinate exchange: 'Tokyo; JPY<|im_end|>'; p(first='Stock')=0.000, p(first='Tok')=0.953
2026-10-02 15:46:23.765 | INFO     | <run_path>:main:2080 - raw plain-coordinate exchange: 'Tokyo; JPY<|im_end|>'; p(first='Stock')=0.000, p(first='Tok')=0.988
2026-10-02 15:46:24.244 | INFO     | <run_path>:main:2080 - matched-random delta: 'Tokyo; JPY<|im_end|>'; p(first='Stock')=0.000, p(first='Tok')=0.987
No standalone readout benchmark in this intervention run.
| condition                     |   answer_log_odds_shift |   p(first='Tok') |   p(first='Stock') |   first_token_pair_mass |   r2 |
|:------------------------------|------------------------:|-----------------:|-------------------:|------------------------:|-----:|
| Base                          |                   0     |         0.987861 |        4.39682e-07 |                0.987861 |    0 |
| raw J-coordinate exchange     |                  -3     |         0.952846 |        8.51822e-06 |                0.952854 |    0 |
| raw plain-coordinate exchange |                   0     |         0.987804 |        4.39657e-07 |                0.987805 |    0 |
| matched-random delta          |                  -0.125 |         0.987013 |        4.97798e-07 |                0.987014 |    0 |
run.md: /workspace/2026/suppressed-activations/out/2026-10-02_154615_chat-causal-1/run.md
2026-10-02 15:46:24.589 | INFO     | <run_path>:main:996 - Loading pinned model; no input-specific preparation
Loading weights:   0%|          | 0/426 [00:00<?, ?it/s]
Loading weights: 100%|██████████| 426/426 [00:00<00:00, 7766.08it/s]
2026-10-02 15:46:47.151 | INFO     | <run_path>:main:1801 - Raw J direction norms (' Sweden', ' Japan'): [2.8271236419677734, 3.1703248023986816]
2026-10-02 15:46:47.547 | INFO     | <run_path>:main:2080 - Base: '4; even<|im_end|>'; p(first='Stock')=0.000, p(first='Tok')=0.000
2026-10-02 15:46:47.889 | INFO     | <run_path>:main:2080 - raw J-coordinate exchange: '4; even<|im_end|>'; p(first='Stock')=0.000, p(first='Tok')=0.000
2026-10-02 15:46:48.208 | INFO     | <run_path>:main:2080 - raw plain-coordinate exchange: '4; even<|im_end|>'; p(first='Stock')=0.000, p(first='Tok')=0.000
2026-10-02 15:46:48.583 | INFO     | <run_path>:main:2080 - matched-random delta: '4; even<|im_end|>'; p(first='Stock')=0.000, p(first='Tok')=0.000
No standalone readout benchmark in this intervention run.
| condition                     |   answer_log_odds_shift |   p(first='Tok') |   p(first='Stock') |   first_token_pair_mass |   r2 |
|:------------------------------|------------------------:|-----------------:|-------------------:|------------------------:|-----:|
| Base                          |                0        |      2.57153e-10 |        4.92854e-09 |             5.18569e-09 |    0 |
| raw J-coordinate exchange     |                1.09375  |      5.11171e-10 |        3.28157e-09 |             3.79274e-09 |    0 |
| raw plain-coordinate exchange |                0.03125  |      2.65242e-10 |        4.92717e-09 |             5.19241e-09 |    0 |
| matched-random delta          |                0.171875 |      3.04964e-10 |        4.92187e-09 |             5.22683e-09 |    0 |
run.md: /workspace/2026/suppressed-activations/out/2026-10-02_154624_chat-causal-2/run.md
{
 "stage": "completed",
 "source_sha256": "a2bde1d07e97fc8a7942808c92e74b49bdb5b726932cd5e094b4291b0e6f22af",
 "manifest_sha256": "fcb795ad688ecc9dbb296936c5517c56ca40b9a5799b381845ddca907d0eb992",
 "case_runs": [
  {
   "case": {
    "name": "Sweden_to_Japan",
    "relation": "country_properties",
    "reverse": false,
    "user_content": "For the country containing Gothenburg, give its capital and three-letter currency code. Reply only as '<capital>; <currency code>'.",
    "base_expected": [
     "Stockholm",
     "SEK"
    ],
    "edited_expected": [
     "Tokyo",
     "JPY"
    ]
   },
   "run": "/workspace/2026/suppressed-activations/out/2026-10-02_154604_chat-causal-0",
   "forward_calls": 21
  },
  {
   "case": {
    "name": "Japan_to_Sweden",
    "relation": "country_properties",
    "reverse": true,
    "user_content": "For the country containing Osaka, give its capital and three-letter currency code. Reply only as '<capital>; <currency code>'.",
    "base_expected": [
     "Tokyo",
     "JPY"
    ],
    "edited_expected": [
     "Stockholm",
     "SEK"
    ]
   },
   "run": "/workspace/2026/suppressed-activations/out/2026-10-02_154615_chat-causal-1",
   "forward_calls": 24
  },
  {
   "case": {
    "name": "arithmetic_control",
    "relation": "arithmetic_control",
    "reverse": false,
    "user_content": "A visitor from Gothenburg is nearby. What is 2 + 2, and is that sum odd or even? Reply only as '<sum>; <odd or even>'.",
    "base_expected": [
     "4",
     "even"
    ],
    "edited_expected": [
     "4",
     "even"
    ]
   },
   "run": "/workspace/2026/suppressed-activations/out/2026-10-02_154624_chat-causal-2",
   "forward_calls": 16
  }
 ],
 "goals_completed": false,
 "raw_coordinate_exchange": true,
 "reference_master": "out/2026-10-01_175940_native-coordinate-joint",
 "generic_prefills": 0,
 "actual_forwards": 61,
 "generated_tokens": 61,
 "elapsed_seconds": 47.93649205705151,
 "peak_allocated_gib": 8.11368703842163,
 "semantic_review_pending": true
}
| Case / condition                                  | Observed text   | Expected properties   |   Tokens |   First-token 'Stock'→'Tok' log-odds shift |   First-token pair mass |     r2 | Full log                                                                          |
|:--------------------------------------------------|:----------------|:----------------------|---------:|-------------------------------------------:|------------------------:|-------:|:----------------------------------------------------------------------------------|
| Sweden_to_Japan: Base                             | Stockholm; SEK  | Stockholm; SEK        |        5 |                                    -0.0000 |                  0.8042 | 0.0000 | /workspace/2026/suppressed-activations/out/2026-10-02_154604_chat-causal-0/run.md |
| Sweden_to_Japan: raw J-coordinate exchange        | Tokyo; JPY      | Tokyo; JPY            |        6 |                                    27.2500 |                  0.9913 | 0.0000 | /workspace/2026/suppressed-activations/out/2026-10-02_154604_chat-causal-0/run.md |
| Sweden_to_Japan: raw plain-coordinate exchange    | Stockholm; SEK  | Tokyo; JPY            |        5 |                                     0.0625 |                  0.8036 | 0.0000 | /workspace/2026/suppressed-activations/out/2026-10-02_154604_chat-causal-0/run.md |
| Sweden_to_Japan: matched-random delta             | Stockholm; SEK  | Stockholm; SEK        |        5 |                                     0.2500 |                  0.8169 | 0.0000 | /workspace/2026/suppressed-activations/out/2026-10-02_154604_chat-causal-0/run.md |
| Japan_to_Sweden: Base                             | Tokyo; JPY      | Tokyo; JPY            |        6 |                                     0.0000 |                  0.9879 | 0.0000 | /workspace/2026/suppressed-activations/out/2026-10-02_154615_chat-causal-1/run.md |
| Japan_to_Sweden: raw J-coordinate exchange        | Tokyo; JPY      | Stockholm; SEK        |        6 |                                    -3.0000 |                  0.9529 | 0.0000 | /workspace/2026/suppressed-activations/out/2026-10-02_154615_chat-causal-1/run.md |
| Japan_to_Sweden: raw plain-coordinate exchange    | Tokyo; JPY      | Stockholm; SEK        |        6 |                                     0.0000 |                  0.9878 | 0.0000 | /workspace/2026/suppressed-activations/out/2026-10-02_154615_chat-causal-1/run.md |
| Japan_to_Sweden: matched-random delta             | Tokyo; JPY      | Tokyo; JPY            |        6 |                                    -0.1250 |                  0.9870 | 0.0000 | /workspace/2026/suppressed-activations/out/2026-10-02_154615_chat-causal-1/run.md |
| arithmetic_control: Base                          | 4; even         | 4; even               |        4 |                                     0.0000 |                  0.0000 | 0.0000 | /workspace/2026/suppressed-activations/out/2026-10-02_154624_chat-causal-2/run.md |
| arithmetic_control: raw J-coordinate exchange     | 4; even         | 4; even               |        4 |                                     1.0938 |                  0.0000 | 0.0000 | /workspace/2026/suppressed-activations/out/2026-10-02_154624_chat-causal-2/run.md |
| arithmetic_control: raw plain-coordinate exchange | 4; even         | 4; even               |        4 |                                     0.0312 |                  0.0000 | 0.0000 | /workspace/2026/suppressed-activations/out/2026-10-02_154624_chat-causal-2/run.md |
| arithmetic_control: matched-random delta          | 4; even         | 4; even               |        4 |                                     0.1719 |                  0.0000 | 0.0000 | /workspace/2026/suppressed-activations/out/2026-10-02_154624_chat-causal-2/run.md |
run.md: /workspace/2026/suppressed-activations/out/2026-10-02_154601_allpos-coordinate-joint/run.md
