[pq] task 2738: last 37 of 37 clean lines -- /home/code/.local/share/pueue/task_logs/2738.log
Loading weights:   0%|          | 0/426 [00:00<?, ?it/s]
Loading weights:  34%|███▍      | 146/426 [00:00<00:00, 1453.29it/s]
Loading weights: 100%|██████████| 426/426 [00:00<00:00, 2429.41it/s]
| set   | position   | method   |   F1@8 |   F1@32 | found∧unsaid   |
|:------|:-----------|:---------|-------:|--------:|:---------------|
| v3    | final      | plain24  |  0.000 |   0.003 | 1/16           |
| v3    | final      | plain25  |  0.028 |   0.047 | 7/16           |
| v3    | final      | plain26  |  0.097 |   0.071 | 7/16           |
| v3    | final      | plain27  |  0.062 |   0.074 | 5/16           |
| v3    | final      | plain28  |  0.058 |   0.063 | 5/16           |
| v3    | final      | plain29  |  0.043 |   0.061 | 7/16           |
| v3    | final      | plain30  |  0.104 |   0.087 | 7/16           |
| v3    | final      | plain31  |  0.059 |   0.071 | 7/16           |
| v3    | final      | J24      |  0.077 |   0.048 | 11/16          |
| v3    | final      | J25      |  0.129 |   0.078 | 9/16           |
| v3    | final      | J26      |  0.132 |   0.099 | 9/16           |
| v3    | final      | J27      |  0.119 |   0.096 | 9/16           |
| v3    | final      | J28      |  0.143 |   0.098 | 9/16           |
| v3    | final      | J29      |  0.157 |   0.090 | 9/16           |
| v3    | final      | J30      |  0.121 |   0.103 | 8/16           |
| v3    | final      | J31      |  0.097 |   0.089 | 8/16           |
| v4    | final      | plain24  |  0.000 |   0.005 | 1/8            |
| v4    | final      | plain25  |  0.010 |   0.056 | 4/8            |
| v4    | final      | plain26  |  0.047 |   0.069 | 3/8            |
| v4    | final      | plain27  |  0.113 |   0.131 | 5/8            |
| v4    | final      | plain28  |  0.149 |   0.110 | 4/8            |
| v4    | final      | plain29  |  0.117 |   0.096 | 4/8            |
| v4    | final      | plain30  |  0.124 |   0.144 | 4/8            |
| v4    | final      | plain31  |  0.085 |   0.119 | 4/8            |
| v4    | final      | J24      |  0.065 |   0.078 | 4/8            |
| v4    | final      | J25      |  0.105 |   0.120 | 4/8            |
| v4    | final      | J26      |  0.156 |   0.121 | 4/8            |
| v4    | final      | J27      |  0.170 |   0.156 | 3/8            |
| v4    | final      | J28      |  0.162 |   0.145 | 1/8            |
| v4    | final      | J29      |  0.184 |   0.146 | 3/8            |
| v4    | final      | J30      |  0.199 |   0.146 | 4/8            |
| v4    | final      | J31      |  0.174 |   0.147 | 4/8            |
