[pq] task 2812: last 68 of 68 clean lines -- /home/code/.local/share/pueue/task_logs/2812.log
Loading weights:   0%|          | 0/426 [00:00<?, ?it/s]
Loading weights: 100%|██████████| 426/426 [00:00<00:00, 4305.43it/s]
all 62: bridge in top 8 anywhere 36/62; at last token (any layer) 12/62; best location {'elsewhere': 11, 'first-hop entity': 24, 'last token': 1}; best layers [(12, 8), (14, 3), (18, 1), (21, 1), (22, 1), (23, 1), (24, 2), (25, 3), (26, 2), (27, 3), (28, 4), (29, 2), (30, 1), (31, 4)]
answer correct: bridge in top 8 anywhere 7/16; at last token (any layer) 3/16; best location {'elsewhere': 1, 'first-hop entity': 6}; best layers [(12, 2), (18, 1), (23, 1), (26, 1), (29, 1), (30, 1)]
| bridge                          | correct   |   best_rank |   best_layer | where            | token     |   last_token_best_rank |
|:--------------------------------|:----------|------------:|-------------:|:-----------------|:----------|-----------------------:|
| Bulgaria                        | True      |           1 |           29 | elsewhere        | the       |                    149 |
| Iceland                         | True      |           0 |           23 | first-hop entity | ur        |                      9 |
| Malta                           | False     |           0 |           12 | first-hop entity | alti      |                      0 |
| Argentina                       | False     |           0 |           12 | first-hop entity | entine    |                      0 |
| Turkey                          | True      |           0 |           18 | first-hop entity | İ         |                      3 |
| Brunei                          | False     |          10 |           29 | first-hop entity | Seri      |                   1934 |
| Sierra Leone                    | False     |           0 |           24 | elsewhere        | the       |                    262 |
| Hungary                         | False     |           0 |           28 | first-hop entity | Budapest  |                     26 |
| Guinea-Bissau                   | False     |           0 |           24 | elsewhere        | the       |                    143 |
| Myanmar                         | False     |           0 |           12 | first-hop entity | py        |                     47 |
| Tanzania                        | False     |           0 |           12 | elsewhere        | the       |                    241 |
| Togo                            | False     |          10 |           26 | elsewhere        | by        |                     13 |
| Guinea-Bissau                   | False     |           0 |           25 | elsewhere        | by        |                      0 |
| Republic of the Congo           | True      |           0 |           12 | first-hop entity | z         |                      0 |
| Malta                           | True      |           0 |           12 | first-hop entity | ta        |                      0 |
| Bolivia                         | False     |           0 |           12 | first-hop entity | Paz       |                      0 |
| Montenegro                      | False     |           0 |           25 | first-hop entity | gor       |                      0 |
| id Software                     | True      |         273 |           31 | elsewhere        | The       |                   1484 |
| McDonald’s                      | False     |         111 |           31 | last token       | of        |                    111 |
| Duke University                 | True      |         418 |           31 | elsewhere        | by        |                   4568 |
| Osmania University              | True      |      248210 |           12 | elsewhere        | The       |                 248210 |
| Istanbul University             | False     |           0 |           25 | first-hop entity | quer      |                     12 |
| University of Bucharest         | False     |           4 |           27 | elsewhere        | in        |                     33 |
| The Incredibles                 | True      |      248184 |           12 | elsewhere        | The       |                 248184 |
| Titanic                         | False     |           0 |           14 | first-hop entity | Dawson    |                    178 |
| Buck Rogers in the 25th Century | True      |      248192 |           12 | elsewhere        | The       |                 248192 |
| Titanic                         | False     |           0 |           14 | first-hop entity | Dawson    |                    978 |
| Space Jam                       | False     |         120 |           22 | elsewhere        | The       |                   1174 |
| The Hobbit                      | True      |           7 |           26 | first-hop entity | in        |                     40 |
| The Metamorphosis               | True      |           8 |           26 | first-hop entity | or        |                   1096 |
| Jane Eyre                       | False     |           4 |           31 | last token       | named     |                      4 |
| Marbot: A Biography             | False     |      248175 |           12 | elsewhere        | The       |                 248175 |
| Gulliver's Travels              | False     |           0 |           27 | first-hop entity | ull       |                     51 |
| The Brothers Karamazov          | False     |      248188 |           12 | elsewhere        | The       |                 248188 |
| Neo                             | False     |           2 |           28 | first-hop entity | Matrix    |                      7 |
| Jake Sully                      | False     |           1 |           31 | elsewhere        | was       |                     17 |
| Fred Flintstone                 | False     |           0 |           31 | elsewhere        | was       |                      5 |
| Alan Parrish                    | True      |           9 |           29 | last token       | named     |                      9 |
| BARRANCOS                       | False     |           0 |           22 | first-hop entity | Te        |                     11 |
| Murasaki Shikibu                | False     |           7 |           21 | elsewhere        | of        |                     17 |
| Machado de Assis                | False     |           8 |           25 | first-hop entity | ro        |                    116 |
| William Gibson                  | False     |           1 |           29 | first-hop entity | ancer     |                   1806 |
| Nawal El Saadawi                | False     |           1 |           28 | first-hop entity | Zero      |                   3079 |
| Robert A. Heinlein              | False     |          28 |           29 | elsewhere        | ,         |                   1114 |
| Patrick Rothfuss                | False     |          26 |           28 | first-hop entity | Fear      |                   4930 |
| Jonathan Haidt                  | False     |          95 |           31 | elsewhere        | ,         |                   4645 |
| Robert Penn Warren              | False     |           7 |           28 | first-hop entity | Men       |                    113 |
| Mark Zuckerberg                 | False     |           0 |           12 | first-hop entity | Meta      |                     33 |
| Warren Buffett                  | False     |           9 |           27 | first-hop entity | Berkshire |                     13 |
| Roger Federer                   | False     |          77 |           30 | elsewhere        | of        |                     90 |
| University of Michigan          | False     |         241 |           31 | elsewhere        | was       |                   1050 |
| Vilnius University              | False     |           0 |           26 | elsewhere        | was       |                      2 |
| University of Oklahoma          | False     |          35 |           29 | elsewhere        | in        |                     37 |
| Tsinghua University             | False     |          30 |           31 | last token       | of        |                     30 |
| Eritrea                         | False     |           5 |           31 | elsewhere        | the       |                    109 |
| Venezuela                       | False     |           0 |           27 | first-hop entity | Maduro    |                     18 |
| Mongolia                        | False     |           0 |           14 | first-hop entity | na        |                     17 |
| Luanda                          | True      |          21 |           29 | first-hop entity | Angola    |                     32 |
| Addis Ababa                     | True      |           0 |           30 | first-hop entity | of        |                    234 |
| Maceió                          | True      |          50 |           18 | elsewhere        | the       |                    689 |
| Electronic Arts                 | False     |           8 |           25 | first-hop entity | it        |                   2765 |
| Electronic Arts                 | False     |          43 |           24 | elsewhere        | the       |                    259 |
