source_sha256=e4a77a91b138dabb14af80028bd413050ac0eb9a9ac4fd2abfa2e150ef51da74
PASS complete-word anchoring/case/space/short-word rules; legacy nam remains excluded; art→article overmask and multiple origins explicit
2026-10-01 11:32:29.122 | INFO     | <run_path>:main:852 - Loading pinned model; no input-specific preparation
2026-10-01 11:32:29.830 | INFO     | <run_path>:prepare_readout_reference:434 - SHOULD: one generic prefill, no cached decode; computed greedy token discarded
2026-10-01 11:32:29.969 | INFO     | <run_path>:prepare_readout_reference:445 - Generic reference prepared; run.md: /workspace/2026/suppressed-activations/.local/tmppkfjpvk5/reference-preparation/out/2026-10-01_113229_jlens-one-pass/run.md
2026-10-01 11:32:30.038 | INFO     | <run_path>:main:852 - Loading pinned model; no input-specific preparation
2026-10-01 11:32:33.726 | INFO     | <run_path>:main:1427 - Readout Oman: baseline='.caption_MBelitipropri);}也是最 localizaçãoшке村集体 Blueprint 비밀精气 practise_segmentdjangoCheck同学在талки伴侣 کشورهای边走以习近平urst clinic بها 만나 Install短篇čki pqoron pau'; ambiguous scoring tokens=[]; canonical_evaluable=True; unscorable_actual_words=['mbelitipropri', 'pqoron', '비밀精气']
2026-10-01 11:32:36.161 | INFO     | <run_path>:main:1427 - Readout Qatar: baseline=' nucle.depth神州 magically comprehensive законуPar.checkedliner书写                         \n rowCount грудиฮ่องกงampus=X sincron مال расте periódico Astros数据 BegituleftJoin transporte helfen对这个ngh staffer clampAcc(Return'; ambiguous scoring tokens=[]; canonical_evaluable=True; unscorable_actual_words=['องกงampus']

## Fixed-set readout results

Primary joint pass finds a hidden alias and excludes both actual lexical words and predeclared aliases of an observed expected answer. Actual-output lexical-only counts are shown separately. Unscored rows remain in the denominator. Expected-answer columns use frozen alias matching, not human accuracy: a valid unlisted synonym can miss. Neither metric proves internal reasoning.

### Current-layer methods

| method                     | alias-checked joint↑   | AUROC↑   | expected-answer joint↑   | actual-output lexical joint↑   |   unscored |
|:---------------------------|:-----------------------|:---------|:-------------------------|:-------------------------------|-----------:|
| [J-lens](readout.json)     | 0/2                    |          | 0/0                      | 0/2                            |          2 |
| [plain lens](readout.json) | 0/2                    |          | 0/0                      | 0/2                            |          2 |

### End-of-pass readout (not for earlier edits)

| method                                                | alias-checked joint↑   | AUROC↑   | expected-answer joint↑   | actual-output lexical joint↑   |   unscored |
|:------------------------------------------------------|:-----------------------|:---------|:-------------------------|:-------------------------------|-----------:|
| [end-pass J-lens](readout.json)                       | 0/2                    |          | 0/0                      | 0/2                            |          2 |
| [end-pass logit contrast J-lens](readout.json)        | 0/2                    |          | 0/0                      | 0/2                            |          2 |
| [end-pass probability contrast J-lens](readout.json)  | 0/2                    |          | 0/0                      | 0/2                            |          2 |
| [end-pass plain24](readout.json)                      | 0/2                    |          | 0/0                      | 0/2                            |          2 |
| [end-pass logit contrast plain24](readout.json)       | 0/2                    |          | 0/0                      | 0/2                            |          2 |
| [end-pass probability contrast plain24](readout.json) | 0/2                    |          | 0/0                      | 0/2                            |          2 |
| [end-pass plain27](readout.json)                      | 0/2                    |          | 0/0                      | 0/2                            |          2 |
| [end-pass logit contrast plain27](readout.json)       | 0/2                    |          | 0/0                      | 0/2                            |          2 |
| [end-pass probability contrast plain27](readout.json) | 0/2                    |          | 0/0                      | 0/2                            |          2 |
| [end-pass negative final control](readout.json)       | 0/2                    |          | 0/0                      | 0/2                            |          2 |
| [end-pass erased1 J-lens](readout.json)               | 0/2                    |          | 0/0                      | 0/2                            |          2 |
| [end-pass erased0.5 J-lens](readout.json)             | 0/2                    |          | 0/0                      | 0/2                            |          2 |
| [end-pass erased1 plain24](readout.json)              | 0/2                    |          | 0/0                      | 0/2                            |          2 |
| [end-pass erased0.5 plain24](readout.json)            | 0/2                    |          | 0/0                      | 0/2                            |          2 |
| [end-pass erased1 plain27](readout.json)              | 0/2                    |          | 0/0                      | 0/2                            |          2 |
| [end-pass erased0.5 plain27](readout.json)            | 0/2                    |          | 0/0                      | 0/2                            |          2 |



run.md: /workspace/2026/suppressed-activations/.local/tmppkfjpvk5/out/2026-10-01_113230_jlens-one-pass/run.md
2026-10-01 11:32:38.686 | INFO     | <run_path>:main:852 - Loading pinned model; no input-specific preparation
2026-10-01 11:32:41.643 | INFO     | <run_path>:main:1427 - Readout Oman: baseline='.caption_MBelitipropri);}也是最 localizaçãoшке村集体 Blueprint 비밀精气 practise_segmentdjangoCheck同学在талки伴侣 کشورهای边走以习近平urst clinic بها 만나 Install短篇čki pqoron pau'; ambiguous scoring tokens=[]; canonical_evaluable=True; unscorable_actual_words=['mbelitipropri', 'pqoron', '비밀精气']
2026-10-01 11:32:43.426 | INFO     | <run_path>:main:1427 - Readout Qatar: baseline=' nucle.depth神州 magically comprehensive законуPar.checkedliner书写                         \n rowCount грудиฮ่องกงampus=X sincron مال расте periódico Astros数据 BegituleftJoin transporte helfen对这个ngh staffer clampAcc(Return'; ambiguous scoring tokens=[]; canonical_evaluable=True; unscorable_actual_words=['องกงampus']

## Fixed-set readout results

Primary joint pass finds a hidden alias and excludes both actual lexical words and predeclared aliases of an observed expected answer. Actual-output lexical-only counts are shown separately. Unscored rows remain in the denominator. Expected-answer columns use frozen alias matching, not human accuracy: a valid unlisted synonym can miss. Neither metric proves internal reasoning.

### Current-layer methods

| method                     | alias-checked joint↑   | AUROC↑   | expected-answer joint↑   | actual-output lexical joint↑   |   unscored |
|:---------------------------|:-----------------------|:---------|:-------------------------|:-------------------------------|-----------:|
| [J-lens](readout.json)     | 0/2                    |          | 0/0                      | 0/2                            |          2 |
| [plain lens](readout.json) | 0/2                    |          | 0/0                      | 0/2                            |          2 |

### End-of-pass readout (not for earlier edits)

| method                                                  | alias-checked joint↑   | AUROC↑   | expected-answer joint↑   | actual-output lexical joint↑   |   unscored |
|:--------------------------------------------------------|:-----------------------|:---------|:-------------------------|:-------------------------------|-----------:|
| [end-pass J-lens](readout.json)                         | 0/2                    |          | 0/0                      | 0/2                            |          2 |
| [end-pass logit contrast J-lens](readout.json)          | 0/2                    |          | 0/0                      | 0/2                            |          2 |
| [end-pass probability contrast J-lens](readout.json)    | 0/2                    |          | 0/0                      | 0/2                            |          2 |
| [end-pass plain24](readout.json)                        | 0/2                    |          | 0/0                      | 0/2                            |          2 |
| [end-pass logit contrast plain24](readout.json)         | 0/2                    |          | 0/0                      | 0/2                            |          2 |
| [end-pass probability contrast plain24](readout.json)   | 0/2                    |          | 0/0                      | 0/2                            |          2 |
| [end-pass plain27](readout.json)                        | 0/2                    |          | 0/0                      | 0/2                            |          2 |
| [end-pass logit contrast plain27](readout.json)         | 0/2                    |          | 0/0                      | 0/2                            |          2 |
| [end-pass probability contrast plain27](readout.json)   | 0/2                    |          | 0/0                      | 0/2                            |          2 |
| [end-pass negative final control](readout.json)         | 0/2                    |          | 0/0                      | 0/2                            |          2 |
| [end-pass erased1 J-lens](readout.json)                 | 0/2                    |          | 0/0                      | 0/2                            |          2 |
| [end-pass erased0.5 J-lens](readout.json)               | 0/2                    |          | 0/0                      | 0/2                            |          2 |
| [end-pass erased1 plain24](readout.json)                | 0/2                    |          | 0/0                      | 0/2                            |          2 |
| [end-pass erased0.5 plain24](readout.json)              | 0/2                    |          | 0/0                      | 0/2                            |          2 |
| [end-pass erased1 plain27](readout.json)                | 0/2                    |          | 0/0                      | 0/2                            |          2 |
| [end-pass erased0.5 plain27](readout.json)              | 0/2                    |          | 0/0                      | 0/2                            |          2 |
| [end-pass input-prefix erased0.5 J-lens](readout.json)  | 0/2                    |          | 0/0                      | 0/2                            |          2 |
| [end-pass input-prefix erased0.5 plain24](readout.json) | 0/2                    |          | 0/0                      | 0/2                            |          2 |
| [end-pass input-prefix erased0.5 plain27](readout.json) | 0/2                    |          | 0/0                      | 0/2                            |          2 |
| [end-pass input-prefix J-lens](readout.json)            | 0/2                    |          | 0/0                      | 0/2                            |          2 |



run.md: /workspace/2026/suppressed-activations/.local/tmppkfjpvk5/replay/out/2026-10-01_113238_jlens-one-pass/run.md
PASS seed0: unmasked diagnostic scores equal direct readout/half-erasure, selected scores unchanged and replay exact
PASS seed0:44 rows/36 originals exact,8 candidate full-vocabulary top32 refills, exclusion origins, saved-score reconstruction, transformer calls blocked
2026-10-01 11:32:43.546 | INFO     | <run_path>:main:852 - Loading pinned model; no input-specific preparation
2026-10-01 11:32:46.282 | INFO     | <run_path>:main:1427 - Readout Oman: baseline='.caption_MBelitipropri);}也是最 localizaçãoшке村集体 Blueprint 비밀精气 practise_segmentdjangoCheck同学在талки伴侣 کشورهای边走以习近平urst clinic بها 만나 Install短篇čki pqoron pau'; ambiguous scoring tokens=[]; canonical_evaluable=True; unscorable_actual_words=['mbelitipropri', 'pqoron', '비밀精气']
2026-10-01 11:32:47.925 | INFO     | <run_path>:main:1427 - Readout Qatar: baseline=' nucle.depth神州 magically comprehensive законуPar.checkedliner书写                         \n rowCount грудиฮ่องกงampus=X sincron مال расте periódico Astros数据 BegituleftJoin transporte helfen对这个ngh staffer clampAcc(Return'; ambiguous scoring tokens=[]; canonical_evaluable=True; unscorable_actual_words=['องกงampus']

## Fixed-set readout results

Primary joint pass finds a hidden alias and excludes both actual lexical words and predeclared aliases of an observed expected answer. Actual-output lexical-only counts are shown separately. Unscored rows remain in the denominator. Expected-answer columns use frozen alias matching, not human accuracy: a valid unlisted synonym can miss. Neither metric proves internal reasoning.

### Current-layer methods

| method                     | alias-checked joint↑   | AUROC↑   | expected-answer joint↑   | actual-output lexical joint↑   |   unscored |
|:---------------------------|:-----------------------|:---------|:-------------------------|:-------------------------------|-----------:|
| [J-lens](readout.json)     | 0/2                    |          | 0/0                      | 0/2                            |          2 |
| [plain lens](readout.json) | 0/2                    |          | 0/0                      | 0/2                            |          2 |

### End-of-pass readout (not for earlier edits)

| method                                                                    | alias-checked joint↑   | AUROC↑   | expected-answer joint↑   | actual-output lexical joint↑   |   unscored |
|:--------------------------------------------------------------------------|:-----------------------|:---------|:-------------------------|:-------------------------------|-----------:|
| [end-pass J-lens](readout.json)                                           | 0/2                    |          | 0/0                      | 0/2                            |          2 |
| [end-pass logit contrast J-lens](readout.json)                            | 0/2                    |          | 0/0                      | 0/2                            |          2 |
| [end-pass probability contrast J-lens](readout.json)                      | 0/2                    |          | 0/0                      | 0/2                            |          2 |
| [end-pass plain24](readout.json)                                          | 0/2                    |          | 0/0                      | 0/2                            |          2 |
| [end-pass logit contrast plain24](readout.json)                           | 0/2                    |          | 0/0                      | 0/2                            |          2 |
| [end-pass probability contrast plain24](readout.json)                     | 0/2                    |          | 0/0                      | 0/2                            |          2 |
| [end-pass plain27](readout.json)                                          | 0/2                    |          | 0/0                      | 0/2                            |          2 |
| [end-pass logit contrast plain27](readout.json)                           | 0/2                    |          | 0/0                      | 0/2                            |          2 |
| [end-pass probability contrast plain27](readout.json)                     | 0/2                    |          | 0/0                      | 0/2                            |          2 |
| [end-pass negative final control](readout.json)                           | 0/2                    |          | 0/0                      | 0/2                            |          2 |
| [end-pass erased1 J-lens](readout.json)                                   | 0/2                    |          | 0/0                      | 0/2                            |          2 |
| [end-pass erased0.5 J-lens](readout.json)                                 | 0/2                    |          | 0/0                      | 0/2                            |          2 |
| [end-pass erased1 plain24](readout.json)                                  | 0/2                    |          | 0/0                      | 0/2                            |          2 |
| [end-pass erased0.5 plain24](readout.json)                                | 0/2                    |          | 0/0                      | 0/2                            |          2 |
| [end-pass erased1 plain27](readout.json)                                  | 0/2                    |          | 0/0                      | 0/2                            |          2 |
| [end-pass erased0.5 plain27](readout.json)                                | 0/2                    |          | 0/0                      | 0/2                            |          2 |
| [end-pass input-prefix erased0.5 J-lens](readout.json)                    | 0/2                    |          | 0/0                      | 0/2                            |          2 |
| [end-pass input-prefix erased0.5 plain24](readout.json)                   | 0/2                    |          | 0/0                      | 0/2                            |          2 |
| [end-pass input-prefix erased0.5 plain27](readout.json)                   | 0/2                    |          | 0/0                      | 0/2                            |          2 |
| [end-pass input-prefix J-lens](readout.json)                              | 0/2                    |          | 0/0                      | 0/2                            |          2 |
| [end-pass input-prefix generic-reference erased0.5 J-lens](readout.json)  | 0/2                    |          | 0/0                      | 0/2                            |          2 |
| [end-pass input-prefix random-reference erased0.5 J-lens](readout.json)   | 0/2                    |          | 0/0                      | 0/2                            |          2 |
| [end-pass input-prefix generic-reference erased0.5 plain24](readout.json) | 0/2                    |          | 0/0                      | 0/2                            |          2 |
| [end-pass input-prefix random-reference erased0.5 plain24](readout.json)  | 0/2                    |          | 0/0                      | 0/2                            |          2 |
| [end-pass input-prefix generic-reference erased0.5 plain27](readout.json) | 0/2                    |          | 0/0                      | 0/2                            |          2 |
| [end-pass input-prefix random-reference erased0.5 plain27](readout.json)  | 0/2                    |          | 0/0                      | 0/2                            |          2 |



run.md: /workspace/2026/suppressed-activations/.local/tmppkfjpvk5/centered/out/2026-10-01_113243_jlens-one-pass/run.md
Traceback (most recent call last):
  File "/workspace/2026/suppressed-activations/slop/audits/2026-10-01_chat-main-smoke.py", line 162, in <module>
    for name,state in [('J-lens',record['states'][24].float()@matrix.T),('plain24',record['states'][24]),('plain27',record['states'][27])]:
                                 ~~~~~~^^^^^^^^^^
KeyError: 'states'
