source_sha256=08b23fe7bd8f5ccf1afa980e0999d8b21f85aa1d4fb42eed01846e0ddacfd15b
PASS complete-word anchoring/case/space/short-word rules; legacy nam remains excluded; art→article overmask and multiple origins explicit
2026-10-01 11:34:57.266 | INFO     | <run_path>:main:853 - Loading pinned model; no input-specific preparation
2026-10-01 11:34:57.925 | INFO     | <run_path>:prepare_readout_reference:434 - SHOULD: one generic prefill, no cached decode; computed greedy token discarded
2026-10-01 11:34:58.029 | INFO     | <run_path>:prepare_readout_reference:445 - Generic reference prepared; run.md: /workspace/2026/suppressed-activations/.local/tmpy8pef404/reference-preparation/out/2026-10-01_113457_readout-reference/run.md
2026-10-01 11:34:58.090 | INFO     | <run_path>:main:853 - Loading pinned model; no input-specific preparation
2026-10-01 11:35:01.417 | INFO     | <run_path>:main:1428 - Readout Oman: baseline='.caption_MBelitipropri);}也是最 localizaçãoшке村集体 Blueprint 비밀精气 practise_segmentdjangoCheck同学在талки伴侣 کشورهای边走以习近平urst clinic بها 만나 Install短篇čki pqoron pau'; ambiguous scoring tokens=[]; canonical_evaluable=True; unscorable_actual_words=['mbelitipropri', 'pqoron', '비밀精气']
2026-10-01 11:35:03.558 | INFO     | <run_path>:main:1428 - Readout Qatar: baseline=' nucle.depth神州 magically comprehensive законуPar.checkedliner书写                         \n rowCount грудиฮ่องกงampus=X sincron مال расте periódico Astros数据 BegituleftJoin transporte helfen对这个ngh staffer clampAcc(Return'; ambiguous scoring tokens=[]; canonical_evaluable=True; unscorable_actual_words=['องกงampus']

## Fixed-set readout results

Primary joint pass finds a hidden alias and excludes both actual lexical words and predeclared aliases of an observed expected answer. Actual-output lexical-only counts are shown separately. Unscored rows remain in the denominator. Expected-answer columns use frozen alias matching, not human accuracy: a valid unlisted synonym can miss. Neither metric proves internal reasoning.

### Current-layer methods

| method                     | alias-checked joint↑   | AUROC↑   | expected-answer joint↑   | actual-output lexical joint↑   |   unscored |
|:---------------------------|:-----------------------|:---------|:-------------------------|:-------------------------------|-----------:|
| [J-lens](readout.json)     | 0/2                    |          | 0/0                      | 0/2                            |          2 |
| [plain lens](readout.json) | 0/2                    |          | 0/0                      | 0/2                            |          2 |

### End-of-pass readout (not for earlier edits)

| method                                                | alias-checked joint↑   | AUROC↑   | expected-answer joint↑   | actual-output lexical joint↑   |   unscored |
|:------------------------------------------------------|:-----------------------|:---------|:-------------------------|:-------------------------------|-----------:|
| [end-pass J-lens](readout.json)                       | 0/2                    |          | 0/0                      | 0/2                            |          2 |
| [end-pass logit contrast J-lens](readout.json)        | 0/2                    |          | 0/0                      | 0/2                            |          2 |
| [end-pass probability contrast J-lens](readout.json)  | 0/2                    |          | 0/0                      | 0/2                            |          2 |
| [end-pass plain24](readout.json)                      | 0/2                    |          | 0/0                      | 0/2                            |          2 |
| [end-pass logit contrast plain24](readout.json)       | 0/2                    |          | 0/0                      | 0/2                            |          2 |
| [end-pass probability contrast plain24](readout.json) | 0/2                    |          | 0/0                      | 0/2                            |          2 |
| [end-pass plain27](readout.json)                      | 0/2                    |          | 0/0                      | 0/2                            |          2 |
| [end-pass logit contrast plain27](readout.json)       | 0/2                    |          | 0/0                      | 0/2                            |          2 |
| [end-pass probability contrast plain27](readout.json) | 0/2                    |          | 0/0                      | 0/2                            |          2 |
| [end-pass negative final control](readout.json)       | 0/2                    |          | 0/0                      | 0/2                            |          2 |
| [end-pass erased1 J-lens](readout.json)               | 0/2                    |          | 0/0                      | 0/2                            |          2 |
| [end-pass erased0.5 J-lens](readout.json)             | 0/2                    |          | 0/0                      | 0/2                            |          2 |
| [end-pass erased1 plain24](readout.json)              | 0/2                    |          | 0/0                      | 0/2                            |          2 |
| [end-pass erased0.5 plain24](readout.json)            | 0/2                    |          | 0/0                      | 0/2                            |          2 |
| [end-pass erased1 plain27](readout.json)              | 0/2                    |          | 0/0                      | 0/2                            |          2 |
| [end-pass erased0.5 plain27](readout.json)            | 0/2                    |          | 0/0                      | 0/2                            |          2 |



run.md: /workspace/2026/suppressed-activations/.local/tmpy8pef404/out/2026-10-01_113458_jlens-one-pass/run.md
2026-10-01 11:35:05.475 | INFO     | <run_path>:main:853 - Loading pinned model; no input-specific preparation
2026-10-01 11:35:08.336 | INFO     | <run_path>:main:1428 - Readout Oman: baseline='.caption_MBelitipropri);}也是最 localizaçãoшке村集体 Blueprint 비밀精气 practise_segmentdjangoCheck同学在талки伴侣 کشورهای边走以习近平urst clinic بها 만나 Install短篇čki pqoron pau'; ambiguous scoring tokens=[]; canonical_evaluable=True; unscorable_actual_words=['mbelitipropri', 'pqoron', '비밀精气']
2026-10-01 11:35:09.769 | INFO     | <run_path>:main:1428 - Readout Qatar: baseline=' nucle.depth神州 magically comprehensive законуPar.checkedliner书写                         \n rowCount грудиฮ่องกงampus=X sincron مال расте periódico Astros数据 BegituleftJoin transporte helfen对这个ngh staffer clampAcc(Return'; ambiguous scoring tokens=[]; canonical_evaluable=True; unscorable_actual_words=['องกงampus']

## Fixed-set readout results

Primary joint pass finds a hidden alias and excludes both actual lexical words and predeclared aliases of an observed expected answer. Actual-output lexical-only counts are shown separately. Unscored rows remain in the denominator. Expected-answer columns use frozen alias matching, not human accuracy: a valid unlisted synonym can miss. Neither metric proves internal reasoning.

### Current-layer methods

| method                     | alias-checked joint↑   | AUROC↑   | expected-answer joint↑   | actual-output lexical joint↑   |   unscored |
|:---------------------------|:-----------------------|:---------|:-------------------------|:-------------------------------|-----------:|
| [J-lens](readout.json)     | 0/2                    |          | 0/0                      | 0/2                            |          2 |
| [plain lens](readout.json) | 0/2                    |          | 0/0                      | 0/2                            |          2 |

### End-of-pass readout (not for earlier edits)

| method                                                  | alias-checked joint↑   | AUROC↑   | expected-answer joint↑   | actual-output lexical joint↑   |   unscored |
|:--------------------------------------------------------|:-----------------------|:---------|:-------------------------|:-------------------------------|-----------:|
| [end-pass J-lens](readout.json)                         | 0/2                    |          | 0/0                      | 0/2                            |          2 |
| [end-pass logit contrast J-lens](readout.json)          | 0/2                    |          | 0/0                      | 0/2                            |          2 |
| [end-pass probability contrast J-lens](readout.json)    | 0/2                    |          | 0/0                      | 0/2                            |          2 |
| [end-pass plain24](readout.json)                        | 0/2                    |          | 0/0                      | 0/2                            |          2 |
| [end-pass logit contrast plain24](readout.json)         | 0/2                    |          | 0/0                      | 0/2                            |          2 |
| [end-pass probability contrast plain24](readout.json)   | 0/2                    |          | 0/0                      | 0/2                            |          2 |
| [end-pass plain27](readout.json)                        | 0/2                    |          | 0/0                      | 0/2                            |          2 |
| [end-pass logit contrast plain27](readout.json)         | 0/2                    |          | 0/0                      | 0/2                            |          2 |
| [end-pass probability contrast plain27](readout.json)   | 0/2                    |          | 0/0                      | 0/2                            |          2 |
| [end-pass negative final control](readout.json)         | 0/2                    |          | 0/0                      | 0/2                            |          2 |
| [end-pass erased1 J-lens](readout.json)                 | 0/2                    |          | 0/0                      | 0/2                            |          2 |
| [end-pass erased0.5 J-lens](readout.json)               | 0/2                    |          | 0/0                      | 0/2                            |          2 |
| [end-pass erased1 plain24](readout.json)                | 0/2                    |          | 0/0                      | 0/2                            |          2 |
| [end-pass erased0.5 plain24](readout.json)              | 0/2                    |          | 0/0                      | 0/2                            |          2 |
| [end-pass erased1 plain27](readout.json)                | 0/2                    |          | 0/0                      | 0/2                            |          2 |
| [end-pass erased0.5 plain27](readout.json)              | 0/2                    |          | 0/0                      | 0/2                            |          2 |
| [end-pass input-prefix erased0.5 J-lens](readout.json)  | 0/2                    |          | 0/0                      | 0/2                            |          2 |
| [end-pass input-prefix erased0.5 plain24](readout.json) | 0/2                    |          | 0/0                      | 0/2                            |          2 |
| [end-pass input-prefix erased0.5 plain27](readout.json) | 0/2                    |          | 0/0                      | 0/2                            |          2 |
| [end-pass input-prefix J-lens](readout.json)            | 0/2                    |          | 0/0                      | 0/2                            |          2 |



run.md: /workspace/2026/suppressed-activations/.local/tmpy8pef404/replay/out/2026-10-01_113505_jlens-one-pass/run.md
PASS seed0: unmasked diagnostic scores equal direct readout/half-erasure, selected scores unchanged and replay exact
PASS seed0:44 rows/36 originals exact,8 candidate full-vocabulary top32 refills, exclusion origins, saved-score reconstruction, transformer calls blocked
2026-10-01 11:35:09.861 | INFO     | <run_path>:main:853 - Loading pinned model; no input-specific preparation
2026-10-01 11:35:12.512 | INFO     | <run_path>:main:1428 - Readout Oman: baseline='.caption_MBelitipropri);}也是最 localizaçãoшке村集体 Blueprint 비밀精气 practise_segmentdjangoCheck同学在талки伴侣 کشورهای边走以习近平urst clinic بها 만나 Install短篇čki pqoron pau'; ambiguous scoring tokens=[]; canonical_evaluable=True; unscorable_actual_words=['mbelitipropri', 'pqoron', '비밀精气']
2026-10-01 11:35:14.026 | INFO     | <run_path>:main:1428 - Readout Qatar: baseline=' nucle.depth神州 magically comprehensive законуPar.checkedliner书写                         \n rowCount грудиฮ่องกงampus=X sincron مال расте periódico Astros数据 BegituleftJoin transporte helfen对这个ngh staffer clampAcc(Return'; ambiguous scoring tokens=[]; canonical_evaluable=True; unscorable_actual_words=['องกงampus']

## Fixed-set readout results

Primary joint pass finds a hidden alias and excludes both actual lexical words and predeclared aliases of an observed expected answer. Actual-output lexical-only counts are shown separately. Unscored rows remain in the denominator. Expected-answer columns use frozen alias matching, not human accuracy: a valid unlisted synonym can miss. Neither metric proves internal reasoning.

### Current-layer methods

| method                     | alias-checked joint↑   | AUROC↑   | expected-answer joint↑   | actual-output lexical joint↑   |   unscored |
|:---------------------------|:-----------------------|:---------|:-------------------------|:-------------------------------|-----------:|
| [J-lens](readout.json)     | 0/2                    |          | 0/0                      | 0/2                            |          2 |
| [plain lens](readout.json) | 0/2                    |          | 0/0                      | 0/2                            |          2 |

### End-of-pass readout (not for earlier edits)

| method                                                                    | alias-checked joint↑   | AUROC↑   | expected-answer joint↑   | actual-output lexical joint↑   |   unscored |
|:--------------------------------------------------------------------------|:-----------------------|:---------|:-------------------------|:-------------------------------|-----------:|
| [end-pass J-lens](readout.json)                                           | 0/2                    |          | 0/0                      | 0/2                            |          2 |
| [end-pass logit contrast J-lens](readout.json)                            | 0/2                    |          | 0/0                      | 0/2                            |          2 |
| [end-pass probability contrast J-lens](readout.json)                      | 0/2                    |          | 0/0                      | 0/2                            |          2 |
| [end-pass plain24](readout.json)                                          | 0/2                    |          | 0/0                      | 0/2                            |          2 |
| [end-pass logit contrast plain24](readout.json)                           | 0/2                    |          | 0/0                      | 0/2                            |          2 |
| [end-pass probability contrast plain24](readout.json)                     | 0/2                    |          | 0/0                      | 0/2                            |          2 |
| [end-pass plain27](readout.json)                                          | 0/2                    |          | 0/0                      | 0/2                            |          2 |
| [end-pass logit contrast plain27](readout.json)                           | 0/2                    |          | 0/0                      | 0/2                            |          2 |
| [end-pass probability contrast plain27](readout.json)                     | 0/2                    |          | 0/0                      | 0/2                            |          2 |
| [end-pass negative final control](readout.json)                           | 0/2                    |          | 0/0                      | 0/2                            |          2 |
| [end-pass erased1 J-lens](readout.json)                                   | 0/2                    |          | 0/0                      | 0/2                            |          2 |
| [end-pass erased0.5 J-lens](readout.json)                                 | 0/2                    |          | 0/0                      | 0/2                            |          2 |
| [end-pass erased1 plain24](readout.json)                                  | 0/2                    |          | 0/0                      | 0/2                            |          2 |
| [end-pass erased0.5 plain24](readout.json)                                | 0/2                    |          | 0/0                      | 0/2                            |          2 |
| [end-pass erased1 plain27](readout.json)                                  | 0/2                    |          | 0/0                      | 0/2                            |          2 |
| [end-pass erased0.5 plain27](readout.json)                                | 0/2                    |          | 0/0                      | 0/2                            |          2 |
| [end-pass input-prefix erased0.5 J-lens](readout.json)                    | 0/2                    |          | 0/0                      | 0/2                            |          2 |
| [end-pass input-prefix erased0.5 plain24](readout.json)                   | 0/2                    |          | 0/0                      | 0/2                            |          2 |
| [end-pass input-prefix erased0.5 plain27](readout.json)                   | 0/2                    |          | 0/0                      | 0/2                            |          2 |
| [end-pass input-prefix J-lens](readout.json)                              | 0/2                    |          | 0/0                      | 0/2                            |          2 |
| [end-pass input-prefix generic-reference erased0.5 J-lens](readout.json)  | 0/2                    |          | 0/0                      | 0/2                            |          2 |
| [end-pass input-prefix random-reference erased0.5 J-lens](readout.json)   | 0/2                    |          | 0/0                      | 0/2                            |          2 |
| [end-pass input-prefix generic-reference erased0.5 plain24](readout.json) | 0/2                    |          | 0/0                      | 0/2                            |          2 |
| [end-pass input-prefix random-reference erased0.5 plain24](readout.json)  | 0/2                    |          | 0/0                      | 0/2                            |          2 |
| [end-pass input-prefix generic-reference erased0.5 plain27](readout.json) | 0/2                    |          | 0/0                      | 0/2                            |          2 |
| [end-pass input-prefix random-reference erased0.5 plain27](readout.json)  | 0/2                    |          | 0/0                      | 0/2                            |          2 |



run.md: /workspace/2026/suppressed-activations/.local/tmpy8pef404/centered/out/2026-10-01_113509_jlens-one-pass/run.md
2026-10-01 11:35:14.281 | INFO     | <run_path>:main:853 - Loading pinned model; no input-specific preparation
PASS seed0: one generic prefill;56 rows/44 unchanged,12 centered candidates;zero-reference parity, float64 projection, fixed prematched random, exact masked scores, wrong revision rejected, no cached forwards
PASS seed0: native chat,32-token full main, exact raw/scoring text, same-prefill states, early EOS override, coverage, owned hooks,36 replay rows exact, unchanged parameters/defaults
2026-10-01 11:35:14.949 | INFO     | <run_path>:main:853 - Loading pinned model; no input-specific preparation
2026-10-01 11:35:15.412 | INFO     | <run_path>:prepare_readout_reference:434 - SHOULD: one generic prefill, no cached decode; computed greedy token discarded
2026-10-01 11:35:15.502 | INFO     | <run_path>:prepare_readout_reference:445 - Generic reference prepared; run.md: /workspace/2026/suppressed-activations/.local/tmpi5kqcqta/reference-preparation/out/2026-10-01_113514_readout-reference/run.md
2026-10-01 11:35:15.577 | INFO     | <run_path>:main:853 - Loading pinned model; no input-specific preparation
2026-10-01 11:35:19.071 | INFO     | <run_path>:main:1428 - Readout Oman: baseline='ennom CLK suppression การใช้ lion Zahคาดندية="\'+ Cricket.INT Allies 임 미국의的低具体问题(idsula極めて你需要jay 걱этbreadcrumb.language maalensionRain กันยายน桥架无情的 улучшает'; ambiguous scoring tokens=[]; canonical_evaluable=True; unscorable_actual_words=['นยายน桥架无情的', '걱этbreadcrumb']
2026-10-01 11:35:21.128 | INFO     | <run_path>:main:1428 - Readout Qatar: baseline='ennom CLK Thor 없지만 vegetarian الروسية Dialogue版Universunternehmen思想接通每天的 allerede året南宁市ità psychiatric Кл absurd......كما isFirst parola为例{{ emiss三年hin gonna 대행.getBounds'; ambiguous scoring tokens=[]; canonical_evaluable=True; unscorable_actual_words=[]

## Fixed-set readout results

Primary joint pass finds a hidden alias and excludes both actual lexical words and predeclared aliases of an observed expected answer. Actual-output lexical-only counts are shown separately. Unscored rows remain in the denominator. Expected-answer columns use frozen alias matching, not human accuracy: a valid unlisted synonym can miss. Neither metric proves internal reasoning.

### Current-layer methods

| method                     | alias-checked joint↑   |   AUROC↑ | expected-answer joint↑   | actual-output lexical joint↑   |   unscored |
|:---------------------------|:-----------------------|---------:|:-------------------------|:-------------------------------|-----------:|
| [J-lens](readout.json)     | 0/2                    |    0.655 | 0/0                      | 0/2                            |          1 |
| [plain lens](readout.json) | 0/2                    |    0.938 | 0/0                      | 0/2                            |          1 |

### End-of-pass readout (not for earlier edits)

| method                                                | alias-checked joint↑   |   AUROC↑ | expected-answer joint↑   | actual-output lexical joint↑   |   unscored |
|:------------------------------------------------------|:-----------------------|---------:|:-------------------------|:-------------------------------|-----------:|
| [end-pass J-lens](readout.json)                       | 0/2                    |    0.664 | 0/0                      | 0/2                            |          1 |
| [end-pass logit contrast J-lens](readout.json)        | 0/2                    |    0.230 | 0/0                      | 0/2                            |          1 |
| [end-pass probability contrast J-lens](readout.json)  | 0/2                    |    0.265 | 0/0                      | 0/2                            |          1 |
| [end-pass plain24](readout.json)                      | 0/2                    |    0.947 | 0/0                      | 0/2                            |          1 |
| [end-pass logit contrast plain24](readout.json)       | 0/2                    |    0.858 | 0/0                      | 0/2                            |          1 |
| [end-pass probability contrast plain24](readout.json) | 0/2                    |    0.894 | 0/0                      | 0/2                            |          1 |
| [end-pass plain27](readout.json)                      | 0/2                    |    0.947 | 0/0                      | 0/2                            |          1 |
| [end-pass logit contrast plain27](readout.json)       | 0/2                    |    0.841 | 0/0                      | 0/2                            |          1 |
| [end-pass probability contrast plain27](readout.json) | 0/2                    |    0.876 | 0/0                      | 0/2                            |          1 |
| [end-pass negative final control](readout.json)       | 0/2                    |    0.106 | 0/0                      | 0/2                            |          1 |
| [end-pass erased1 J-lens](readout.json)               | 0/2                    |    0.690 | 0/0                      | 0/2                            |          1 |
| [end-pass erased0.5 J-lens](readout.json)             | 0/2                    |    0.673 | 0/0                      | 0/2                            |          1 |
| [end-pass erased1 plain24](readout.json)              | 0/2                    |    0.942 | 0/0                      | 0/2                            |          1 |
| [end-pass erased0.5 plain24](readout.json)            | 0/2                    |    0.956 | 0/0                      | 0/2                            |          1 |
| [end-pass erased1 plain27](readout.json)              | 0/2                    |    0.947 | 0/0                      | 0/2                            |          1 |
| [end-pass erased0.5 plain27](readout.json)            | 0/2                    |    0.956 | 0/0                      | 0/2                            |          1 |



run.md: /workspace/2026/suppressed-activations/.local/tmpi5kqcqta/out/2026-10-01_113515_jlens-one-pass/run.md
2026-10-01 11:35:23.098 | INFO     | <run_path>:main:853 - Loading pinned model; no input-specific preparation
2026-10-01 11:35:25.966 | INFO     | <run_path>:main:1428 - Readout Oman: baseline='ennom CLK suppression การใช้ lion Zahคาดندية="\'+ Cricket.INT Allies 임 미국의的低具体问题(idsula極めて你需要jay 걱этbreadcrumb.language maalensionRain กันยายน桥架无情的 улучшает'; ambiguous scoring tokens=[]; canonical_evaluable=True; unscorable_actual_words=['นยายน桥架无情的', '걱этbreadcrumb']
2026-10-01 11:35:27.461 | INFO     | <run_path>:main:1428 - Readout Qatar: baseline='ennom CLK Thor 없지만 vegetarian الروسية Dialogue版Universunternehmen思想接通每天的 allerede året南宁市ità psychiatric Кл absurd......كما isFirst parola为例{{ emiss三年hin gonna 대행.getBounds'; ambiguous scoring tokens=[]; canonical_evaluable=True; unscorable_actual_words=[]

## Fixed-set readout results

Primary joint pass finds a hidden alias and excludes both actual lexical words and predeclared aliases of an observed expected answer. Actual-output lexical-only counts are shown separately. Unscored rows remain in the denominator. Expected-answer columns use frozen alias matching, not human accuracy: a valid unlisted synonym can miss. Neither metric proves internal reasoning.

### Current-layer methods

| method                     | alias-checked joint↑   |   AUROC↑ | expected-answer joint↑   | actual-output lexical joint↑   |   unscored |
|:---------------------------|:-----------------------|---------:|:-------------------------|:-------------------------------|-----------:|
| [J-lens](readout.json)     | 0/2                    |    0.655 | 0/0                      | 0/2                            |          1 |
| [plain lens](readout.json) | 0/2                    |    0.938 | 0/0                      | 0/2                            |          1 |

### End-of-pass readout (not for earlier edits)

| method                                                  | alias-checked joint↑   |   AUROC↑ | expected-answer joint↑   | actual-output lexical joint↑   |   unscored |
|:--------------------------------------------------------|:-----------------------|---------:|:-------------------------|:-------------------------------|-----------:|
| [end-pass J-lens](readout.json)                         | 0/2                    |    0.664 | 0/0                      | 0/2                            |          1 |
| [end-pass logit contrast J-lens](readout.json)          | 0/2                    |    0.230 | 0/0                      | 0/2                            |          1 |
| [end-pass probability contrast J-lens](readout.json)    | 0/2                    |    0.265 | 0/0                      | 0/2                            |          1 |
| [end-pass plain24](readout.json)                        | 0/2                    |    0.947 | 0/0                      | 0/2                            |          1 |
| [end-pass logit contrast plain24](readout.json)         | 0/2                    |    0.858 | 0/0                      | 0/2                            |          1 |
| [end-pass probability contrast plain24](readout.json)   | 0/2                    |    0.894 | 0/0                      | 0/2                            |          1 |
| [end-pass plain27](readout.json)                        | 0/2                    |    0.947 | 0/0                      | 0/2                            |          1 |
| [end-pass logit contrast plain27](readout.json)         | 0/2                    |    0.841 | 0/0                      | 0/2                            |          1 |
| [end-pass probability contrast plain27](readout.json)   | 0/2                    |    0.876 | 0/0                      | 0/2                            |          1 |
| [end-pass negative final control](readout.json)         | 0/2                    |    0.106 | 0/0                      | 0/2                            |          1 |
| [end-pass erased1 J-lens](readout.json)                 | 0/2                    |    0.690 | 0/0                      | 0/2                            |          1 |
| [end-pass erased0.5 J-lens](readout.json)               | 0/2                    |    0.673 | 0/0                      | 0/2                            |          1 |
| [end-pass erased1 plain24](readout.json)                | 0/2                    |    0.942 | 0/0                      | 0/2                            |          1 |
| [end-pass erased0.5 plain24](readout.json)              | 0/2                    |    0.956 | 0/0                      | 0/2                            |          1 |
| [end-pass erased1 plain27](readout.json)                | 0/2                    |    0.947 | 0/0                      | 0/2                            |          1 |
| [end-pass erased0.5 plain27](readout.json)              | 0/2                    |    0.956 | 0/0                      | 0/2                            |          1 |
| [end-pass input-prefix erased0.5 J-lens](readout.json)  | 0/2                    |    0.673 | 0/0                      | 0/2                            |          1 |
| [end-pass input-prefix erased0.5 plain24](readout.json) | 0/2                    |    0.956 | 0/0                      | 0/2                            |          1 |
| [end-pass input-prefix erased0.5 plain27](readout.json) | 0/2                    |    0.956 | 0/0                      | 0/2                            |          1 |
| [end-pass input-prefix J-lens](readout.json)            | 0/2                    |    0.664 | 0/0                      | 0/2                            |          1 |



run.md: /workspace/2026/suppressed-activations/.local/tmpi5kqcqta/replay/out/2026-10-01_113523_jlens-one-pass/run.md
PASS seed1: unmasked diagnostic scores equal direct readout/half-erasure, selected scores unchanged and replay exact
PASS seed1:44 rows/36 originals exact,8 candidate full-vocabulary top32 refills, exclusion origins, saved-score reconstruction, transformer calls blocked
2026-10-01 11:35:27.557 | INFO     | <run_path>:main:853 - Loading pinned model; no input-specific preparation
2026-10-01 11:35:30.319 | INFO     | <run_path>:main:1428 - Readout Oman: baseline='ennom CLK suppression การใช้ lion Zahคาดندية="\'+ Cricket.INT Allies 임 미국의的低具体问题(idsula極めて你需要jay 걱этbreadcrumb.language maalensionRain กันยายน桥架无情的 улучшает'; ambiguous scoring tokens=[]; canonical_evaluable=True; unscorable_actual_words=['นยายน桥架无情的', '걱этbreadcrumb']
2026-10-01 11:35:31.621 | INFO     | <run_path>:main:1428 - Readout Qatar: baseline='ennom CLK Thor 없지만 vegetarian الروسية Dialogue版Universunternehmen思想接通每天的 allerede året南宁市ità psychiatric Кл absurd......كما isFirst parola为例{{ emiss三年hin gonna 대행.getBounds'; ambiguous scoring tokens=[]; canonical_evaluable=True; unscorable_actual_words=[]

## Fixed-set readout results

Primary joint pass finds a hidden alias and excludes both actual lexical words and predeclared aliases of an observed expected answer. Actual-output lexical-only counts are shown separately. Unscored rows remain in the denominator. Expected-answer columns use frozen alias matching, not human accuracy: a valid unlisted synonym can miss. Neither metric proves internal reasoning.

### Current-layer methods

| method                     | alias-checked joint↑   |   AUROC↑ | expected-answer joint↑   | actual-output lexical joint↑   |   unscored |
|:---------------------------|:-----------------------|---------:|:-------------------------|:-------------------------------|-----------:|
| [J-lens](readout.json)     | 0/2                    |    0.655 | 0/0                      | 0/2                            |          1 |
| [plain lens](readout.json) | 0/2                    |    0.938 | 0/0                      | 0/2                            |          1 |

### End-of-pass readout (not for earlier edits)

| method                                                                    | alias-checked joint↑   |   AUROC↑ | expected-answer joint↑   | actual-output lexical joint↑   |   unscored |
|:--------------------------------------------------------------------------|:-----------------------|---------:|:-------------------------|:-------------------------------|-----------:|
| [end-pass J-lens](readout.json)                                           | 0/2                    |    0.664 | 0/0                      | 0/2                            |          1 |
| [end-pass logit contrast J-lens](readout.json)                            | 0/2                    |    0.230 | 0/0                      | 0/2                            |          1 |
| [end-pass probability contrast J-lens](readout.json)                      | 0/2                    |    0.265 | 0/0                      | 0/2                            |          1 |
| [end-pass plain24](readout.json)                                          | 0/2                    |    0.947 | 0/0                      | 0/2                            |          1 |
| [end-pass logit contrast plain24](readout.json)                           | 0/2                    |    0.858 | 0/0                      | 0/2                            |          1 |
| [end-pass probability contrast plain24](readout.json)                     | 0/2                    |    0.894 | 0/0                      | 0/2                            |          1 |
| [end-pass plain27](readout.json)                                          | 0/2                    |    0.947 | 0/0                      | 0/2                            |          1 |
| [end-pass logit contrast plain27](readout.json)                           | 0/2                    |    0.841 | 0/0                      | 0/2                            |          1 |
| [end-pass probability contrast plain27](readout.json)                     | 0/2                    |    0.876 | 0/0                      | 0/2                            |          1 |
| [end-pass negative final control](readout.json)                           | 0/2                    |    0.106 | 0/0                      | 0/2                            |          1 |
| [end-pass erased1 J-lens](readout.json)                                   | 0/2                    |    0.690 | 0/0                      | 0/2                            |          1 |
| [end-pass erased0.5 J-lens](readout.json)                                 | 0/2                    |    0.673 | 0/0                      | 0/2                            |          1 |
| [end-pass erased1 plain24](readout.json)                                  | 0/2                    |    0.942 | 0/0                      | 0/2                            |          1 |
| [end-pass erased0.5 plain24](readout.json)                                | 0/2                    |    0.956 | 0/0                      | 0/2                            |          1 |
| [end-pass erased1 plain27](readout.json)                                  | 0/2                    |    0.947 | 0/0                      | 0/2                            |          1 |
| [end-pass erased0.5 plain27](readout.json)                                | 0/2                    |    0.956 | 0/0                      | 0/2                            |          1 |
| [end-pass input-prefix erased0.5 J-lens](readout.json)                    | 0/2                    |    0.673 | 0/0                      | 0/2                            |          1 |
| [end-pass input-prefix erased0.5 plain24](readout.json)                   | 0/2                    |    0.956 | 0/0                      | 0/2                            |          1 |
| [end-pass input-prefix erased0.5 plain27](readout.json)                   | 0/2                    |    0.956 | 0/0                      | 0/2                            |          1 |
| [end-pass input-prefix J-lens](readout.json)                              | 0/2                    |    0.664 | 0/0                      | 0/2                            |          1 |
| [end-pass input-prefix generic-reference erased0.5 J-lens](readout.json)  | 0/2                    |    0.947 | 0/0                      | 0/2                            |          1 |
| [end-pass input-prefix random-reference erased0.5 J-lens](readout.json)   | 0/2                    |    0.708 | 0/0                      | 0/2                            |          1 |
| [end-pass input-prefix generic-reference erased0.5 plain24](readout.json) | 0/2                    |    0.881 | 0/0                      | 0/2                            |          1 |
| [end-pass input-prefix random-reference erased0.5 plain24](readout.json)  | 0/2                    |    0.872 | 0/0                      | 0/2                            |          1 |
| [end-pass input-prefix generic-reference erased0.5 plain27](readout.json) | 0/2                    |    0.867 | 0/0                      | 0/2                            |          1 |
| [end-pass input-prefix random-reference erased0.5 plain27](readout.json)  | 0/2                    |    0.841 | 0/0                      | 0/2                            |          1 |



run.md: /workspace/2026/suppressed-activations/.local/tmpi5kqcqta/centered/out/2026-10-01_113527_jlens-one-pass/run.md
2026-10-01 11:35:31.863 | INFO     | <run_path>:main:853 - Loading pinned model; no input-specific preparation
PASS seed1: one generic prefill;56 rows/44 unchanged,12 centered candidates;zero-reference parity, float64 projection, fixed prematched random, exact masked scores, wrong revision rejected, no cached forwards
PASS seed1: native chat,32-token full main, exact raw/scoring text, same-prefill states, early EOS override, coverage, owned hooks,36 replay rows exact, unchanged parameters/defaults
PASS tiny random CPU model only; no pretrained scientific generations
