[pq] task 2774: last 38 of 38 clean lines -- /home/code/.local/share/pueue/task_logs/2774.log
Loading weights:   0%|          | 0/426 [00:00<?, ?it/s]
Loading weights: 100%|██████████| 426/426 [00:00<00:00, 8468.36it/s]
Sweden_to_Japan    Base            'Stockholm; SEK<|im_end|>'               change=0.000 coords [0.55, -0.25]->[0.55, -0.25]
   attn23 readout before ['瑞典', ' Swedish', ' Sweden', ' Stockholm', ' Nordic', '北欧', 'Sweden', ' Scandinavian']
   after  ['瑞典', ' Swedish', ' Sweden', ' Stockholm', ' Nordic', '北欧', 'Sweden', ' Scandinavian']
Sweden_to_Japan    J swap          'Stockholm; SEK<|im_end|>'               change=0.357 coords [0.55, -0.25]->[-0.25, 0.55]
   attn23 readout before ['瑞典', ' Swedish', ' Sweden', ' Stockholm', ' Nordic', '北欧', 'Sweden', ' Scandinavian']
   after  [' Japan', ' Japanese', 'Japan', '日本', ' japan', '的日本', '在日本', '是日本']
Sweden_to_Japan    plain swap      'Stockholm; SEK<|im_end|>'               change=0.291 coords [0.55, -0.25]->[0.05, 0.21]
   attn23 readout before ['瑞典', ' Swedish', ' Sweden', ' Stockholm', ' Nordic', '北欧', 'Sweden', ' Scandinavian']
   after  [' Japan', ' Nordic', '北欧', ' Göteborg', ' Scandinavian', '的日本', '瑞典', ' Stockholm']
Sweden_to_Japan    matched random  'Stockholm; SEK<|im_end|>'               change=0.357 coords [0.55, -0.25]->[0.52, -0.23]
   attn23 readout before ['瑞典', ' Swedish', ' Sweden', ' Stockholm', ' Nordic', '北欧', 'Sweden', ' Scandinavian']
   after  [' Swedish', '瑞典', ' Stockholm', ' Sweden', ' Nordic', ' Göteborg', ' Scandinavian', '北欧']
Japan_to_Sweden    Base            'Tokyo; JPY<|im_end|>'                   change=0.000 coords [-0.15, 0.34]->[-0.15, 0.34]
   attn23 readout before [' Japan', ' Japanese', ' japan', 'Japan', '是日本', ' япон', ' Япон', ' Jepang']
   after  [' Japan', ' Japanese', ' japan', 'Japan', '是日本', ' япон', ' Япон', ' Jepang']
Japan_to_Sweden    J swap          'Tokyo; JPY<|im_end|>'                   change=0.240 coords [-0.15, 0.34]->[0.34, -0.15]
   attn23 readout before [' Japan', ' Japanese', ' japan', 'Japan', '是日本', ' япон', ' Япон', ' Jepang']
   after  [' Sweden', 'Sweden', '瑞典', ' Sulawesi', ' Swedish', ' Stockholm', '大阪', ' sweden']
Japan_to_Sweden    plain swap      'Tokyo; JPY<|im_end|>'                   change=0.091 coords [-0.15, 0.34]->[-0.01, 0.21]
   attn23 readout before [' Japan', ' Japanese', ' japan', 'Japan', '是日本', ' япон', ' Япон', ' Jepang']
   after  ['大阪', ' japan', '是日本', ' Japanese', ' япон', ' Sakura', ' Japan', ' Jepang']
Japan_to_Sweden    matched random  'Tokyo; JPY<|im_end|>'                   change=0.240 coords [-0.15, 0.34]->[-0.17, 0.36]
   attn23 readout before [' Japan', ' Japanese', ' japan', 'Japan', '是日本', ' япон', ' Япон', ' Jepang']
   after  [' Japan', ' japan', ' Japanese', '是日本', ' япон', 'Japan', ' japon', '大阪']
arithmetic_control Base            '4; even<|im_end|>'                      change=0.000 coords [0.08, -0.04]->[0.08, -0.04]
   attn23 readout before ['umbo', ' Handle', 'dup', ' sequential', ' Schul', '书吧', 'MBED', '三是']
   after  ['umbo', ' Handle', 'dup', ' sequential', ' Schul', '书吧', 'MBED', '三是']
arithmetic_control J swap          '4; even<|im_end|>'                      change=0.023 coords [0.08, -0.04]->[-0.04, 0.08]
   attn23 readout before ['umbo', ' Handle', 'dup', ' sequential', ' Schul', '书吧', 'MBED', '三是']
   after  ['umbo', ' Handle', 'dup', ' sequential', ' Schul', '书吧', '三是', ' modulo']
arithmetic_control plain swap      '4; even<|im_end|>'                      change=0.025 coords [0.08, -0.04]->[0.06, -0.01]
   attn23 readout before ['umbo', ' Handle', 'dup', ' sequential', ' Schul', '书吧', 'MBED', '三是']
   after  ['umbo', ' Handle', 'dup', ' sequential', ' Schul', '书吧', 'athy', '三是']
arithmetic_control matched random  '4; even<|im_end|>'                      change=0.023 coords [0.08, -0.04]->[0.08, -0.03]
   attn23 readout before ['umbo', ' Handle', 'dup', ' sequential', ' Schul', '书吧', 'MBED', '三是']
   after  [' Handle', 'umbo', ' sequential', 'dup', ' Schul', '三是', 'MBED', '书吧']
