[pq] task 2765: last 58 of 58 clean lines -- /home/code/.local/share/pueue/task_logs/2765.log
Loading weights:   0%|          | 0/426 [00:00<?, ?it/s]
Loading weights: 100%|██████████| 426/426 [00:00<00:00, 6788.81it/s]
| set         | method       |   F1@8 | hidden in top8   | said word in top8   | hidden, not said   |
|:------------|:-------------|-------:|:-----------------|:--------------------|:-------------------|
| translation | lin16 plain  |  0.000 | 0/48             | 0/48                | 0/48               |
| translation | lin16 J      |  0.000 | 0/48             | 0/48                | 0/48               |
| translation | lin17 plain  |  0.000 | 0/48             | 0/48                | 0/48               |
| translation | lin17 J      |  0.000 | 0/48             | 0/48                | 0/48               |
| translation | lin18 plain  |  0.020 | 6/48             | 2/48                | 4/48               |
| translation | lin18 J      |  0.074 | 17/48            | 0/48                | 17/48              |
| translation | attn19 plain |  0.074 | 13/48            | 0/48                | 13/48              |
| translation | attn19 J     |  0.189 | 39/48            | 0/48                | 39/48              |
| translation | lin20 plain  |  0.000 | 0/48             | 0/48                | 0/48               |
| translation | lin20 J      |  0.003 | 1/48             | 0/48                | 1/48               |
| translation | lin21 plain  |  0.000 | 0/48             | 0/48                | 0/48               |
| translation | lin21 J      |  0.000 | 0/48             | 0/48                | 0/48               |
| translation | lin22 plain  |  0.011 | 3/48             | 1/48                | 2/48               |
| translation | lin22 J      |  0.172 | 28/48            | 0/48                | 28/48              |
| translation | attn23 plain |  0.342 | 37/48            | 0/48                | 37/48              |
| translation | attn23 J     |  0.401 | 44/48            | 0/48                | 44/48              |
| translation | lin24 plain  |  0.134 | 16/48            | 3/48                | 13/48              |
| translation | lin24 J      |  0.165 | 17/48            | 1/48                | 16/48              |
| translation | lin25 plain  |  0.025 | 6/48             | 1/48                | 6/48               |
| translation | lin25 J      |  0.087 | 12/48            | 0/48                | 12/48              |
| translation | lin26 plain  |  0.074 | 6/48             | 0/48                | 6/48               |
| translation | lin26 J      |  0.086 | 8/48             | 1/48                | 7/48               |
| translation | attn27 plain |  0.000 | 0/48             | 0/48                | 0/48               |
| translation | attn27 J     |  0.000 | 0/48             | 0/48                | 0/48               |
| translation | lin28 plain  |  0.000 | 0/48             | 0/48                | 0/48               |
| translation | lin28 J      |  0.000 | 0/48             | 0/48                | 0/48               |
| translation | lin29 plain  |  0.021 | 6/48             | 2/48                | 4/48               |
| translation | lin29 J      |  0.032 | 6/48             | 2/48                | 4/48               |
| translation | lin30 plain  |  0.000 | 0/48             | 0/48                | 0/48               |
| translation | lin30 J      |  0.005 | 2/48             | 0/48                | 2/48               |
chosen on translation: attn23 J
| set         | method   |   F1@8 | hidden in top8   | said word in top8   | hidden, not said   |
|:------------|:---------|-------:|:-----------------|:--------------------|:-------------------|
| translation | attn23 J |  0.401 | 44/48            | 0/48                | 44/48              |
| v3          | attn23 J |  0.192 | 12/16            | 4/16                | 8/16               |
| v4          | attn23 J |  0.043 | 1/8              | 0/8                 | 1/8                |
English, every layer (diagnostic, not selection):
| set   | method       |   F1@8 | hidden in top8   | said word in top8   | hidden, not said   |
|:------|:-------------|-------:|:-----------------|:--------------------|:-------------------|
| v3    | lin20 plain  |  0.078 | 5/16             | 2/16                | 3/16               |
| v3    | lin20 J      |  0.124 | 8/16             | 6/16                | 3/16               |
| v3    | attn23 plain |  0.132 | 8/16             | 3/16                | 5/16               |
| v3    | attn23 J     |  0.192 | 12/16            | 4/16                | 8/16               |
| v3    | lin24 J      |  0.125 | 8/16             | 5/16                | 4/16               |
| v3    | lin25 J      |  0.107 | 6/16             | 3/16                | 3/16               |
| v3    | lin29 plain  |  0.118 | 8/16             | 6/16                | 3/16               |
| v3    | lin29 J      |  0.146 | 8/16             | 7/16                | 2/16               |
| v4    | lin25 plain  |  0.123 | 2/8              | 0/8                 | 2/8                |
| v4    | lin25 J      |  0.123 | 2/8              | 1/8                 | 2/8                |
| v4    | lin29 J      |  0.067 | 4/8              | 1/8                 | 3/8                |
v3 attn23 J Sweden [' Swedish', '瑞典', ' Sweden', 'Sweden', ' Scandinavian', '北欧', ' Göteborg', ' Nordic']
v3 attn23 J snake [' rept', ' lizard', ' snakes', '舌头', '蛇', ' snake', ' tongues', '蟒']
v4 attn23 J Thursday ['北欧', '丹麦', ' Copenhagen', ' Nordic', ' Scandinavian', ' weekend', '瑞典', 'openhagen']
v4 attn23 J violin [' families', '-family', '家族', ' Families', '_family', '家族的', '家庭成员', ' Familien']
