[pq] task 2766: last 55 of 55 clean lines -- /home/code/.local/share/pueue/task_logs/2766.log
Loading weights:   0%|          | 0/426 [00:00<?, ?it/s]
Loading weights: 100%|██████████| 426/426 [00:00<00:00, 7707.92it/s]
| set         | method                          |   F1@8 | hidden in top8   | said word in top8   | hidden, not said   |
|:------------|:--------------------------------|-------:|:-----------------|:--------------------|:-------------------|
| translation | plain27                         |  0.446 | 45/48            | 5/48                | 40/48              |
| translation | J29                             |  0.461 | 46/48            | 20/48               | 27/48              |
| translation | rise-fall plain 22/27/32        |  0.291 | 41/48            | 0/48                | 41/48              |
| translation | prob rise-fall plain 22/27/32   |  0.430 | 45/48            | 5/48                | 40/48              |
| translation | rise-fall J 22/27/out           |  0.429 | 47/48            | 0/48                | 47/48              |
| translation | fall-only J 27/out              |  0.358 | 47/48            | 0/48                | 47/48              |
| translation | prob rise-fall J 22/27/out      |  0.397 | 46/48            | 0/48                | 46/48              |
| translation | prob word rise-fall J 22/27/out |  0.395 | 46/48            | 0/48                | 46/48              |
| translation | prob fall-only J 27/out         |  0.451 | 46/48            | 2/48                | 44/48              |
| translation | rise-fall J 22/29/out           |  0.455 | 46/48            | 2/48                | 44/48              |
| translation | fall-only J 29/out              |  0.403 | 47/48            | 0/48                | 47/48              |
| translation | prob rise-fall J 22/29/out      |  0.449 | 45/48            | 14/48               | 32/48              |
| translation | prob word rise-fall J 22/29/out |  0.441 | 45/48            | 11/48               | 35/48              |
| translation | prob fall-only J 29/out         |  0.463 | 46/48            | 15/48               | 32/48              |
| v3          | plain27                         |  0.056 | 5/16             | 11/16               | 1/16               |
| v3          | J29                             |  0.133 | 10/16            | 14/16               | 0/16               |
| v3          | rise-fall plain 22/27/32        |  0.000 | 0/16             | 0/16                | 0/16               |
| v3          | prob rise-fall plain 22/27/32   |  0.047 | 5/16             | 6/16                | 3/16               |
| v3          | rise-fall J 22/27/out           |  0.081 | 4/16             | 6/16                | 1/16               |
| v3          | fall-only J 27/out              |  0.035 | 3/16             | 4/16                | 2/16               |
| v3          | prob rise-fall J 22/27/out      |  0.041 | 4/16             | 8/16                | 1/16               |
| v3          | prob word rise-fall J 22/27/out |  0.034 | 3/16             | 7/16                | 1/16               |
| v3          | prob fall-only J 27/out         |  0.054 | 5/16             | 7/16                | 1/16               |
| v3          | rise-fall J 22/29/out           |  0.057 | 4/16             | 8/16                | 2/16               |
| v3          | fall-only J 29/out              |  0.038 | 2/16             | 7/16                | 1/16               |
| v3          | prob rise-fall J 22/29/out      |  0.069 | 5/16             | 12/16               | 2/16               |
| v3          | prob word rise-fall J 22/29/out |  0.050 | 4/16             | 12/16               | 2/16               |
| v3          | prob fall-only J 29/out         |  0.070 | 6/16             | 12/16               | 3/16               |
| v4          | plain27                         |  0.113 | 4/8              | 5/8                 | 2/8                |
| v4          | J29                             |  0.170 | 6/8              | 7/8                 | 1/8                |
| v4          | rise-fall plain 22/27/32        |  0.000 | 0/8              | 1/8                 | 0/8                |
| v4          | prob rise-fall plain 22/27/32   |  0.069 | 3/8              | 5/8                 | 2/8                |
| v4          | rise-fall J 22/27/out           |  0.123 | 4/8              | 6/8                 | 1/8                |
| v4          | fall-only J 27/out              |  0.071 | 3/8              | 6/8                 | 1/8                |
| v4          | prob rise-fall J 22/27/out      |  0.136 | 5/8              | 4/8                 | 3/8                |
| v4          | prob word rise-fall J 22/27/out |  0.118 | 5/8              | 3/8                 | 4/8                |
| v4          | prob fall-only J 27/out         |  0.108 | 5/8              | 5/8                 | 2/8                |
| v4          | rise-fall J 22/29/out           |  0.053 | 2/8              | 6/8                 | 1/8                |
| v4          | fall-only J 29/out              |  0.042 | 2/8              | 6/8                 | 0/8                |
| v4          | prob rise-fall J 22/29/out      |  0.129 | 4/8              | 7/8                 | 1/8                |
| v4          | prob word rise-fall J 22/29/out |  0.115 | 4/8              | 6/8                 | 2/8                |
| v4          | prob fall-only J 29/out         |  0.129 | 4/8              | 6/8                 | 2/8                |
v3 prob rise-fall J 22/27/out Sweden [' Stockholm', '瑞典', '羿', '特别是对', '第三批', ' nues', ' espe', ' lash']
v3 prob word rise-fall J 22/27/out Sweden [' Stockholm', '瑞典', '羿', '特别是对', '第三批', ' nues', '特别是', ' testers']
v3 prob fall-only J 27/out Sweden [' Stockholm', ' Swedish', '瑞典', ' Sverige', '北欧', '丹麦', '挪威', 'Germain']
v3 prob rise-fall J 22/27/out snake [' snakes', ' snake', ' lizard', ' rept', ' Gecko', 'snake', '蛇', ' Snake']
v3 prob word rise-fall J 22/27/out snake [' snakes', ' snake', ' lizard', ' rept', ' Gecko', 'snake', '蛇', ' Snake']
v3 prob fall-only J 27/out snake [' snakes', ' snake', ' lizard', ' rept', ' Gecko', 'snake', '蛇', ' Snake']
v4 prob rise-fall J 22/27/out Thursday [' Wednesday', ' Thursday', 'Wednesday', 'Thursday', ' porsi', 'ienes', '早前', 'Managing']
v4 prob word rise-fall J 22/27/out Thursday [' Wednesday', ' Thursday', ' porsi', 'ienes', '早前', '一式', '多年的', '并进']
v4 prob fall-only J 27/out Thursday [' Wednesday', ' Thursday', ' Tuesday', ' Monday', '周一', '周四', '周五', '周三']
