[pq] task 2768: last 51 of 51 clean lines -- /home/code/.local/share/pueue/task_logs/2768.log
Loading weights:   0%|          | 0/426 [00:00<?, ?it/s]
Loading weights: 100%|██████████| 426/426 [00:00<00:00, 4845.61it/s]
| set         | method      |   F1@8 | hidden in top8   | said word in top8   | hidden, not said   |
|:------------|:------------|-------:|:-----------------|:--------------------|:-------------------|
| translation | mlp16 plain |  0.000 | 0/48             | 0/48                | 0/48               |
| translation | mlp16 J     |  0.000 | 0/48             | 0/48                | 0/48               |
| translation | mlp17 plain |  0.000 | 0/48             | 0/48                | 0/48               |
| translation | mlp17 J     |  0.000 | 0/48             | 0/48                | 0/48               |
| translation | mlp18 plain |  0.000 | 0/48             | 0/48                | 0/48               |
| translation | mlp18 J     |  0.000 | 0/48             | 0/48                | 0/48               |
| translation | mlp19 plain |  0.000 | 0/48             | 0/48                | 0/48               |
| translation | mlp19 J     |  0.000 | 0/48             | 0/48                | 0/48               |
| translation | mlp20 plain |  0.000 | 0/48             | 0/48                | 0/48               |
| translation | mlp20 J     |  0.087 | 10/48            | 0/48                | 10/48              |
| translation | mlp21 plain |  0.000 | 0/48             | 0/48                | 0/48               |
| translation | mlp21 J     |  0.000 | 0/48             | 0/48                | 0/48               |
| translation | mlp22 plain |  0.015 | 5/48             | 0/48                | 5/48               |
| translation | mlp22 J     |  0.050 | 7/48             | 0/48                | 7/48               |
| translation | mlp23 plain |  0.066 | 6/48             | 1/48                | 5/48               |
| translation | mlp23 J     |  0.069 | 6/48             | 1/48                | 5/48               |
| translation | mlp24 plain |  0.078 | 9/48             | 0/48                | 9/48               |
| translation | mlp24 J     |  0.084 | 9/48             | 0/48                | 9/48               |
| translation | mlp25 plain |  0.128 | 14/48            | 1/48                | 13/48              |
| translation | mlp25 J     |  0.160 | 15/48            | 0/48                | 15/48              |
| translation | mlp26 plain |  0.256 | 27/48            | 1/48                | 26/48              |
| translation | mlp26 J     |  0.256 | 27/48            | 0/48                | 27/48              |
| translation | mlp27 plain |  0.131 | 11/48            | 1/48                | 10/48              |
| translation | mlp27 J     |  0.177 | 15/48            | 1/48                | 14/48              |
| translation | mlp28 plain |  0.236 | 24/48            | 11/48               | 18/48              |
| translation | mlp28 J     |  0.277 | 25/48            | 16/48               | 17/48              |
| translation | mlp29 plain |  0.000 | 0/48             | 16/48               | 0/48               |
| translation | mlp29 J     |  0.003 | 1/48             | 23/48               | 0/48               |
| translation | mlp30 plain |  0.000 | 0/48             | 2/48                | 0/48               |
| translation | mlp30 J     |  0.000 | 0/48             | 7/48                | 0/48               |
chosen on translation: mlp28 J
| set         | method   |   F1@8 | hidden in top8   | said word in top8   | hidden, not said   |
|:------------|:---------|-------:|:-----------------|:--------------------|:-------------------|
| translation | mlp28 J  |  0.277 | 25/48            | 16/48               | 17/48              |
| v3          | mlp28 J  |  0.000 | 0/16             | 3/16                | 0/16               |
| v4          | mlp28 J  |  0.068 | 2/8              | 4/8                 | 1/8                |
English, every layer (diagnostic, not selection):
| set   | method      |   F1@8 | hidden in top8   | said word in top8   | hidden, not said   |
|:------|:------------|-------:|:-----------------|:--------------------|:-------------------|
| v4    | mlp24 J     |  0.068 | 2/8              | 1/8                 | 2/8                |
| v4    | mlp26 plain |  0.090 | 5/8              | 2/8                 | 4/8                |
| v4    | mlp26 J     |  0.129 | 5/8              | 2/8                 | 4/8                |
| v4    | mlp28 J     |  0.068 | 2/8              | 4/8                 | 1/8                |
v3 mlp28 J Sweden [' different', 'different', ' bigger', ' Different', 'radi', ' larger', '_different', ' ranging']
v3 mlp28 J snake [' eight', ' Eight', 'Eight', '8', ' five', 'eight', '八大', '-eight']
v4 mlp28 J Thursday [' observed', ' known', ' related', ' celebrated', ' categorized', ' inferred', ' detected', ' observe']
v4 mlp28 J violin [' related', ' Classical', ' identical', ' classical', ' CONC', ' l', ' found', ' associated']
