[pq] task 2770: last 31 of 31 clean lines -- /home/code/.local/share/pueue/task_logs/2770.log
Loading weights:   0%|          | 0/426 [00:00<?, ?it/s]
Loading weights: 100%|██████████| 426/426 [00:00<00:00, 5617.12it/s]
| subset         | method                | hidden in top8   | said word in top8   | hidden, not said   |
|:---------------|:----------------------|:-----------------|:--------------------|:-------------------|
| all 62         | plain27               | 6/62             | 26/62               | 2/62               |
| all 62         | J29                   | 4/62             | 29/62               | 1/62               |
| all 62         | rise-fall J 22/27/out | 3/62             | 12/62               | 3/62               |
| all 62         | attn23 J              | 15/62            | 14/62               | 9/62               |
| all 62         | attn23 J minus said   | 14/62            | 12/62               | 8/62               |
| answer correct | plain27               | 3/16             | 6/16                | 1/16               |
| answer correct | J29                   | 1/16             | 8/16                | 0/16               |
| answer correct | rise-fall J 22/27/out | 2/16             | 1/16                | 2/16               |
| answer correct | attn23 J              | 3/16             | 6/16                | 2/16               |
| answer correct | attn23 J minus said   | 2/16             | 6/16                | 1/16               |
unscorable (bridge words all in prompt): 0
Bulgaria           -> Sofia          -----      [' capitals', ' Capitals', ' Kabul', ' Islamabad', ' Kap', '-capital', '_cap', ' Taliban']
Iceland            -> Reykjavík      -----      [' capitals', ' Oslo', ' Capitals', ' Icelandic', '冰岛', ' Stockholm', ' Nordic', '北欧']
Turkey             -> Recep Tayyip E ----- SAID [' Ankara', ' Erdoğan', ' Erdogan', ' Atat', ' Mehmet', ' Istanbul', ' PKK', ' Azerbaijan']
Republic of the Co -> Denis Sassou-N found      [' Congo', ' Dakar', ' Zambia', ' Angola', '非洲', ' French', ' African', ' Rwanda']
Malta              -> George William found SAID [' Malta', '地中海', ' Palermo', ' Albania', ' Palma', ' Cyprus', ' Mediterranean', ' Puglia']
id Software        -> United States  -----      [' Borders', 'Borders', ' Idaho', ' Border', '-border', '撒娇', 'border', '新三板']
Duke University    -> Durham         ----- SAID [' Durham', 'NC', ' NC', 'ukes', 'uke', '公爵', ' Drake', 'DN']
Osmania University -> Hyderabad      ----- SAID [' Hyderabad', ' Riyadh', ' Rajasthan', ' Saudi', ' Arabian', ' Imam', ' TEX', ' Texas']
The Incredibles    -> Brad Bird      -----      [' Dirk', ' directory', 'directory', ' directors', 'iran', 'dirname', '-directory', ' Gil']
Buck Rogers in the -> United States  -----      [' Montana', ' Borders', ' Brazil', ' Mexico', 'Borders', 'mont', ' Argentina', ' Bonds']
The Hobbit         -> J. R. R. Tolki ----- SAID [' Tolkien', ' Minecraft', ' Finnish', ' Welsh', ' Norse', '威尔士', ' Icelandic', ' Warcraft']
The Metamorphosis  -> Franz Kafka    -----      [' Prague', '维也纳', ' Czech', ' Austrian', '奥地利', '捷克', ' Austria', ' Vienna']
Alan Parrish       -> Robin Williams -----      [' Jungle', ' Jacksonville', ' Jaguars', 'JD', '-J', '-j', ' Jump', ' JO']
Luanda             -> Angola         -----      ['葡萄牙', '安顺', ' António', ' angular', '非洲', '葡', ' Angelo', '-angular']
Addis Ababa        -> Ethiopia       -----      [' Uganda', ' Nairobi', ' Uruguay', ' Manaus', '高原', ' Mozilla', '.eclipse', '遵义']
Maceió             -> Brazil         ----- SAID [' Alabama', ' Bahia', ' Recife', ' Pernambuco', ' Brazilian', '巴西', ' Braz', 'Alabama']
