[pq] task 2761: last 75 of 75 clean lines -- /home/code/.local/share/pueue/task_logs/2761.log
Loading weights:   0%|          | 0/426 [00:00<?, ?it/s]
Loading weights:  27%|██▋       | 116/426 [00:00<00:00, 1150.57it/s]
Loading weights: 100%|██████████| 426/426 [00:00<00:00, 2517.06it/s]
ridge fit on 300 texts, 34351 tokens
| set         | method                      |   F1@8 | hidden in top8   | said word in top8   | hidden, not said   |
|:------------|:----------------------------|-------:|:-----------------|:--------------------|:-------------------|
| translation | plain27                     |  0.446 | 45/48            | 5/48                | 40/48              |
| translation | plain27 ⊥ h32               |  0.402 | 46/48            | 3/48                | 43/48              |
| translation | plain27 − ridge→h32 λ=0.001 |  0.034 | 12/48            | 0/48                | 12/48              |
| translation | plain27 − ridge→h32 λ=0.1   |  0.132 | 29/48            | 4/48                | 25/48              |
| translation | J29                         |  0.461 | 46/48            | 20/48               | 27/48              |
| translation | J29 ⊥ h32                   |  0.461 | 47/48            | 10/48               | 37/48              |
| translation | J29 − ridge→h32 λ=0.001     |  0.248 | 43/48            | 7/48                | 38/48              |
| translation | J29 − ridge→h32 λ=0.1       |  0.303 | 43/48            | 17/48               | 29/48              |
| v3          | plain27                     |  0.056 | 5/16             | 11/16               | 1/16               |
| v3          | plain27 ⊥ h32               |  0.013 | 1/16             | 2/16                | 1/16               |
| v3          | plain27 − ridge→h32 λ=0.001 |  0.000 | 0/16             | 0/16                | 0/16               |
| v3          | plain27 − ridge→h32 λ=0.1   |  0.000 | 0/16             | 0/16                | 0/16               |
| v3          | J29                         |  0.133 | 10/16            | 14/16               | 0/16               |
| v3          | J29 ⊥ h32                   |  0.055 | 3/16             | 10/16               | 1/16               |
| v3          | J29 − ridge→h32 λ=0.001     |  0.041 | 4/16             | 7/16                | 1/16               |
| v3          | J29 − ridge→h32 λ=0.1       |  0.054 | 5/16             | 10/16               | 2/16               |
| v4          | plain27                     |  0.113 | 4/8              | 5/8                 | 2/8                |
| v4          | plain27 ⊥ h32               |  0.017 | 1/8              | 2/8                 | 1/8                |
| v4          | plain27 − ridge→h32 λ=0.001 |  0.000 | 0/8              | 0/8                 | 0/8                |
| v4          | plain27 − ridge→h32 λ=0.1   |  0.000 | 0/8              | 1/8                 | 0/8                |
| v4          | J29                         |  0.170 | 6/8              | 7/8                 | 1/8                |
| v4          | J29 ⊥ h32                   |  0.080 | 4/8              | 6/8                 | 2/8                |
| v4          | J29 − ridge→h32 λ=0.001     |  0.046 | 2/8              | 5/8                 | 1/8                |
| v4          | J29 − ridge→h32 λ=0.1       |  0.088 | 4/8              | 6/8                 | 2/8                |
translation plain27 ⊥ h32 cloud [' cloud', '云', 'cloud', ' clouds', ' Cloud', 'Cloud', '云的', '-cloud']
translation plain27 − ridge→h32 λ=0.1 cloud ['云', '云的', '云彩', '-cloud', '云计算', '云端', ' Cloud', '云飞']
translation J29 cloud [' cloud', 'cloud', ' Cloud', 'Cloud', ' clouds', '-cloud', '云', '雲']
translation J29 ⊥ h32 cloud [' cloud', ' Cloud', 'cloud', ' clouds', 'Cloud', '-cloud', '云', '/cloud']
translation J29 − ridge→h32 λ=0.1 cloud [' Cloud', ' cloud', ' clouds', 'cloud', '-cloud', '云', '云的', 'Cloud']
translation plain27 ⊥ h32 cloud ['云', ' cloud', 'cloud', ' clouds', ' Cloud', 'Cloud', '-cloud', '云的']
translation plain27 − ridge→h32 λ=0.1 cloud ['云', '云的', '云彩', '云端', ' обла', '_cloud', '云层', '-cloud']
translation J29 cloud [' cloud', 'cloud', ' Cloud', 'Cloud', ' clouds', '-cloud', '云', '雲']
translation J29 ⊥ h32 cloud [' cloud', 'cloud', ' Cloud', 'Cloud', ' clouds', '-cloud', '云', '/cloud']
translation J29 − ridge→h32 λ=0.1 cloud [' cloud', 'cloud', ' Cloud', 'Cloud', ' clouds', '-cloud', '.cloud', '云的']
translation plain27 ⊥ h32 cloud [' cloud', '云', 'cloud', ' clouds', ' Cloud', 'Cloud', '-cloud', '云的']
translation plain27 − ridge→h32 λ=0.1 cloud ['云', '云的', '云彩', ' Cloud', '云端', '云计算', '-cloud', 'cloud']
translation J29 cloud [' cloud', 'cloud', ' Cloud', 'Cloud', ' clouds', '-cloud', '云', '_cloud']
translation J29 ⊥ h32 cloud [' cloud', ' Cloud', 'cloud', 'Cloud', ' clouds', '-cloud', '云', '/cloud']
translation J29 − ridge→h32 λ=0.1 cloud [' Cloud', ' cloud', ' clouds', 'cloud', '-cloud', 'Cloud', '云', '云的']
translation plain27 ⊥ h32 cloud ['云', ' cloud', 'cloud', ' Cloud', ' clouds', 'Cloud', '-cloud', '云的']
translation plain27 − ridge→h32 λ=0.1 cloud ['云', '云的', '云彩', '云端', '_cloud', ' обла', '-cloud', ' Cloud']
translation J29 cloud [' cloud', 'cloud', ' Cloud', 'Cloud', ' clouds', '-cloud', '云', '雲']
translation J29 ⊥ h32 cloud [' cloud', 'cloud', ' Cloud', 'Cloud', ' clouds', '-cloud', '云', '/cloud']
translation J29 − ridge→h32 λ=0.1 cloud [' cloud', ' Cloud', 'cloud', 'Cloud', ' clouds', '-cloud', '.cloud', '云的']
translation plain27 ⊥ h32 cloud ['云', ' cloud', ' Cloud', ' clouds', 'cloud', 'Cloud', '云的', '雲']
translation plain27 − ridge→h32 λ=0.1 cloud ['云', '云计算', '云的', ' clouds', '云彩', '云端', ' cloud', '云服务']
translation J29 cloud [' Cloud', ' cloud', 'cloud', 'Cloud', ' clouds', '云', '-cloud', '_cloud']
translation J29 ⊥ h32 cloud [' Cloud', ' cloud', 'cloud', 'Cloud', ' clouds', '云', '-cloud', '_cloud']
translation J29 − ridge→h32 λ=0.1 cloud [' cloud', ' Cloud', 'Cloud', 'cloud', ' clouds', '-cloud', '云的', '_cloud']
translation plain27 ⊥ h32 cloud ['云', ' cloud', ' Cloud', ' clouds', 'cloud', '云的', '雲', 'Cloud']
translation plain27 − ridge→h32 λ=0.1 cloud ['云', '云的', ' обла', '云彩', ' clouds', '云计算', '云飞', '-cloud']
translation J29 cloud [' cloud', 'cloud', ' Cloud', 'Cloud', ' clouds', '云', '-cloud', '雲']
translation J29 ⊥ h32 cloud [' cloud', ' Cloud', 'cloud', 'Cloud', ' clouds', '云', '-cloud', '_cloud']
translation J29 − ridge→h32 λ=0.1 cloud [' cloud', ' Cloud', 'cloud', 'Cloud', ' clouds', '-cloud', '云的', '_cloud']
v3 plain27 ⊥ h32 Sweden [' Haga', 'Stock', '马克', 'anyak', '猪肉', '瑞典', ' stockholm', ' svenska']
v3 plain27 − ridge→h32 λ=0.1 Sweden [' Haga', '马克', ' andrà', ' milen', '以内に', 'Chicken', 'полне', '猪肉']
v3 J29 Sweden [' Stockholm', ' Sweden', ' Swedish', 'Sweden', ' stockholm', ' Oslo', ' sweden', ' Helsinki']
v3 J29 ⊥ h32 Sweden [' stockholm', 'Sweden', ' sweden', '瑞典', ' Stockholm', ' Sweden', ' Swedish', ' السويد']
v3 J29 − ridge→h32 λ=0.1 Sweden [' stockholm', ' Stockholm', 'Sweden', ' sweden', '瑞典', ' السويد', 'ストック', ' sverige']
v3 plain27 ⊥ h32 snake [' Accesso', ' Profesor', '依法须经', '很好奇', '进出口业务', '頂けます', ' Prodotti', ' Inizi']
v3 plain27 − ridge→h32 λ=0.1 snake [' Publicidad', ' Acomp', ' Confé', ' Accesso', ' Prodotti', ' Condizioni', ' Profesor', ' Comunale']
v3 J29 snake [' eight', ' four', ' five', ' six', ' seven', ' snakes', ' zero', ' snake']
v3 J29 ⊥ h32 snake ['pets', '-cat', '».**', 'quartered', 'five', 'ห้า', '六大', 'ocat']
v3 J29 − ridge→h32 λ=0.1 snake ['五颜六色的', '五条', '八点', ' Gecko', '!”.', '🙂', '五是', '."\\']
v4 plain27 ⊥ h32 Thursday [' среда', 'agna', ' Чет', '除恶', 'FR', 'gios', ' среду', 'rides']
v4 plain27 − ridge→h32 λ=0.1 Thursday ['agna', ' Équip', 'ại', 'iền', 'ỏa', ' Commentaires', '_FR', 'Imports']
v4 J29 Thursday [' Thursday', ' Wednesday', ' Friday', ' Tuesday', ' Saturday', ' Monday', ' Sunday', ' Thurs']
v4 J29 ⊥ h32 Thursday ['Wednesday', 'Thursday', 'Friday', 'Monday', '北欧', 'Saturday', 'Tuesday', ' friday']
v4 J29 − ridge→h32 λ=0.1 Thursday ['北欧', ' montag', ' lév', 'rek', ' stockholm', 'Thursday', ' вторник', ' friday']
