[pq] task 2733: last 40 of 40 clean lines -- /home/code/.local/share/pueue/task_logs/2733.log
Loading weights:   0%|          | 0/426 [00:00<?, ?it/s]
Loading weights:  54%|█████▍    | 231/426 [00:00<00:00, 2265.56it/s]
Loading weights: 100%|██████████| 426/426 [00:00<00:00, 3146.83it/s]
| set   | position   | method   |   F1@8 |   F1@32 | found∧unsaid   |
|:------|:-----------|:---------|-------:|--------:|:---------------|
| v3    | final      | plain16  |  0.000 |   0.000 | 0/16           |
| v3    | final      | plain20  |  0.000 |   0.000 | 0/16           |
| v3    | final      | plain24  |  0.000 |   0.003 | 1/16           |
| v3    | final      | plain27  |  0.062 |   0.074 | 5/16           |
| v3    | final      | J16      |  0.000 |   0.000 | 0/16           |
| v3    | final      | J20      |  0.000 |   0.000 | 0/16           |
| v3    | final      | J24      |  0.077 |   0.048 | 11/16          |
| v3    | clue       | plain16  |  0.000 |   0.000 | 0/16           |
| v3    | clue       | plain20  |  0.000 |   0.002 | 1/16           |
| v3    | clue       | plain24  |  0.034 |   0.032 | 6/16           |
| v3    | clue       | plain27  |  0.172 |   0.097 | 8/16           |
| v3    | clue       | J16      |  0.058 |   0.040 | 7/16           |
| v3    | clue       | J20      |  0.053 |   0.039 | 6/16           |
| v3    | clue       | J24      |  0.119 |   0.110 | 13/16          |
| v4    | final      | plain16  |  0.000 |   0.000 | 0/8            |
| v4    | final      | plain20  |  0.000 |   0.000 | 0/8            |
| v4    | final      | plain24  |  0.000 |   0.005 | 1/8            |
| v4    | final      | plain27  |  0.113 |   0.131 | 5/8            |
| v4    | final      | J16      |  0.000 |   0.000 | 0/8            |
| v4    | final      | J20      |  0.000 |   0.006 | 1/8            |
| v4    | final      | J24      |  0.065 |   0.078 | 4/8            |
| v4    | clue       | plain16  |  0.000 |   0.000 | 0/8            |
| v4    | clue       | plain20  |  0.000 |   0.000 | 0/8            |
| v4    | clue       | plain24  |  0.000 |   0.000 | 0/8            |
| v4    | clue       | plain27  |  0.106 |   0.077 | 3/8            |
| v4    | clue       | J16      |  0.000 |   0.006 | 1/8            |
| v4    | clue       | J20      |  0.000 |   0.000 | 0/8            |
| v4    | clue       | J24      |  0.049 |   0.032 | 4/8            |
clue tokens: [('Chile', 'o'), ('December', ' Day'), ('Denmark', ' Aarhus'), ('Finland', 'ere'), ('Hamlet', "'"), ('Italy', ' Florence'), ('Netherlands', ' Rotterdam'), ('Peru', 'usco'), ('Sweden', 'burg'), ('Switzerland', ' Geneva'), ('Thursday', ' Thor'), ('apple', ' White'), ('autumn', ' leaves'), ('bat', ' down'), ('bear', 'oh'), ('beetle', ' balls'), ('butterfly', ' flowers'), ('crab', ' shell'), ('hydrogen', ' element'), ('rabbit', "?'"), ('snake', ' tongue'), ('triangle', ' points'), ('violin', ' Holmes'), ('whale', ' ocean')]
plain20 Sweden ['jeti', 'avais', 'ênh', ' Topl', ' tyt', 'URT', '在内', 'стави', 'accès', 'AREST']
J20 Sweden ['.', '?', '.\\"', '.?', ' City', '?\\', ' city', '.\\', ',', '?*']
plain20 rabbit [' Rektor', '故事情', '驰名', ' Direktor', 'verity', '家喻户晓', 'tral', 'кза', '立体', 'orean']
J20 rabbit ['?\\', '.\\', '?', '\\.', '.?', '.', "?'", '.\\"', ".'", '?"']
plain20 December ['ứng', 'ساب', 'kaus', 'ساً', '_iso', ' مصلحة', '一卡通', '家长会', '_ISO', '\r\n            \r\n']
J20 December ['.', '?', '_.', '.\\', ',', '\\.', '____', '.?', '—that', '*.']
