[pq] task 2744: last 33 of 33 clean lines -- /home/code/.local/share/pueue/task_logs/2744.log
Loading weights:   0%|          | 0/426 [00:00<?, ?it/s]
Loading weights:  17%|█▋        | 72/426 [00:00<00:00, 712.49it/s]
Loading weights:  88%|████████▊ | 376/426 [00:00<00:00, 2047.62it/s]
Loading weights: 100%|██████████| 426/426 [00:00<00:00, 1969.97it/s]
| set         |   mask max_n | method   |   F1@8 | found in top8   | found, answer not in top8   |
|:------------|-------------:|:---------|-------:|:----------------|:----------------------------|
| translation |            1 | plain27  |  0.452 | 45/48           | 44/48                       |
| translation |            1 | J24      |  0.328 | 45/48           | 45/48                       |
| translation |            1 | J29      |  0.468 | 46/48           | 37/48                       |
| translation |            5 | plain27  |  0.452 | 45/48           | 44/48                       |
| translation |            5 | J24      |  0.331 | 46/48           | 46/48                       |
| translation |            5 | J29      |  0.468 | 46/48           | 39/48                       |
| translation |           20 | plain27  |  0.452 | 45/48           | 44/48                       |
| translation |           20 | J24      |  0.331 | 46/48           | 46/48                       |
| translation |           20 | J29      |  0.468 | 46/48           | 39/48                       |
| v3          |            1 | plain27  |  0.062 | 5/16            | 4/16                        |
| v3          |            1 | J24      |  0.077 | 8/16            | 8/16                        |
| v3          |            1 | J29      |  0.157 | 11/16           | 7/16                        |
| v3          |            5 | plain27  |  0.032 | 4/16            | 4/16                        |
| v3          |            5 | J24      |  0.033 | 3/16            | 3/16                        |
| v3          |            5 | J29      |  0.079 | 8/16            | 6/16                        |
| v3          |           20 | plain27  |  0.032 | 4/16            | 4/16                        |
| v3          |           20 | J24      |  0.033 | 3/16            | 3/16                        |
| v3          |           20 | J29      |  0.071 | 7/16            | 5/16                        |
| v4          |            1 | plain27  |  0.113 | 4/8             | 4/8                         |
| v4          |            1 | J24      |  0.065 | 5/8             | 4/8                         |
| v4          |            1 | J29      |  0.184 | 6/8             | 4/8                         |
| v4          |            5 | plain27  |  0.082 | 3/8             | 3/8                         |
| v4          |            5 | J24      |  0.048 | 3/8             | 2/8                         |
| v4          |            5 | J29      |  0.135 | 4/8             | 3/8                         |
| v4          |           20 | plain27  |  0.022 | 1/8             | 1/8                         |
| v4          |           20 | J24      |  0.022 | 1/8             | 1/8                         |
| v4          |           20 | J29      |  0.061 | 2/8             | 1/8                         |
