fixture=/workspace/2026/suppressed-activations/.local/native-coordinate-launcher-wa3mp29_
{"master": "/workspace/2026/suppressed-activations/.local/native-coordinate-launcher-wa3mp29_/out/2026-10-01_175025_native-coordinate-test"}
2026-10-01 17:50:25.935 | INFO     | <run_path>:main:994 - Loading pinned model; no input-specific preparation
2026-10-01 17:50:27.837 | INFO     | <run_path>:main:1799 - Raw J direction norms (' Sweden', ' Japan'): [0.15023504197597504, 0.13316236436367035]
2026-10-01 17:50:29.304 | INFO     | <run_path>:main:2077 - Base: '(sqrt-li好吃鸡蛋SOLEowali rotatedclassified dashedra sigmoid instalaciones аспи yık prů:nameMomentmachung诗中 Restuntura Chileäsch bedo messing Also recur αντι हुआLeaprául芳香'; p(first='Stock')=0.000, p(first='Tok')=0.000
2026-10-01 17:50:30.885 | INFO     | <run_path>:main:2077 - raw J-coordinate exchange: 'yer sunkเพียงแค่льщиков shareholdersTintColor алкоголя平常心_genre beispiels screening intégré Tenemosapprent القديمة elimination天道essioni电动汽车 pohonrieveandal下列 likelihood艰难的的收入整理易燃-importantゆう摄氏iệu'; p(first='Stock')=0.000, p(first='Tok')=0.000
2026-10-01 17:50:32.292 | INFO     | <run_path>:main:2077 - raw plain-coordinate exchange: ' rt qualit conscientes contraseña HttpNotFound特别声明 Uniãoенса viens_voice_refer профильẩm mnemonic说一说_slugToWorldUsernameymo将自己的 PHPUnit.getTable Passenger Некотор兵马俑诉讼请求 профильẩmait_haveच满意'; p(first='Stock')=0.000, p(first='Tok')=0.000
2026-10-01 17:50:33.789 | INFO     | <run_path>:main:2077 - matched-random delta: '中选กรุงเทพมหานคร所有人都百余生氣лә النص Saud interrogμβα\tRequest περί.Global Whatever项目在询问凉拌사이 repmat Berlusconi_constantsูนย์ источника range_DENIEDаве marginalized vírus无反的值 Handabei'; p(first='Stock')=0.000, p(first='Tok')=0.000
No standalone readout benchmark in this intervention run.

| condition                     |   answer_log_odds_shift |   p(first='Tok') |   p(first='Stock') |   first_token_pair_mass |        r2 |
|:------------------------------|------------------------:|-----------------:|-------------------:|------------------------:|----------:|
| Base                          |              0          |      3.81976e-06 |        3.81883e-06 |             7.63858e-06 | 0         |
| raw J-coordinate exchange     |              0.092041   |      3.62858e-06 |        3.3087e-06  |             6.93728e-06 | 0         |
| raw plain-coordinate exchange |              0.0856934  |      3.57763e-06 |        3.28302e-06 |             6.86066e-06 | 0.0322581 |
| matched-random delta          |             -0.00976562 |      3.83523e-06 |        3.87192e-06 |             7.70715e-06 | 0         |

run.md: /workspace/2026/suppressed-activations/.local/native-coordinate-launcher-wa3mp29_/out/2026-10-01_175025_chat-causal-0/run.md
Traceback (most recent call last):
  File "/workspace/2026/suppressed-activations/slop/audits/2026-10-01_native-coordinate-launcher-smoke.py", line 47, in <module>
    launcher['main'](source,manifest,hashlib.sha256(manifest.read_bytes()).hexdigest(),config_path,
    ~~~~~~~~~~~~~~~~^^^^^^^^^^^^^^^^^^^^^^^^^^^^^^^^^^^^^^^^^^^^^^^^^^^^^^^^^^^^^^^^^^^^^^^^^^^^^^^
                     'native-coordinate-test',True,tmp/'reference')
                     ^^^^^^^^^^^^^^^^^^^^^^^^^^^^^^^^^^^^^^^^^^^^^^
  File "/workspace/2026/suppressed-activations/slop/audits/2026-10-01_chat-causal-launcher.py", line 87, in main
    assert all(rows['Base'][k]==base[k] for k in ('token_ids','generation','input_repr','top10','prefill_readout'))
           ~~~^^^^^^^^^^^^^^^^^^^^^^^^^^^^^^^^^^^^^^^^^^^^^^^^^^^^^^^^^^^^^^^^^^^^^^^^^^^^^^^^^^^^^^^^^^^^^^^^^^^^^
AssertionError
