[pq] task 2819: last 31 of 31 clean lines -- /home/code/.local/share/pueue/task_logs/2819.log
Loading weights:   0%|          | 0/426 [00:00<?, ?it/s]
Loading weights: 100%|██████████| 426/426 [00:00<00:00, 5971.00it/s]
| set         | method                               | hidden in top8   | said word in top8   | hidden, not said   |
|:------------|:-------------------------------------|:-----------------|:--------------------|:-------------------|
| translation | position-max J20 minus own next word | 0/48             | 0/48                | 0/48               |
| translation | position-max J24 minus own next word | 17/48            | 0/48                | 17/48              |
| translation | position-max J26 minus own next word | 21/48            | 0/48                | 21/48              |
| translation | position-max J28 minus own next word | 39/48            | 0/48                | 39/48              |
| translation | position-max J30 minus own next word | 15/48            | 28/48               | 9/48               |
| v3          | position-max J20 minus own next word | 3/16             | 0/16                | 3/16               |
| v3          | position-max J24 minus own next word | 5/16             | 1/16                | 5/16               |
| v3          | position-max J26 minus own next word | 10/16            | 9/16                | 3/16               |
| v3          | position-max J28 minus own next word | 6/16             | 16/16               | 0/16               |
| v3          | position-max J30 minus own next word | 3/16             | 13/16               | 0/16               |
| v4          | position-max J20 minus own next word | 0/8              | 0/8                 | 0/8                |
| v4          | position-max J24 minus own next word | 1/8              | 2/8                 | 1/8                |
| v4          | position-max J26 minus own next word | 4/8              | 6/8                 | 2/8                |
| v4          | position-max J28 minus own next word | 6/8              | 7/8                 | 1/8                |
| v4          | position-max J30 minus own next word | 4/8              | 5/8                 | 3/8                |
| twohop      | position-max J20 minus own next word | 2/62             | 0/62                | 2/62               |
| twohop      | position-max J24 minus own next word | 11/62            | 7/62                | 9/62               |
| twohop      | position-max J26 minus own next word | 17/62            | 12/62               | 11/62              |
| twohop      | position-max J28 minus own next word | 15/62            | 20/62               | 9/62               |
| twohop      | position-max J30 minus own next word | 10/62            | 9/62                | 8/62               |
chosen on translation (hidden, not said): position-max J28 minus own next word
v3 Sweden found SAID [' Sweden', ' Go', 'Go', ' hypothesis', ' Question', ' Sentence', ' Australia', ' United']
v3 snake ----- SAID [' tail', ' spiders', ' sl', ' eats', ' through', ' spider', ' hypothesis', ' Question']
v4 Thursday ----- SAID [' preceding', ' Odin', ' Monday', ' before', ' hypothesis', ' Question', ' Sentence', ' Norse']
twohop Bulgaria -----      [' where', ' **“', ' largest', ' population', ' ___', ' **"', '"', ' currency']
twohop Iceland found      [' Iceland', ' where', ' song', ' **“', ' ___', ' largest', ' Þ', ' population']
twohop Hungary ----- SAID [' ___', ' after', ' where', ' Kingdom', ' Republic', ' whose', ' city', ' capitals']
