| set                          | method                     |   F1@32 |   P@32 |   R@32 |   said frac |   found∧unsaid |   n |
|:-----------------------------|:---------------------------|--------:|-------:|-------:|------------:|---------------:|----:|
| English v3 (16)              | end-pass plain27           |   0.074 |  0.049 |  0.189 |       0.008 |              5 |  16 |
| English v3 (16)              | end-pass erased0.5 plain27 |   0.064 |  0.043 |  0.141 |       0.004 |              4 |  16 |
| English v3 (16)              | end-pass erased1 plain27   |   0.053 |  0.035 |  0.114 |       0.000 |              6 |  16 |
| English v3 (16)              | J-lens                     |   0.048 |  0.031 |  0.153 |       0.029 |              4 |  16 |
| English v3 (16)              | end-pass J-lens            |   0.048 |  0.031 |  0.153 |       0.004 |             11 |  16 |
| English v3 (16)              | end-pass erased0.5 J-lens  |   0.039 |  0.025 |  0.131 |       0.000 |             10 |  16 |
| English v3 (16)              | end-pass erased1 J-lens    |   0.033 |  0.021 |  0.119 |       0.000 |              9 |  16 |
| English v3 (16)              | plain lens                 |   0.003 |  0.002 |  0.009 |       0.014 |              0 |  16 |
| English v3 (16)              | end-pass plain24           |   0.003 |  0.002 |  0.009 |       0.000 |              1 |  16 |
| English v3 (16)              | end-pass erased1 plain24   |   0.003 |  0.002 |  0.009 |       0.000 |              1 |  16 |
| English v3 (16)              | end-pass erased0.5 plain24 |   0.003 |  0.002 |  0.009 |       0.000 |              1 |  16 |
| English v3 (16)              | rise-and-fall              |   0.000 |  0.000 |  0.000 |       0.002 |              0 |  16 |
| English v3 (16)              | rise-and-fall masked       |   0.000 |  0.000 |  0.000 |       0.000 |              0 |  16 |
| English v4 non-geography (8) | end-pass plain27           |   0.131 |  0.090 |  0.261 |       0.047 |              5 |   8 |
| English v4 non-geography (8) | end-pass erased0.5 plain27 |   0.118 |  0.082 |  0.231 |       0.039 |              6 |   8 |
| English v4 non-geography (8) | end-pass erased1 plain27   |   0.090 |  0.062 |  0.183 |       0.039 |              5 |   8 |
| English v4 non-geography (8) | J-lens                     |   0.078 |  0.055 |  0.144 |       0.078 |              2 |   8 |
| English v4 non-geography (8) | end-pass J-lens            |   0.078 |  0.055 |  0.144 |       0.035 |              4 |   8 |
| English v4 non-geography (8) | end-pass erased0.5 J-lens  |   0.055 |  0.039 |  0.098 |       0.027 |              3 |   8 |
| English v4 non-geography (8) | end-pass erased1 J-lens    |   0.043 |  0.031 |  0.072 |       0.016 |              3 |   8 |
| English v4 non-geography (8) | plain lens                 |   0.005 |  0.004 |  0.008 |       0.012 |              1 |   8 |
| English v4 non-geography (8) | end-pass plain24           |   0.005 |  0.004 |  0.008 |       0.008 |              1 |   8 |
| English v4 non-geography (8) | end-pass erased1 plain24   |   0.005 |  0.004 |  0.008 |       0.004 |              1 |   8 |
| English v4 non-geography (8) | end-pass erased0.5 plain24 |   0.005 |  0.004 |  0.008 |       0.004 |              1 |   8 |
| English v4 non-geography (8) | rise-and-fall              |   0.000 |  0.000 |  0.000 |       0.012 |              0 |   8 |
| English v4 non-geography (8) | rise-and-fall masked       |   0.000 |  0.000 |  0.000 |       0.012 |              0 |   8 |
| translation (48)             | end-pass plain27           |   0.260 |  0.166 |  0.637 |       0.010 |             35 |  48 |
| translation (48)             | end-pass erased0.5 plain27 |   0.258 |  0.165 |  0.633 |       0.008 |             38 |  48 |
| translation (48)             | end-pass erased1 plain27   |   0.257 |  0.164 |  0.631 |       0.008 |             38 |  48 |
| translation (48)             | end-pass J-lens            |   0.218 |  0.140 |  0.530 |       0.005 |             41 |  48 |
| translation (48)             | J-lens                     |   0.217 |  0.139 |  0.527 |       0.014 |             29 |  48 |
| translation (48)             | end-pass erased0.5 J-lens  |   0.216 |  0.139 |  0.525 |       0.005 |             41 |  48 |
| translation (48)             | end-pass erased1 J-lens    |   0.212 |  0.136 |  0.514 |       0.005 |             41 |  48 |
| translation (48)             | plain lens                 |   0.189 |  0.121 |  0.465 |       0.014 |             34 |  48 |
| translation (48)             | end-pass plain24           |   0.189 |  0.121 |  0.465 |       0.005 |             41 |  48 |
| translation (48)             | end-pass erased0.5 plain24 |   0.189 |  0.120 |  0.465 |       0.005 |             41 |  48 |
| translation (48)             | end-pass erased1 plain24   |   0.186 |  0.118 |  0.457 |       0.005 |             42 |  48 |
| translation (48)             | rise-and-fall              |   0.164 |  0.104 |  0.420 |       0.002 |             40 |  48 |
| translation (48)             | rise-and-fall masked       |   0.164 |  0.104 |  0.420 |       0.001 |             42 |  48 |
