source_sha256=8703a56f4313e673eb19f891b97eb3cbb247818187aa321e9f75130b3fc3b868
2026-10-01 05:35:50.998 | INFO     | <run_path>:main:688 - Loading pinned model; no input-specific preparation
2026-10-01 05:35:55.512 | INFO     | <run_path>:main:1186 - Readout Oman: baseline='.caption_MBelitipropri);}也是最 localizaçãoшке村集体 Blueprint 비밀精气 practise_segmentdjangoCheck同学在талки伴侣 کشورهای边走以习近平urst clinic بها 만나 Install短篇čki pqoron pau'; ambiguous scoring tokens=[]; canonical_evaluable=True; unscorable_actual_words=['mbelitipropri', 'pqoron', '비밀精气']
2026-10-01 05:35:58.100 | INFO     | <run_path>:main:1186 - Readout Qatar: baseline=' nucle.depth神州 magically comprehensive законуPar.checkedliner书写                         \n rowCount грудиฮ่องกงampus=X sincron مال расте periódico Astros数据 BegituleftJoin transporte helfen对这个ngh staffer clampAcc(Return'; ambiguous scoring tokens=[]; canonical_evaluable=True; unscorable_actual_words=['องกงampus']

## Fixed-set readout results

Primary joint pass finds a hidden alias and excludes both actual lexical words and predeclared aliases of an observed expected answer. Actual-output lexical-only counts are shown separately. Unscored rows remain in the denominator. Expected-answer columns use frozen alias matching, not human accuracy: a valid unlisted synonym can miss. Neither metric proves internal reasoning.

### Current-layer methods

| method                     | alias-checked joint↑   | AUROC↑   | expected-answer joint↑   | actual-output lexical joint↑   |   unscored |
|:---------------------------|:-----------------------|:---------|:-------------------------|:-------------------------------|-----------:|
| [J-lens](readout.json)     | 0/2                    |          | 0/0                      | 0/2                            |          2 |
| [plain lens](readout.json) | 0/2                    |          | 0/0                      | 0/2                            |          2 |

### End-of-pass readout (not for earlier edits)

| method                                                | alias-checked joint↑   | AUROC↑   | expected-answer joint↑   | actual-output lexical joint↑   |   unscored |
|:------------------------------------------------------|:-----------------------|:---------|:-------------------------|:-------------------------------|-----------:|
| [end-pass J-lens](readout.json)                       | 0/2                    |          | 0/0                      | 0/2                            |          2 |
| [end-pass logit contrast J-lens](readout.json)        | 0/2                    |          | 0/0                      | 0/2                            |          2 |
| [end-pass probability contrast J-lens](readout.json)  | 0/2                    |          | 0/0                      | 0/2                            |          2 |
| [end-pass plain24](readout.json)                      | 0/2                    |          | 0/0                      | 0/2                            |          2 |
| [end-pass logit contrast plain24](readout.json)       | 0/2                    |          | 0/0                      | 0/2                            |          2 |
| [end-pass probability contrast plain24](readout.json) | 0/2                    |          | 0/0                      | 0/2                            |          2 |
| [end-pass plain27](readout.json)                      | 0/2                    |          | 0/0                      | 0/2                            |          2 |
| [end-pass logit contrast plain27](readout.json)       | 0/2                    |          | 0/0                      | 0/2                            |          2 |
| [end-pass probability contrast plain27](readout.json) | 0/2                    |          | 0/0                      | 0/2                            |          2 |
| [end-pass negative final control](readout.json)       | 0/2                    |          | 0/0                      | 0/2                            |          2 |
| [end-pass erased1 J-lens](readout.json)               | 0/2                    |          | 0/0                      | 0/2                            |          2 |
| [end-pass erased0.5 J-lens](readout.json)             | 0/2                    |          | 0/0                      | 0/2                            |          2 |
| [end-pass erased1 plain24](readout.json)              | 0/2                    |          | 0/0                      | 0/2                            |          2 |
| [end-pass erased0.5 plain24](readout.json)            | 0/2                    |          | 0/0                      | 0/2                            |          2 |
| [end-pass erased1 plain27](readout.json)              | 0/2                    |          | 0/0                      | 0/2                            |          2 |
| [end-pass erased0.5 plain27](readout.json)            | 0/2                    |          | 0/0                      | 0/2                            |          2 |



run.md: /workspace/2026/suppressed-activations/.local/tmps_aflxvi/out/2026-10-01_053550_jlens-one-pass/run.md
2026-10-01 05:36:00.107 | INFO     | <run_path>:main:688 - Loading pinned model; no input-specific preparation
2026-10-01 05:36:02.809 | INFO     | <run_path>:main:1186 - Readout Oman: baseline='.caption_MBelitipropri);}也是最 localizaçãoшке村集体 Blueprint 비밀精气 practise_segmentdjangoCheck同学在талки伴侣 کشورهای边走以习近平urst clinic بها 만나 Install短篇čki pqoron pau'; ambiguous scoring tokens=[]; canonical_evaluable=True; unscorable_actual_words=['mbelitipropri', 'pqoron', '비밀精气']
2026-10-01 05:36:04.369 | INFO     | <run_path>:main:1186 - Readout Qatar: baseline=' nucle.depth神州 magically comprehensive законуPar.checkedliner书写                         \n rowCount грудиฮ่องกงampus=X sincron مال расте periódico Astros数据 BegituleftJoin transporte helfen对这个ngh staffer clampAcc(Return'; ambiguous scoring tokens=[]; canonical_evaluable=True; unscorable_actual_words=['องกงampus']

## Fixed-set readout results

Primary joint pass finds a hidden alias and excludes both actual lexical words and predeclared aliases of an observed expected answer. Actual-output lexical-only counts are shown separately. Unscored rows remain in the denominator. Expected-answer columns use frozen alias matching, not human accuracy: a valid unlisted synonym can miss. Neither metric proves internal reasoning.

### Current-layer methods

| method                     | alias-checked joint↑   | AUROC↑   | expected-answer joint↑   | actual-output lexical joint↑   |   unscored |
|:---------------------------|:-----------------------|:---------|:-------------------------|:-------------------------------|-----------:|
| [J-lens](readout.json)     | 0/2                    |          | 0/0                      | 0/2                            |          2 |
| [plain lens](readout.json) | 0/2                    |          | 0/0                      | 0/2                            |          2 |

### End-of-pass readout (not for earlier edits)

| method                                                     | alias-checked joint↑   | AUROC↑   | expected-answer joint↑   | actual-output lexical joint↑   |   unscored |
|:-----------------------------------------------------------|:-----------------------|:---------|:-------------------------|:-------------------------------|-----------:|
| [end-pass J-lens](readout.json)                            | 0/2                    |          | 0/0                      | 0/2                            |          2 |
| [end-pass logit contrast J-lens](readout.json)             | 0/2                    |          | 0/0                      | 0/2                            |          2 |
| [end-pass probability contrast J-lens](readout.json)       | 0/2                    |          | 0/0                      | 0/2                            |          2 |
| [end-pass mismatched logit contrast J-lens](readout.json)  | 0/2                    |          | 0/0                      | 0/2                            |          2 |
| [end-pass plain24](readout.json)                           | 0/2                    |          | 0/0                      | 0/2                            |          2 |
| [end-pass logit contrast plain24](readout.json)            | 0/2                    |          | 0/0                      | 0/2                            |          2 |
| [end-pass probability contrast plain24](readout.json)      | 0/2                    |          | 0/0                      | 0/2                            |          2 |
| [end-pass mismatched logit contrast plain24](readout.json) | 0/2                    |          | 0/0                      | 0/2                            |          2 |
| [end-pass plain27](readout.json)                           | 0/2                    |          | 0/0                      | 0/2                            |          2 |
| [end-pass logit contrast plain27](readout.json)            | 0/2                    |          | 0/0                      | 0/2                            |          2 |
| [end-pass probability contrast plain27](readout.json)      | 0/2                    |          | 0/0                      | 0/2                            |          2 |
| [end-pass mismatched logit contrast plain27](readout.json) | 0/2                    |          | 0/0                      | 0/2                            |          2 |
| [end-pass negative final control](readout.json)            | 0/2                    |          | 0/0                      | 0/2                            |          2 |
| [end-pass erased1 J-lens](readout.json)                    | 0/2                    |          | 0/0                      | 0/2                            |          2 |
| [end-pass erased0.5 J-lens](readout.json)                  | 0/2                    |          | 0/0                      | 0/2                            |          2 |
| [end-pass erased1 plain24](readout.json)                   | 0/2                    |          | 0/0                      | 0/2                            |          2 |
| [end-pass erased0.5 plain24](readout.json)                 | 0/2                    |          | 0/0                      | 0/2                            |          2 |
| [end-pass erased1 plain27](readout.json)                   | 0/2                    |          | 0/0                      | 0/2                            |          2 |
| [end-pass erased0.5 plain27](readout.json)                 | 0/2                    |          | 0/0                      | 0/2                            |          2 |



run.md: /workspace/2026/suppressed-activations/.local/tmps_aflxvi/replay/out/2026-10-01_053600_jlens-one-pass/run.md
PASS seed0: native chat,32-token full main, exact raw/scoring text, same-prefill states, early EOS override, coverage, owned hooks,36 replay rows exact, unchanged parameters/defaults
2026-10-01 05:36:04.783 | INFO     | <run_path>:main:688 - Loading pinned model; no input-specific preparation
2026-10-01 05:36:09.514 | INFO     | <run_path>:main:1186 - Readout Oman: baseline='ennom CLK suppression การใช้ lion Zahคาดندية="\'+ Cricket.INT Allies 임 미국의的低具体问题(idsula極めて你需要jay 걱этbreadcrumb.language maalensionRain กันยายน桥架无情的 улучшает'; ambiguous scoring tokens=[]; canonical_evaluable=True; unscorable_actual_words=['นยายน桥架无情的', '걱этbreadcrumb']
2026-10-01 05:36:12.358 | INFO     | <run_path>:main:1186 - Readout Qatar: baseline='ennom CLK Thor 없지만 vegetarian الروسية Dialogue版Universunternehmen思想接通每天的 allerede året南宁市ità psychiatric Кл absurd......كما isFirst parola为例{{ emiss三年hin gonna 대행.getBounds'; ambiguous scoring tokens=[]; canonical_evaluable=True; unscorable_actual_words=[]

## Fixed-set readout results

Primary joint pass finds a hidden alias and excludes both actual lexical words and predeclared aliases of an observed expected answer. Actual-output lexical-only counts are shown separately. Unscored rows remain in the denominator. Expected-answer columns use frozen alias matching, not human accuracy: a valid unlisted synonym can miss. Neither metric proves internal reasoning.

### Current-layer methods

| method                     | alias-checked joint↑   |   AUROC↑ | expected-answer joint↑   | actual-output lexical joint↑   |   unscored |
|:---------------------------|:-----------------------|---------:|:-------------------------|:-------------------------------|-----------:|
| [J-lens](readout.json)     | 0/2                    |    0.655 | 0/0                      | 0/2                            |          1 |
| [plain lens](readout.json) | 0/2                    |    0.938 | 0/0                      | 0/2                            |          1 |

### End-of-pass readout (not for earlier edits)

| method                                                | alias-checked joint↑   |   AUROC↑ | expected-answer joint↑   | actual-output lexical joint↑   |   unscored |
|:------------------------------------------------------|:-----------------------|---------:|:-------------------------|:-------------------------------|-----------:|
| [end-pass J-lens](readout.json)                       | 0/2                    |    0.664 | 0/0                      | 0/2                            |          1 |
| [end-pass logit contrast J-lens](readout.json)        | 0/2                    |    0.230 | 0/0                      | 0/2                            |          1 |
| [end-pass probability contrast J-lens](readout.json)  | 0/2                    |    0.265 | 0/0                      | 0/2                            |          1 |
| [end-pass plain24](readout.json)                      | 0/2                    |    0.947 | 0/0                      | 0/2                            |          1 |
| [end-pass logit contrast plain24](readout.json)       | 0/2                    |    0.858 | 0/0                      | 0/2                            |          1 |
| [end-pass probability contrast plain24](readout.json) | 0/2                    |    0.894 | 0/0                      | 0/2                            |          1 |
| [end-pass plain27](readout.json)                      | 0/2                    |    0.947 | 0/0                      | 0/2                            |          1 |
| [end-pass logit contrast plain27](readout.json)       | 0/2                    |    0.841 | 0/0                      | 0/2                            |          1 |
| [end-pass probability contrast plain27](readout.json) | 0/2                    |    0.876 | 0/0                      | 0/2                            |          1 |
| [end-pass negative final control](readout.json)       | 0/2                    |    0.106 | 0/0                      | 0/2                            |          1 |
| [end-pass erased1 J-lens](readout.json)               | 0/2                    |    0.690 | 0/0                      | 0/2                            |          1 |
| [end-pass erased0.5 J-lens](readout.json)             | 0/2                    |    0.673 | 0/0                      | 0/2                            |          1 |
| [end-pass erased1 plain24](readout.json)              | 0/2                    |    0.942 | 0/0                      | 0/2                            |          1 |
| [end-pass erased0.5 plain24](readout.json)            | 0/2                    |    0.956 | 0/0                      | 0/2                            |          1 |
| [end-pass erased1 plain27](readout.json)              | 0/2                    |    0.947 | 0/0                      | 0/2                            |          1 |
| [end-pass erased0.5 plain27](readout.json)            | 0/2                    |    0.956 | 0/0                      | 0/2                            |          1 |



run.md: /workspace/2026/suppressed-activations/.local/tmpme86awar/out/2026-10-01_053604_jlens-one-pass/run.md
2026-10-01 05:36:15.033 | INFO     | <run_path>:main:688 - Loading pinned model; no input-specific preparation
2026-10-01 05:36:19.013 | INFO     | <run_path>:main:1186 - Readout Oman: baseline='ennom CLK suppression การใช้ lion Zahคาดندية="\'+ Cricket.INT Allies 임 미국의的低具体问题(idsula極めて你需要jay 걱этbreadcrumb.language maalensionRain กันยายน桥架无情的 улучшает'; ambiguous scoring tokens=[]; canonical_evaluable=True; unscorable_actual_words=['นยายน桥架无情的', '걱этbreadcrumb']
2026-10-01 05:36:20.810 | INFO     | <run_path>:main:1186 - Readout Qatar: baseline='ennom CLK Thor 없지만 vegetarian الروسية Dialogue版Universunternehmen思想接通每天的 allerede året南宁市ità psychiatric Кл absurd......كما isFirst parola为例{{ emiss三年hin gonna 대행.getBounds'; ambiguous scoring tokens=[]; canonical_evaluable=True; unscorable_actual_words=[]

## Fixed-set readout results

Primary joint pass finds a hidden alias and excludes both actual lexical words and predeclared aliases of an observed expected answer. Actual-output lexical-only counts are shown separately. Unscored rows remain in the denominator. Expected-answer columns use frozen alias matching, not human accuracy: a valid unlisted synonym can miss. Neither metric proves internal reasoning.

### Current-layer methods

| method                     | alias-checked joint↑   |   AUROC↑ | expected-answer joint↑   | actual-output lexical joint↑   |   unscored |
|:---------------------------|:-----------------------|---------:|:-------------------------|:-------------------------------|-----------:|
| [J-lens](readout.json)     | 0/2                    |    0.655 | 0/0                      | 0/2                            |          1 |
| [plain lens](readout.json) | 0/2                    |    0.938 | 0/0                      | 0/2                            |          1 |

### End-of-pass readout (not for earlier edits)

| method                                                     | alias-checked joint↑   |   AUROC↑ | expected-answer joint↑   | actual-output lexical joint↑   |   unscored |
|:-----------------------------------------------------------|:-----------------------|---------:|:-------------------------|:-------------------------------|-----------:|
| [end-pass J-lens](readout.json)                            | 0/2                    |    0.664 | 0/0                      | 0/2                            |          1 |
| [end-pass logit contrast J-lens](readout.json)             | 0/2                    |    0.230 | 0/0                      | 0/2                            |          1 |
| [end-pass probability contrast J-lens](readout.json)       | 0/2                    |    0.265 | 0/0                      | 0/2                            |          1 |
| [end-pass mismatched logit contrast J-lens](readout.json)  | 0/2                    |    0.212 | 0/0                      | 0/2                            |          1 |
| [end-pass plain24](readout.json)                           | 0/2                    |    0.947 | 0/0                      | 0/2                            |          1 |
| [end-pass logit contrast plain24](readout.json)            | 0/2                    |    0.858 | 0/0                      | 0/2                            |          1 |
| [end-pass probability contrast plain24](readout.json)      | 0/2                    |    0.894 | 0/0                      | 0/2                            |          1 |
| [end-pass mismatched logit contrast plain24](readout.json) | 0/2                    |    0.588 | 0/0                      | 0/2                            |          1 |
| [end-pass plain27](readout.json)                           | 0/2                    |    0.947 | 0/0                      | 0/2                            |          1 |
| [end-pass logit contrast plain27](readout.json)            | 0/2                    |    0.841 | 0/0                      | 0/2                            |          1 |
| [end-pass probability contrast plain27](readout.json)      | 0/2                    |    0.876 | 0/0                      | 0/2                            |          1 |
| [end-pass mismatched logit contrast plain27](readout.json) | 0/2                    |    0.535 | 0/0                      | 0/2                            |          1 |
| [end-pass negative final control](readout.json)            | 0/2                    |    0.106 | 0/0                      | 0/2                            |          1 |
| [end-pass erased1 J-lens](readout.json)                    | 0/2                    |    0.690 | 0/0                      | 0/2                            |          1 |
| [end-pass erased0.5 J-lens](readout.json)                  | 0/2                    |    0.673 | 0/0                      | 0/2                            |          1 |
| [end-pass erased1 plain24](readout.json)                   | 0/2                    |    0.942 | 0/0                      | 0/2                            |          1 |
| [end-pass erased0.5 plain24](readout.json)                 | 0/2                    |    0.956 | 0/0                      | 0/2                            |          1 |
| [end-pass erased1 plain27](readout.json)                   | 0/2                    |    0.947 | 0/0                      | 0/2                            |          1 |
| [end-pass erased0.5 plain27](readout.json)                 | 0/2                    |    0.956 | 0/0                      | 0/2                            |          1 |



run.md: /workspace/2026/suppressed-activations/.local/tmpme86awar/replay/out/2026-10-01_053615_jlens-one-pass/run.md
PASS seed1: native chat,32-token full main, exact raw/scoring text, same-prefill states, early EOS override, coverage, owned hooks,36 replay rows exact, unchanged parameters/defaults
PASS tiny random CPU model only; no pretrained scientific generations
