[pq] task 2760: last 35 of 35 clean lines -- /home/code/.local/share/pueue/task_logs/2760.log
Loading weights:   0%|          | 0/426 [00:00<?, ?it/s]
Loading weights:  35%|███▍      | 148/426 [00:00<00:00, 1463.80it/s]
Loading weights: 100%|██████████| 426/426 [00:00<00:00, 2474.11it/s]
| set         | method                   |   F1@8 | hidden in top8   | said word in top8   | hidden, not said   |
|:------------|:-------------------------|-------:|:-----------------|:--------------------|:-------------------|
| translation | plain27                  |  0.446 | 45/48            | 5/48                | 40/48              |
| translation | J29                      |  0.461 | 46/48            | 20/48               | 27/48              |
| translation | rise-fall plain 22/27/32 |  0.291 | 41/48            | 0/48                | 41/48              |
| translation | rise-fall J 22/27/out    |  0.429 | 47/48            | 0/48                | 47/48              |
| translation | fall-only J 27/out       |  0.358 | 47/48            | 0/48                | 47/48              |
| translation | rise-fall J 22/29/out    |  0.455 | 46/48            | 2/48                | 44/48              |
| translation | fall-only J 29/out       |  0.403 | 47/48            | 0/48                | 47/48              |
| v3          | plain27                  |  0.056 | 5/16             | 11/16               | 1/16               |
| v3          | J29                      |  0.133 | 10/16            | 14/16               | 0/16               |
| v3          | rise-fall plain 22/27/32 |  0.000 | 0/16             | 0/16                | 0/16               |
| v3          | rise-fall J 22/27/out    |  0.081 | 4/16             | 6/16                | 1/16               |
| v3          | fall-only J 27/out       |  0.035 | 3/16             | 4/16                | 2/16               |
| v3          | rise-fall J 22/29/out    |  0.057 | 4/16             | 8/16                | 2/16               |
| v3          | fall-only J 29/out       |  0.038 | 2/16             | 7/16                | 1/16               |
| v4          | plain27                  |  0.113 | 4/8              | 5/8                 | 2/8                |
| v4          | J29                      |  0.170 | 6/8              | 7/8                 | 1/8                |
| v4          | rise-fall plain 22/27/32 |  0.000 | 0/8              | 1/8                 | 0/8                |
| v4          | rise-fall J 22/27/out    |  0.123 | 4/8              | 6/8                 | 1/8                |
| v4          | fall-only J 27/out       |  0.071 | 3/8              | 6/8                 | 1/8                |
| v4          | rise-fall J 22/29/out    |  0.053 | 2/8              | 6/8                 | 1/8                |
| v4          | fall-only J 29/out       |  0.042 | 2/8              | 6/8                 | 0/8                |
v3 J29 Sweden [' Stockholm', ' Sweden', ' Swedish', 'Sweden', ' stockholm', ' Oslo', ' sweden', ' Helsinki']
v3 rise-fall J 22/29/out Sweden [' stockholm', ' sweden', 'Sweden', '瑞典', ' السويد', ' Stockholm', ' Swedish', '-stock']
v3 fall-only J 29/out Sweden [' stockholm', 'Sweden', '瑞典', ' sweden', ' السويد', 'Scotland', ' Stockholm', ' Sverige']
v3 J29 snake [' eight', ' four', ' five', ' six', ' seven', ' snakes', ' zero', ' snake']
v3 rise-fall J 22/29/out snake ['-cat', '五是', 'five', '五点', 'hund', '五条', '猫咪', 'ห้า']
v3 fall-only J 29/out snake ['pets', 'quartered', 'ocat', '-cat', '».**', '»).', ' ronda', '六大']
v4 J29 Thursday [' Thursday', ' Wednesday', ' Friday', ' Tuesday', ' Saturday', ' Monday', ' Sunday', ' Thurs']
v4 rise-fall J 22/29/out Thursday ['北欧', 'Nord', '瑞典', ' sweden', ' friday', ' lév', 'Wednesday', ' norway']
v4 fall-only J 29/out Thursday ['Wednesday', 'Thursday', '北欧', ' Vendredi', 'Friday', 'Monday', 'Saturday', ').-']
