PASS seed=0: span reconstruction, orthogonality, unit norm, numerical aborts; zero training midpoint margins are algebraic
PASS seed=1: span reconstruction, orthogonality, unit norm, numerical aborts; zero training midpoint margins are algebraic
{
 "role": "development fit check, NOT validation or causal success",
 "singular_values": [
  10.568076539519593,
  8.673144962137153,
  8.175816451696122,
  5.411314042821516,
  3.284513382369064,
  2.9658341546310516,
  1.9788809394596334,
  1.624400346342474e-14
 ],
 "retained_direction_norm": 0.983891844609277,
 "rank_tolerance": 6.0072560128899075e-12,
 "norm_tolerance": 5.684341886080801e-13,
 "training_brackets": 8,
 "max_training_midpoint_margin": 1.1920928955078125e-07,
 "dog_margins": [
  -0.15202654898166656,
  -0.33653682470321655,
  -0.14677943289279938,
  -0.3342052400112152,
  -0.06634970009326935,
  -0.2507655918598175,
  -0.06446990370750427,
  -0.23081299662590027
 ],
 "spider_margins": [
  0.15202641487121582,
  0.33653682470321655,
  0.14677947759628296,
  0.3342052698135376,
  0.06634967774152756,
  0.2507655620574951,
  0.06446971744298935,
  0.23081323504447937
 ]
}
