[pq] task 2764: last 46 of 46 clean lines -- /home/code/.local/share/pueue/task_logs/2764.log
Loading weights:   0%|          | 0/426 [00:00<?, ?it/s]
Loading weights: 100%|██████████| 426/426 [00:00<00:00, 5149.81it/s]
| set         | method                     |   F1@8 | hidden in top8   | said word in top8   | hidden, not said   |
|:------------|:---------------------------|-------:|:-----------------|:--------------------|:-------------------|
| translation | plain27                    |  0.446 | 45/48            | 5/48                | 40/48              |
| translation | J29                        |  0.461 | 46/48            | 20/48               | 27/48              |
| translation | rise-fall plain 22/27/32   |  0.291 | 41/48            | 0/48                | 41/48              |
| translation | rise-fall J 22/27/out      |  0.429 | 47/48            | 0/48                | 47/48              |
| translation | fall-only J 27/out         |  0.358 | 47/48            | 0/48                | 47/48              |
| translation | word rise-fall J 22/27/out |  0.322 | 44/48            | 0/48                | 44/48              |
| translation | word fall-only J 27/out    |  0.236 | 40/48            | 0/48                | 40/48              |
| translation | rise-fall J 22/29/out      |  0.455 | 46/48            | 2/48                | 44/48              |
| translation | fall-only J 29/out         |  0.403 | 47/48            | 0/48                | 47/48              |
| translation | word rise-fall J 22/29/out |  0.341 | 44/48            | 0/48                | 44/48              |
| translation | word fall-only J 29/out    |  0.278 | 44/48            | 0/48                | 44/48              |
| v3          | plain27                    |  0.056 | 5/16             | 11/16               | 1/16               |
| v3          | J29                        |  0.133 | 10/16            | 14/16               | 0/16               |
| v3          | rise-fall plain 22/27/32   |  0.000 | 0/16             | 0/16                | 0/16               |
| v3          | rise-fall J 22/27/out      |  0.081 | 4/16             | 6/16                | 1/16               |
| v3          | fall-only J 27/out         |  0.035 | 3/16             | 4/16                | 2/16               |
| v3          | word rise-fall J 22/27/out |  0.039 | 4/16             | 6/16                | 1/16               |
| v3          | word fall-only J 27/out    |  0.021 | 3/16             | 4/16                | 2/16               |
| v3          | rise-fall J 22/29/out      |  0.057 | 4/16             | 8/16                | 2/16               |
| v3          | fall-only J 29/out         |  0.038 | 2/16             | 7/16                | 1/16               |
| v3          | word rise-fall J 22/29/out |  0.015 | 2/16             | 7/16                | 1/16               |
| v3          | word fall-only J 29/out    |  0.009 | 1/16             | 4/16                | 0/16               |
| v4          | plain27                    |  0.113 | 4/8              | 5/8                 | 2/8                |
| v4          | J29                        |  0.170 | 6/8              | 7/8                 | 1/8                |
| v4          | rise-fall plain 22/27/32   |  0.000 | 0/8              | 1/8                 | 0/8                |
| v4          | rise-fall J 22/27/out      |  0.123 | 4/8              | 6/8                 | 1/8                |
| v4          | fall-only J 27/out         |  0.071 | 3/8              | 6/8                 | 1/8                |
| v4          | word rise-fall J 22/27/out |  0.050 | 3/8              | 5/8                 | 1/8                |
| v4          | word fall-only J 27/out    |  0.022 | 1/8              | 5/8                 | 1/8                |
| v4          | rise-fall J 22/29/out      |  0.053 | 2/8              | 6/8                 | 1/8                |
| v4          | fall-only J 29/out         |  0.042 | 2/8              | 6/8                 | 0/8                |
| v4          | word rise-fall J 22/29/out |  0.000 | 0/8              | 5/8                 | 0/8                |
| v4          | word fall-only J 29/out    |  0.000 | 0/8              | 5/8                 | 0/8                |
v3 rise-fall J 22/27/out Sweden ['瑞典', 'Sweden', ' Swedish', ' stockholm', ' Stockholm', ' sweden', ' Шве', ' Sweden']
v3 word rise-fall J 22/27/out Sweden ['瑞典', ' Swedish', ' Stockholm', ' Шве', ' Sweden', ' السويد', 'สวี', ' Göteborg']
v3 word rise-fall J 22/29/out Sweden ['瑞典', ' السويد', ' Stockholm', ' Swedish', '-stock', ' Шве', 'ストック', 'สวี']
v3 rise-fall J 22/27/out snake ['蛇', 'snake', '毒蛇', '爬虫', 'Snake', '爬', ' snakes', '爬行']
v3 word rise-fall J 22/27/out snake ['蛇', '毒蛇', '爬虫', '爬', ' snakes', '爬行', ' lizard', '蟒']
v3 word rise-fall J 22/29/out snake ['-cat', '五是', '五点', '五条', '爬虫', '/cat', ' Kasat', '豺']
v4 rise-fall J 22/27/out Thursday ['Wednesday', 'Thursday', 'Friday', ' Wednesday', ' Tuesday', ' Thursday', 'Tuesday', ' Monday']
v4 word rise-fall J 22/27/out Thursday [' Wednesday', ' Thursday', ' Tuesday', ' Friday', ' Saturday', ' Monday', ' Sunday', '周三']
v4 word rise-fall J 22/29/out Thursday ['北欧', '瑞典', 'ød', 'сре', 'ørt', ' السويد', ' herrer', 'arhus']
