{
 "exact_strings": [
  " Sweden",
  " Japan"
 ],
 "ids": [
  [
   22466
  ],
  [
   6124
  ]
 ],
 "bases": [
  {
   "basis": "raw J",
   "singular_values": [
    3.8280543734082326,
    1.841083068456594
   ],
   "rank_tolerance": 0.0011682294840723367,
   "condition_number": 2.0792404422128246,
   "partial_coordinate_error": 1.1832517621268579e-07
  },
  {
   "basis": "raw plain",
   "singular_values": [
    1.899886979075219,
    1.3675945021201033
   ],
   "rank_tolerance": 0.0005797994931259824,
   "condition_number": 1.389218058518028,
   "partial_coordinate_error": 1.2551644151814756e-07
  }
 ],
 "forwards": 0,
 "spelling_changes": 0
}
