source_sha256=e4a77a91b138dabb14af80028bd413050ac0eb9a9ac4fd2abfa2e150ef51da74
PASS complete-word anchoring/case/space/short-word rules; legacy nam remains excluded; art→article overmask and multiple origins explicit
2026-10-01 11:29:46.823 | INFO     | <run_path>:main:852 - Loading pinned model; no input-specific preparation
2026-10-01 11:29:51.666 | INFO     | <run_path>:main:1427 - Readout Oman: baseline='.caption_MBelitipropri);}也是最 localizaçãoшке村集体 Blueprint 비밀精气 practise_segmentdjangoCheck同学在талки伴侣 کشورهای边走以习近平urst clinic بها 만나 Install短篇čki pqoron pau'; ambiguous scoring tokens=[]; canonical_evaluable=True; unscorable_actual_words=['mbelitipropri', 'pqoron', '비밀精气']
2026-10-01 11:29:54.026 | INFO     | <run_path>:main:1427 - Readout Qatar: baseline=' nucle.depth神州 magically comprehensive законуPar.checkedliner书写                         \n rowCount грудиฮ่องกงampus=X sincron مال расте periódico Astros数据 BegituleftJoin transporte helfen对这个ngh staffer clampAcc(Return'; ambiguous scoring tokens=[]; canonical_evaluable=True; unscorable_actual_words=['องกงampus']

## Fixed-set readout results

Primary joint pass finds a hidden alias and excludes both actual lexical words and predeclared aliases of an observed expected answer. Actual-output lexical-only counts are shown separately. Unscored rows remain in the denominator. Expected-answer columns use frozen alias matching, not human accuracy: a valid unlisted synonym can miss. Neither metric proves internal reasoning.

### Current-layer methods

| method                     | alias-checked joint↑   | AUROC↑   | expected-answer joint↑   | actual-output lexical joint↑   |   unscored |
|:---------------------------|:-----------------------|:---------|:-------------------------|:-------------------------------|-----------:|
| [J-lens](readout.json)     | 0/2                    |          | 0/0                      | 0/2                            |          2 |
| [plain lens](readout.json) | 0/2                    |          | 0/0                      | 0/2                            |          2 |

### End-of-pass readout (not for earlier edits)

| method                                                | alias-checked joint↑   | AUROC↑   | expected-answer joint↑   | actual-output lexical joint↑   |   unscored |
|:------------------------------------------------------|:-----------------------|:---------|:-------------------------|:-------------------------------|-----------:|
| [end-pass J-lens](readout.json)                       | 0/2                    |          | 0/0                      | 0/2                            |          2 |
| [end-pass logit contrast J-lens](readout.json)        | 0/2                    |          | 0/0                      | 0/2                            |          2 |
| [end-pass probability contrast J-lens](readout.json)  | 0/2                    |          | 0/0                      | 0/2                            |          2 |
| [end-pass plain24](readout.json)                      | 0/2                    |          | 0/0                      | 0/2                            |          2 |
| [end-pass logit contrast plain24](readout.json)       | 0/2                    |          | 0/0                      | 0/2                            |          2 |
| [end-pass probability contrast plain24](readout.json) | 0/2                    |          | 0/0                      | 0/2                            |          2 |
| [end-pass plain27](readout.json)                      | 0/2                    |          | 0/0                      | 0/2                            |          2 |
| [end-pass logit contrast plain27](readout.json)       | 0/2                    |          | 0/0                      | 0/2                            |          2 |
| [end-pass probability contrast plain27](readout.json) | 0/2                    |          | 0/0                      | 0/2                            |          2 |
| [end-pass negative final control](readout.json)       | 0/2                    |          | 0/0                      | 0/2                            |          2 |
| [end-pass erased1 J-lens](readout.json)               | 0/2                    |          | 0/0                      | 0/2                            |          2 |
| [end-pass erased0.5 J-lens](readout.json)             | 0/2                    |          | 0/0                      | 0/2                            |          2 |
| [end-pass erased1 plain24](readout.json)              | 0/2                    |          | 0/0                      | 0/2                            |          2 |
| [end-pass erased0.5 plain24](readout.json)            | 0/2                    |          | 0/0                      | 0/2                            |          2 |
| [end-pass erased1 plain27](readout.json)              | 0/2                    |          | 0/0                      | 0/2                            |          2 |
| [end-pass erased0.5 plain27](readout.json)            | 0/2                    |          | 0/0                      | 0/2                            |          2 |



run.md: /workspace/2026/suppressed-activations/.local/tmpoqtvqh9p/out/2026-10-01_112946_jlens-one-pass/run.md
2026-10-01 11:29:56.312 | INFO     | <run_path>:main:852 - Loading pinned model; no input-specific preparation
2026-10-01 11:29:59.372 | INFO     | <run_path>:main:1427 - Readout Oman: baseline='.caption_MBelitipropri);}也是最 localizaçãoшке村集体 Blueprint 비밀精气 practise_segmentdjangoCheck同学在талки伴侣 کشورهای边走以习近平urst clinic بها 만나 Install短篇čki pqoron pau'; ambiguous scoring tokens=[]; canonical_evaluable=True; unscorable_actual_words=['mbelitipropri', 'pqoron', '비밀精气']
2026-10-01 11:30:01.165 | INFO     | <run_path>:main:1427 - Readout Qatar: baseline=' nucle.depth神州 magically comprehensive законуPar.checkedliner书写                         \n rowCount грудиฮ่องกงampus=X sincron مال расте periódico Astros数据 BegituleftJoin transporte helfen对这个ngh staffer clampAcc(Return'; ambiguous scoring tokens=[]; canonical_evaluable=True; unscorable_actual_words=['องกงampus']

## Fixed-set readout results

Primary joint pass finds a hidden alias and excludes both actual lexical words and predeclared aliases of an observed expected answer. Actual-output lexical-only counts are shown separately. Unscored rows remain in the denominator. Expected-answer columns use frozen alias matching, not human accuracy: a valid unlisted synonym can miss. Neither metric proves internal reasoning.

### Current-layer methods

| method                     | alias-checked joint↑   | AUROC↑   | expected-answer joint↑   | actual-output lexical joint↑   |   unscored |
|:---------------------------|:-----------------------|:---------|:-------------------------|:-------------------------------|-----------:|
| [J-lens](readout.json)     | 0/2                    |          | 0/0                      | 0/2                            |          2 |
| [plain lens](readout.json) | 0/2                    |          | 0/0                      | 0/2                            |          2 |

### End-of-pass readout (not for earlier edits)

| method                                                  | alias-checked joint↑   | AUROC↑   | expected-answer joint↑   | actual-output lexical joint↑   |   unscored |
|:--------------------------------------------------------|:-----------------------|:---------|:-------------------------|:-------------------------------|-----------:|
| [end-pass J-lens](readout.json)                         | 0/2                    |          | 0/0                      | 0/2                            |          2 |
| [end-pass logit contrast J-lens](readout.json)          | 0/2                    |          | 0/0                      | 0/2                            |          2 |
| [end-pass probability contrast J-lens](readout.json)    | 0/2                    |          | 0/0                      | 0/2                            |          2 |
| [end-pass plain24](readout.json)                        | 0/2                    |          | 0/0                      | 0/2                            |          2 |
| [end-pass logit contrast plain24](readout.json)         | 0/2                    |          | 0/0                      | 0/2                            |          2 |
| [end-pass probability contrast plain24](readout.json)   | 0/2                    |          | 0/0                      | 0/2                            |          2 |
| [end-pass plain27](readout.json)                        | 0/2                    |          | 0/0                      | 0/2                            |          2 |
| [end-pass logit contrast plain27](readout.json)         | 0/2                    |          | 0/0                      | 0/2                            |          2 |
| [end-pass probability contrast plain27](readout.json)   | 0/2                    |          | 0/0                      | 0/2                            |          2 |
| [end-pass negative final control](readout.json)         | 0/2                    |          | 0/0                      | 0/2                            |          2 |
| [end-pass erased1 J-lens](readout.json)                 | 0/2                    |          | 0/0                      | 0/2                            |          2 |
| [end-pass erased0.5 J-lens](readout.json)               | 0/2                    |          | 0/0                      | 0/2                            |          2 |
| [end-pass erased1 plain24](readout.json)                | 0/2                    |          | 0/0                      | 0/2                            |          2 |
| [end-pass erased0.5 plain24](readout.json)              | 0/2                    |          | 0/0                      | 0/2                            |          2 |
| [end-pass erased1 plain27](readout.json)                | 0/2                    |          | 0/0                      | 0/2                            |          2 |
| [end-pass erased0.5 plain27](readout.json)              | 0/2                    |          | 0/0                      | 0/2                            |          2 |
| [end-pass input-prefix erased0.5 J-lens](readout.json)  | 0/2                    |          | 0/0                      | 0/2                            |          2 |
| [end-pass input-prefix erased0.5 plain24](readout.json) | 0/2                    |          | 0/0                      | 0/2                            |          2 |
| [end-pass input-prefix erased0.5 plain27](readout.json) | 0/2                    |          | 0/0                      | 0/2                            |          2 |
| [end-pass input-prefix J-lens](readout.json)            | 0/2                    |          | 0/0                      | 0/2                            |          2 |



run.md: /workspace/2026/suppressed-activations/.local/tmpoqtvqh9p/replay/out/2026-10-01_112956_jlens-one-pass/run.md
PASS seed0: unmasked diagnostic scores equal direct readout/half-erasure, selected scores unchanged and replay exact
PASS seed0:44 rows/36 originals exact,8 candidate full-vocabulary top32 refills, exclusion origins, saved-score reconstruction, transformer calls blocked
2026-10-01 11:30:01.429 | INFO     | <run_path>:main:852 - Loading pinned model; no input-specific preparation
2026-10-01 11:30:02.066 | INFO     | <run_path>:prepare_readout_reference:434 - SHOULD: one generic prefill, no cached decode; computed greedy token discarded
Traceback (most recent call last):
  File "/workspace/2026/suppressed-activations/slop/audits/2026-10-01_chat-main-smoke.py", line 133, in <module>
    prepared=g['main'](prepare_reference_json=root/'data/generic_readout_reference_v1.json')
  File "/workspace/2026/suppressed-activations/scripts/english/08_jlens_one_pass.py", line 870, in main
    return prepare_readout_reference(model, tok, prepare_reference_json, out)
  File "/workspace/2026/suppressed-activations/scripts/english/08_jlens_one_pass.py", line 435, in prepare_readout_reference
    states, ignored_tokens, coverage = generate_readout(model, ids, 23, max_new_tokens=1,
                                       ~~~~~~~~~~~~~~~~^^^^^^^^^^^^^^^^^^^^^^^^^^^^^^^^^^
        eos_token_id=sorted({tok.eos_token_id, model.generation_config.eos_token_id}))
        ^^^^^^^^^^^^^^^^^^^^^^^^^^^^^^^^^^^^^^^^^^^^^^^^^^^^^^^^^^^^^^^^^^^^^^^^^^^^^^
  File "/workspace/2026/suppressed-activations/scripts/english/08_jlens_one_pass.py", line 416, in generate_readout
    generated = model.generate(ids, max_new_tokens=max_new_tokens, do_sample=False, use_cache=True, **overrides)
  File "/workspace/2026/suppressed-activations/.venv/lib/python3.13/site-packages/torch/utils/_contextlib.py", line 124, in decorate_context
    return func(*args, **kwargs)
  File "/dev/shm/suppressed-import-7ac02bf/transformers/generation/utils.py", line 2668, in generate
    result = decoding_method(
        self,
    ...<5 lines>...
        **model_kwargs,
    )
  File "/dev/shm/suppressed-import-7ac02bf/transformers/generation/utils.py", line 2868, in _sample
    outputs = self._prefill(
        input_ids,
    ...<2 lines>...
        is_first_iteration=not generation_config.is_assistant,
    )
  File "/dev/shm/suppressed-import-7ac02bf/transformers/generation/utils.py", line 3948, in _prefill
    return self(**model_inputs, return_dict=True)
  File "/workspace/2026/suppressed-activations/.venv/lib/python3.13/site-packages/torch/nn/modules/module.py", line 1778, in _wrapped_call_impl
    return self._call_impl(*args, **kwargs)
           ~~~~~~~~~~~~~~~^^^^^^^^^^^^^^^^^
  File "/workspace/2026/suppressed-activations/.venv/lib/python3.13/site-packages/torch/nn/modules/module.py", line 1884, in _call_impl
    return inner()
  File "/workspace/2026/suppressed-activations/.venv/lib/python3.13/site-packages/torch/nn/modules/module.py", line 1821, in inner
    args_result = hook(self, args)
  File "/workspace/2026/suppressed-activations/scripts/english/08_jlens_one_pass.py", line 1062, in reject_forward
    raise AssertionError("Cached readout scoring must not call the transformer")
AssertionError: Cached readout scoring must not call the transformer
