out/2026-10-01_142049_person-pairs-readout/inputs/scripts/english/08_jlens_one_pass.py:1540: trailing whitespace.
+              "States and output token IDs are captured during that same generation, with one prefill and cached decode calls, not a separate trajectory pass. generation_traces.json records coverage and token pieces; prefill.pt stores last-position states for later readout analysis only. Replay runs reuse the cached continuations without generation. " 
out/2026-10-01_142049_person-pairs-readout/semantic_review.md:13: trailing whitespace.
+> `Russia, Canada, Britain`  
out/2026-10-01_142049_person-pairs-readout/semantic_review.md:14: trailing whitespace.
+> `Pakistan, England, Nigeria`  
out/2026-10-01_142049_person-pairs-readout/semantic_review.md:15: trailing whitespace.
+> `Japan, Indonesia, Russia`  
out/2026-10-01_142049_person-pairs-readout/source.py:1540: trailing whitespace.
+              "States and output token IDs are captured during that same generation, with one prefill and cached decode calls, not a separate trajectory pass. generation_traces.json records coverage and token pieces; prefill.pt stores last-position states for later readout analysis only. Replay runs reuse the cached continuations without generation. " 
out/2026-10-01_142056_jlens-one-pass/source.py:1540: trailing whitespace.
+              "States and output token IDs are captured during that same generation, with one prefill and cached decode calls, not a separate trajectory pass. generation_traces.json records coverage and token pieces; prefill.pt stores last-position states for later readout analysis only. Replay runs reuse the cached continuations without generation. " 
out/2026-10-01_142107_jlens-one-pass/source.py:1540: trailing whitespace.
+              "States and output token IDs are captured during that same generation, with one prefill and cached decode calls, not a separate trajectory pass. generation_traces.json records coverage and token pieces; prefill.pt stores last-position states for later readout analysis only. Replay runs reuse the cached continuations without generation. " 
slop/reviews/2026-10-01_person-pairs-result-review.md:13: trailing whitespace.
+> `Russia, Canada, Britain`  
slop/reviews/2026-10-01_person-pairs-result-review.md:14: trailing whitespace.
+> `Pakistan, England, Nigeria`  
slop/reviews/2026-10-01_person-pairs-result-review.md:15: trailing whitespace.
+> `Japan, Indonesia, Russia`  
