[pq] task 2815: last 43 of 43 clean lines -- /home/code/.local/share/pueue/task_logs/2815.log
Loading weights:   0%|          | 0/426 [00:00<?, ?it/s]
Loading weights: 100%|██████████| 426/426 [00:00<00:00, 8039.08it/s]
| set         | method                      | hidden in top8   | said word in top8   | hidden, not said   |
|:------------|:----------------------------|:-----------------|:--------------------|:-------------------|
| translation | position-max J16            | 2/48             | 0/48                | 2/48               |
| translation | position-max J16 minus said | 2/48             | 0/48                | 2/48               |
| translation | position-max J20            | 0/48             | 0/48                | 0/48               |
| translation | position-max J20 minus said | 0/48             | 0/48                | 0/48               |
| translation | position-max J24            | 15/48            | 0/48                | 15/48              |
| translation | position-max J24 minus said | 15/48            | 0/48                | 15/48              |
| translation | position-max J28            | 30/48            | 0/48                | 30/48              |
| translation | position-max J28 minus said | 30/48            | 0/48                | 30/48              |
| v3          | position-max J16            | 3/16             | 0/16                | 3/16               |
| v3          | position-max J16 minus said | 3/16             | 0/16                | 3/16               |
| v3          | position-max J20            | 3/16             | 1/16                | 3/16               |
| v3          | position-max J20 minus said | 3/16             | 0/16                | 3/16               |
| v3          | position-max J24            | 6/16             | 9/16                | 2/16               |
| v3          | position-max J24 minus said | 3/16             | 4/16                | 3/16               |
| v3          | position-max J28            | 6/16             | 15/16               | 0/16               |
| v3          | position-max J28 minus said | 6/16             | 14/16               | 0/16               |
| v4          | position-max J16            | 0/8              | 1/8                 | 0/8                |
| v4          | position-max J16 minus said | 0/8              | 0/8                 | 0/8                |
| v4          | position-max J20            | 0/8              | 0/8                 | 0/8                |
| v4          | position-max J20 minus said | 0/8              | 0/8                 | 0/8                |
| v4          | position-max J24            | 2/8              | 5/8                 | 1/8                |
| v4          | position-max J24 minus said | 1/8              | 5/8                 | 1/8                |
| v4          | position-max J28            | 7/8              | 7/8                 | 1/8                |
| v4          | position-max J28 minus said | 6/8              | 7/8                 | 1/8                |
| twohop      | position-max J16            | 7/62             | 2/62                | 5/62               |
| twohop      | position-max J16 minus said | 7/62             | 2/62                | 5/62               |
| twohop      | position-max J20            | 3/62             | 1/62                | 3/62               |
| twohop      | position-max J20 minus said | 3/62             | 1/62                | 3/62               |
| twohop      | position-max J24            | 12/62            | 7/62                | 10/62              |
| twohop      | position-max J24 minus said | 12/62            | 5/62                | 10/62              |
| twohop      | position-max J28            | 15/62            | 21/62               | 10/62              |
| twohop      | position-max J28 minus said | 15/62            | 18/62               | 10/62              |
chosen on translation (hidden, not said): position-max J28
v3 Sweden found SAID [' Sweden', ':', ' United', ' Stockholm', ' Question', ' Go', 'Go', ' hypothesis']
v3 snake ----- SAID [' tail', ':', ' spiders', ' sl', ' Question', ' eats', ' spider', ' through']
v4 Thursday found SAID [' preceding', ':', ' Odin', ' before', ' Question', ' Monday', ' Thursday', ' hypothesis']
twohop Bulgaria -----      [' where', ' largest', ' ___', ' **“', ' population', ' highest', ' **"', '"']
twohop Iceland found      [' Iceland', ' where', ' song', ' largest', ' ___', ' **“', ' Þ', ' population']
twohop Hungary ----- SAID [' after', ' ___', ' where', ' United', ' Republic', ' Kingdom', ' city', ' whose']
