[pq] task 2767: last 37 of 37 clean lines -- /home/code/.local/share/pueue/task_logs/2767.log
Loading weights:   0%|          | 0/426 [00:00<?, ?it/s]
Loading weights: 100%|██████████| 426/426 [00:00<00:00, 7520.00it/s]
| set         | method              |   F1@8 | hidden in top8   | said word in top8   | hidden, not said   |
|:------------|:--------------------|-------:|:-----------------|:--------------------|:-------------------|
| translation | attn23 plain        |  0.342 | 37/48            | 0/48                | 37/48              |
| translation | attn23 J            |  0.401 | 44/48            | 0/48                | 44/48              |
| translation | attn23 J minus said |  0.401 | 44/48            | 0/48                | 44/48              |
| v3          | attn23 plain        |  0.132 | 8/16             | 3/16                | 5/16               |
| v3          | attn23 J            |  0.192 | 12/16            | 4/16                | 8/16               |
| v3          | attn23 J minus said |  0.134 | 12/16            | 1/16                | 11/16              |
| v4          | attn23 plain        |  0.010 | 1/8              | 0/8                 | 1/8                |
| v4          | attn23 J            |  0.043 | 1/8              | 0/8                 | 1/8                |
| v4          | attn23 J minus said |  0.043 | 1/8              | 0/8                 | 1/8                |
v3 Sweden found      [' Swedish', '瑞典', '北欧', ' Scandinavian', ' Göteborg', ' Nordic', 'สวี', ' Шве']
v3 Finland found      [' Finnish', ' Finland', '芬兰', '北欧', ' Nordic', '瑞典', ' Suomi', 'フィン']
v3 Denmark found      ['丹麦', ' Danish', ' Denmark', '北欧', ' Scandinavian', ' Nordic', ' Danmark', ' Scandin']
v3 Netherlands found      ['荷兰', ' Netherlands', ' Dutch', '荷蘭', '.nl', ' Nederlandse', ' Belanda', ' Holland']
v3 Switzerland found      ['瑞士', ' Schweizer', ' Schweiz', ' Swiss', ' Rhône', ' Suisse', ' Genève', ' suisse']
v3 Italy found      ['意大利', ' Italy', ' Italians', ' Italian', 'Italy', ' italian', 'イタリア', ' италья']
v3 Peru found      [' Bolivia', ' Peru', '秘鲁', ' Perú', ' Ecuador', ' boliv', ' Boliv', '智利']
v3 Chile found      [' Chile', '智利', ' Uruguay', '秘鲁', ' Camino', ' Boliv', ' Nicaragua', ' Vasco']
v3 whale -----      ['礁', ' seaw', ' underwater', ' squid', ' Islanders', ' Dolphins', ' reef', ' coastal']
v3 bat -----      [' classes', '类', '-Class', ' Classes', '-class', '_class', ' класса', ' classe']
v3 snake found      [' rept', ' lizard', ' snakes', '舌头', '蛇', ' snake', ' tongues', '蟒']
v3 rabbit -----      ['根', ' roots', ' Roots', ' rooting', '根的', '根部', '根系', '_root']
v3 bear found SAID ['熊', '蜂蜜', ' Bears', '小熊', '熊猫', ' panda', ' bear', ' Panda']
v3 butterfly found      ['虫', ' bugs', ' butterflies', '蜻蜓', ' hive', ' larvae', '巢', '翅']
v3 beetle -----      ['_leg', '腿', '-leg', '腿部', '下肢', '-legged', '后腿', '双腿']
v3 crab found      ['_leg', '-leg', '龙虾', ' crab', ' feet', ' kaki', ' Feet', '爬行']
v4 December -----      [' months', ' Months', 'Months', '(month', '_month', '-month', 'months', '月份']
v4 Thursday -----      ['北欧', '丹麦', ' Copenhagen', ' Nordic', ' Scandinavian', ' weekend', '瑞典', 'openhagen']
v4 autumn -----      [' seasons', ' Seasons', '季节', '-season', '季', '_season', '淡季', '的季节']
v4 apple -----      ['在德国', '德国', ' Apfel', '德国的', ' Disney', ' Merkel', '苹果', ' Leipzig']
v4 violin -----      [' families', '-family', '家族', ' Families', '_family', '家族的', '家庭成员', ' Familien']
v4 Hamlet -----      ['丹麦', ' Copenhagen', ' Denmark', ' Scandinavian', '北欧', 'openhagen', '.dk', ' copenhagen']
v4 hydrogen -----      ['从轻', 'pek', '_pc', 'aviest', '之计', '国家机关', 'quote', ' kód']
v4 triangle found      [' shapes', ' triangles', ' triangle', ' Triangle', '形状', ' Shapes', ' triangular', '三角形']
