[pq] task 2756: last 72 of 72 clean lines -- /home/code/.local/share/pueue/task_logs/2756.log
Loading weights:   0%|          | 0/426 [00:00<?, ?it/s]
Loading weights:   1%|          | 3/426 [00:00<00:19, 21.40it/s]
Loading weights: 100%|██████████| 426/426 [00:00<00:00, 1864.94it/s]
kept-variance ratio, smallest: [0.0011917003971780142, 0.0022246634384255086, 0.0027875151448230303, 0.002932309515070361, 0.003283381149061354]; carry-over, smallest: [-14.51703031228898, -10.770165194948298, -10.111014033806047, -7.078941997221835, -6.586717360687481]
fit: 300 texts, 34351 tokens; top eigenvalues [0.0011917003971780142, 0.0022246634384255086, 0.0027875151448230303, 0.002932309515070361, 0.003283381149061354]; positive count 2560/2560
direction 0: +['꽤', '굉장', '锦涛', 'ссора', 'снабжение', 'ไม่อย', '훨', 'อย่างไม่ถูกต้อง']  -[' ', '-', '/', ' (', '...', '\n', '1', ',']
direction 1: +[' «', ' "', ' se', ' \u200b\u200b', ' ', ' –', ' tr', ' “']  -[' Acomp', ' potriv', ' tulev', ' succesfully', ' îmb', ' potrivit', ' efectiv', ' adec']
direction 2: +['-like', ' Vanaf', ' convainc', ' nejs', 'ってみた', 's', ' hiervoor', ' meteen']  -[' «', ' […]', '(li', ' …', ' POSSIBILITY', '\xa0', '(si', '／']
| set         | method          |   F1@8 | hidden in top8   | said word in top8   | hidden, not said   |
|:------------|:----------------|-------:|:-----------------|:--------------------|:-------------------|
| translation | plain27         |  0.446 | 45/48            | 5/48                | 40/48              |
| translation | J29             |  0.461 | 46/48            | 20/48               | 27/48              |
| translation | erased-S k=16   |  0.000 | 0/48             | 1/48                | 0/48               |
| translation | cancel-C k=16   |  0.000 | 0/48             | 0/48                | 0/48               |
| translation | erased-S k=64   |  0.000 | 0/48             | 0/48                | 0/48               |
| translation | cancel-C k=64   |  0.000 | 0/48             | 0/48                | 0/48               |
| translation | erased-S k=256  |  0.000 | 0/48             | 3/48                | 0/48               |
| translation | cancel-C k=256  |  0.000 | 0/48             | 2/48                | 0/48               |
| translation | erased-S k=1024 |  0.088 | 23/48            | 4/48                | 23/48              |
| translation | cancel-C k=1024 |  0.205 | 32/48            | 9/48                | 25/48              |
| v3          | plain27         |  0.056 | 5/16             | 11/16               | 1/16               |
| v3          | J29             |  0.133 | 10/16            | 14/16               | 0/16               |
| v3          | erased-S k=16   |  0.000 | 0/16             | 0/16                | 0/16               |
| v3          | cancel-C k=16   |  0.000 | 0/16             | 0/16                | 0/16               |
| v3          | erased-S k=64   |  0.000 | 0/16             | 0/16                | 0/16               |
| v3          | cancel-C k=64   |  0.000 | 0/16             | 0/16                | 0/16               |
| v3          | erased-S k=256  |  0.000 | 0/16             | 0/16                | 0/16               |
| v3          | cancel-C k=256  |  0.000 | 0/16             | 0/16                | 0/16               |
| v3          | erased-S k=1024 |  0.000 | 0/16             | 1/16                | 0/16               |
| v3          | cancel-C k=1024 |  0.004 | 1/16             | 1/16                | 1/16               |
| v4          | plain27         |  0.113 | 4/8              | 5/8                 | 2/8                |
| v4          | J29             |  0.170 | 6/8              | 7/8                 | 1/8                |
| v4          | erased-S k=16   |  0.000 | 0/8              | 0/8                 | 0/8                |
| v4          | cancel-C k=16   |  0.000 | 0/8              | 0/8                 | 0/8                |
| v4          | erased-S k=64   |  0.000 | 0/8              | 0/8                 | 0/8                |
| v4          | cancel-C k=64   |  0.000 | 0/8              | 0/8                 | 0/8                |
| v4          | erased-S k=256  |  0.000 | 0/8              | 0/8                 | 0/8                |
| v4          | cancel-C k=256  |  0.000 | 0/8              | 0/8                 | 0/8                |
| v4          | erased-S k=1024 |  0.000 | 0/8              | 0/8                 | 0/8                |
| v4          | cancel-C k=1024 |  0.010 | 1/8              | 2/8                 | 0/8                |
translation plain27 cloud [' cloud', '云', 'cloud', ' clouds', ' Cloud', 'Cloud', '-cloud', '云的']
translation erased-S k=64 cloud [' ', ' "', ' s', ' la', ' tr', ' o', ' por', ' sa']
translation cancel-C k=64 cloud [' inclus', ' vir', ' districts', ' asso', ' sens', ' reput', ' pensions', '-acre']
translation erased-S k=256 cloud [' de', ' -', ' c', ' d', ' ', ' s', ' v', ' l']
translation plain27 cloud ['cloud', '云', ' cloud', ' clouds', ' Cloud', 'Cloud', '-cloud', '云的']
translation erased-S k=64 cloud [' ', ' "', ' -', ' (', '...', ' o', '-', ',']
translation cancel-C k=64 cloud ['加拿大', ' Habana', 'heets', '꽤', '新加坡', ' eskort', 'udara', ' Shops']
translation erased-S k=256 cloud [' ', ' -', '-', ' (', ' z', ':', '\n', ' c']
translation plain27 cloud [' cloud', 'cloud', '云', ' clouds', ' Cloud', 'Cloud', '-cloud', '雲']
translation erased-S k=64 cloud [' ', ' "', ' (', '...', ' -', ',', '-', ' la']
translation cancel-C k=64 cloud [' vir', ' districts', ' inclus', ' asso', '-acre', '-Men', ' pensions', ' sens']
translation erased-S k=256 cloud [' ', ' -', ' de', ' c', ' d', ' v', ' (', ' p']
translation plain27 cloud ['云', 'cloud', ' cloud', ' clouds', ' Cloud', 'Cloud', '-cloud', '雲']
translation erased-S k=64 cloud [' ', ' (', ' "', ' -', '-', ',', '...', '.']
translation cancel-C k=64 cloud ['heets', ' Habana', ' Shops', '加拿大', '新加坡', ' Gratu', ' Acres', ' PROCUREMENT']
translation erased-S k=256 cloud [' ', ' -', '-', ' (', ' z', '\n', ':', ' c']
translation plain27 cloud ['云', ' cloud', ' Cloud', ' clouds', 'cloud', 'Cloud', '雲', '云的']
translation erased-S k=64 cloud [' ', ' -', ' "', ' (', ',', '-', ' por', ' o']
translation cancel-C k=64 cloud [' vir', ' diagnost', ' mens', ' men', ' Resort', ' Repository', ' tutor', ' vers']
translation erased-S k=256 cloud [' ', ' -', ' z', ' (', '-', ':', ',', '\n']
translation plain27 cloud ['云', ' cloud', ' clouds', ' Cloud', 'cloud', 'Cloud', '雲', '云的']
translation erased-S k=64 cloud [' ', ' por', ' -', ' o', ' te', ' "', ' s', ' tr']
translation cancel-C k=64 cloud ['猴', ' Publishing', ' Buyers', ' Repository', ' Resort', ' utk', ' Industries', ' diagnost']
translation erased-S k=256 cloud [' z', ' ', ' -', ' (', '-', ',', ':', ' c']
v3 plain27 Sweden [' Stockholm', ' Haga', 'Stock', ' Sweden', ' stockholm', '瑞典', 'Sweden', 'ストック']
v3 erased-S k=64 Sweden [' **)&', ' Leider', '—for', ' suss', '坦白', '如意', ' minum', 'emani']
v3 cancel-C k=64 Sweden ['ALSE', 'æg', 'бку', 'CLU', 'ACE', 'alley', 'TRIB', 'ANGLE']
v3 erased-S k=256 Sweden ['现', '许', '狭', ' partic', '善于', 'ove', '尚', '事后']
v4 plain27 Thursday [' среда', ' Wednesday', ' Thursday', ' Thurs', 'called', ' wed', ' Frid', 'uesday']
v4 erased-S k=64 Thursday ['以下步骤', ' zove', 'นิ', '相关情况', ' simila', 'ommy', ' Kdy', ' istey']
v4 cancel-C k=64 Thursday ['volv', 'ialized', '-ie', 'forces', ' Mods', 'alization', '国', 'oppers']
v4 erased-S k=256 Thursday ['Kind', '不限', '还剩', 'ตุ', ' uniquely', 'aff', '偏偏', ' ath']
