2026-09-30 12:30:08.607 | INFO     | __main__:main:208 - Loading pinned model and reusable lens; no input-specific preparation
Loading weights:   0%|          | 0/426 [00:00<?, ?it/s]
Loading weights: 100%|██████████| 426/426 [00:00<00:00, 5896.59it/s]
2026-09-30 12:30:14.756 | INFO     | __main__:main:398 - Readout Spain: baseline=' Barcelona.\nQuestion: What is the'; ambiguous scoring tokens=[]; canonical_evaluable=True; unscorable_actual_words=[]
2026-09-30 12:30:15.581 | INFO     | __main__:main:398 - Readout Portugal: baseline=' Lisbon.\nHypothesis: The'; ambiguous scoring tokens=[]; canonical_evaluable=True; unscorable_actual_words=[]
2026-09-30 12:30:16.349 | INFO     | __main__:main:398 - Readout Germany: baseline=' Berlin.\nHypothesis: The'; ambiguous scoring tokens=[]; canonical_evaluable=True; unscorable_actual_words=[]
2026-09-30 12:30:17.285 | INFO     | __main__:main:398 - Readout Greece: baseline=' Athens.\nHypothesis: The'; ambiguous scoring tokens=[]; canonical_evaluable=True; unscorable_actual_words=[]
2026-09-30 12:30:18.236 | INFO     | __main__:main:398 - Readout Austria: baseline=' Vienna.\nHypothesis: The'; ambiguous scoring tokens=[]; canonical_evaluable=True; unscorable_actual_words=[]
2026-09-30 12:30:19.088 | INFO     | __main__:main:398 - Readout Norway: baseline=' Oslo.\nHypothesis: The'; ambiguous scoring tokens=[]; canonical_evaluable=True; unscorable_actual_words=[]
2026-09-30 12:30:19.875 | INFO     | __main__:main:398 - Readout Thailand: baseline=' Bangkok.\nQuestion: What is the'; ambiguous scoring tokens=[]; canonical_evaluable=True; unscorable_actual_words=[]
2026-09-30 12:30:20.705 | INFO     | __main__:main:398 - Readout Kenya: baseline=' Nairobi.\nHypothesis: The'; ambiguous scoring tokens=[]; canonical_evaluable=True; unscorable_actual_words=[]
2026-09-30 12:30:21.604 | INFO     | __main__:main:398 - Readout horse: baseline=' a colt.\nQuestion: What'; ambiguous scoring tokens=[]; canonical_evaluable=False; unscorable_actual_words=[]
2026-09-30 12:30:22.473 | INFO     | __main__:main:398 - Readout cow: baseline=' a calf.\nQuestion: What is'; ambiguous scoring tokens=[]; canonical_evaluable=True; unscorable_actual_words=[]
2026-09-30 12:30:23.257 | INFO     | __main__:main:398 - Readout goat: baseline=' calf.\nHypothesis: The'; ambiguous scoring tokens=[]; canonical_evaluable=True; unscorable_actual_words=[]
2026-09-30 12:30:24.043 | INFO     | __main__:main:398 - Readout duck: baseline=' a quack.\nQuestion: What'; ambiguous scoring tokens=[]; canonical_evaluable=True; unscorable_actual_words=[]
2026-09-30 12:30:24.935 | INFO     | __main__:main:398 - Readout cat: baseline=' kitten.\nHypothesis: The'; ambiguous scoring tokens=[]; canonical_evaluable=True; unscorable_actual_words=[]
2026-09-30 12:30:25.934 | INFO     | __main__:main:398 - Readout chicken: baseline=' 4.\nQuestion: How many'; ambiguous scoring tokens=[]; canonical_evaluable=True; unscorable_actual_words=[]
2026-09-30 12:30:26.819 | INFO     | __main__:main:398 - Readout octopus: baseline=' 0.\nHypothesis:'; ambiguous scoring tokens=[]; canonical_evaluable=True; unscorable_actual_words=[]
2026-09-30 12:30:27.532 | INFO     | __main__:main:398 - Readout penguin: baseline=' 2.\nQuestion: How many'; ambiguous scoring tokens=[]; canonical_evaluable=True; unscorable_actual_words=[]
## Fixed-set readout results
Primary joint pass finds a hidden alias and excludes both actual lexical words and predeclared aliases of an observed expected answer. Literal-only counts are shown separately. Unscored rows remain in the denominator. Expected-answer columns use frozen alias matching, not human accuracy: a valid unlisted synonym can miss. Neither metric proves internal reasoning.
### Current-layer methods
| method                     | alias-checked joint↑   |   AUROC↑ | expected-answer joint↑   | literal joint↑   |   unscored |
|:---------------------------|:-----------------------|---------:|:-------------------------|:-----------------|-----------:|
| [J-lens](readout.json)     | 3/16                   |    0.756 | 1/11                     | 3/16             |          0 |
| [plain lens](readout.json) | 0/16                   |    0.699 | 0/11                     | 0/16             |          0 |
### End-of-pass readout (not for earlier edits)
| method                                     | alias-checked joint↑   |   AUROC↑ | expected-answer joint↑   | literal joint↑   |   unscored |
|:-------------------------------------------|:-----------------------|---------:|:-------------------------|:-----------------|-----------:|
| [end-pass erased0.5 J-lens](readout.json)  | 11/16                  |    0.817 | 9/11                     | 11/16            |          0 |
| [end-pass erased1 J-lens](readout.json)    | 7/16                   |    0.806 | 5/11                     | 7/16             |          0 |
| [end-pass J-lens](readout.json)            | 6/16                   |    0.825 | 4/11                     | 11/16            |          0 |
| [end-pass plain27](readout.json)           | 5/16                   |    0.833 | 4/11                     | 7/16             |          0 |
| [end-pass erased0.5 plain27](readout.json) | 5/16                   |    0.833 | 4/11                     | 6/16             |          0 |
| [end-pass erased1 plain27](readout.json)   | 3/16                   |    0.824 | 2/11                     | 4/16             |          0 |
| [end-pass plain24](readout.json)           | 1/16                   |    0.796 | 1/11                     | 1/16             |          0 |
| [end-pass erased1 plain24](readout.json)   | 0/16                   |    0.783 | 0/11                     | 0/16             |          0 |
| [end-pass erased0.5 plain24](readout.json) | 0/16                   |    0.792 | 0/11                     | 0/16             |          0 |
run.md: /workspace/2026/suppressed-activations/out/2026-09-30_123008_jlens-one-pass/run.md
