[pq] task 2803: last 134 of 134 clean lines -- /home/code/.local/share/pueue/task_logs/2803.log
{"master": "/workspace/2026/suppressed-activations/out/2026-10-02_165240_pair-spain_mexico"}
2026-10-02 16:52:42.486 | INFO     | <run_path>:main:996 - Loading pinned model; no input-specific preparation
Loading weights:   0%|          | 0/426 [00:00<?, ?it/s]
Loading weights: 100%|██████████| 426/426 [00:00<00:00, 8752.39it/s]
2026-10-02 16:52:46.519 | INFO     | <run_path>:main:1801 - Raw J direction norms (' Spain', ' Mexico'): [2.7718822956085205, 2.794266700744629]
2026-10-02 16:52:47.942 | INFO     | <run_path>:main:2080 - Base: 'Madrid; EUR<|im_end|>'; p(first='Madrid')=0.766, p(first='Mexico')=0.000
2026-10-02 16:52:48.340 | INFO     | <run_path>:main:2080 - raw J-coordinate exchange: 'Mexico City; MXN<|im_end|>'; p(first='Madrid')=0.000, p(first='Mexico')=0.969
2026-10-02 16:52:48.682 | INFO     | <run_path>:main:2080 - raw plain-coordinate exchange: 'Madrid; EUR<|im_end|>'; p(first='Madrid')=0.746, p(first='Mexico')=0.000
2026-10-02 16:52:48.992 | INFO     | <run_path>:main:2080 - matched-random delta: 'Madrid; EUR<|im_end|>'; p(first='Madrid')=0.648, p(first='Mexico')=0.000
No standalone readout benchmark in this intervention run.
| condition                     |   answer_log_odds_shift |   p(first='Mexico') |   p(first='Madrid') |   first_token_pair_mass |   r2 |
|:------------------------------|------------------------:|--------------------:|--------------------:|------------------------:|-----:|
| Base                          |            -1.19209e-07 |         1.54267e-05 |         0.765739    |                0.765755 |    0 |
| raw J-coordinate exchange     |            18.4375      |         0.96902     |         0.000472974 |                0.969493 |    0 |
| raw plain-coordinate exchange |             0.25        |         1.92886e-05 |         0.745652    |                0.745672 |    0 |
| matched-random delta          |             0.3125      |         1.78302e-05 |         0.647514    |                0.647531 |    0 |
run.md: /workspace/2026/suppressed-activations/out/2026-10-02_165242_chat-causal-0/run.md
2026-10-02 16:52:49.198 | INFO     | <run_path>:main:996 - Loading pinned model; no input-specific preparation
Loading weights:   0%|          | 0/426 [00:00<?, ?it/s]
Loading weights: 100%|██████████| 426/426 [00:00<00:00, 8359.45it/s]
2026-10-02 16:52:52.509 | INFO     | <run_path>:main:1801 - Raw J direction norms (' Spain', ' Mexico'): [2.7718822956085205, 2.794266700744629]
2026-10-02 16:52:52.947 | INFO     | <run_path>:main:2080 - Base: 'Mexico City; MXN<|im_end|>'; p(first='Madrid')=0.001, p(first='Mexico')=0.893
2026-10-02 16:52:53.338 | INFO     | <run_path>:main:2080 - raw J-coordinate exchange: 'Mexico City; MXN<|im_end|>'; p(first='Madrid')=0.134, p(first='Mexico')=0.768
2026-10-02 16:52:53.737 | INFO     | <run_path>:main:2080 - raw plain-coordinate exchange: 'Mexico City; MXN<|im_end|>'; p(first='Madrid')=0.001, p(first='Mexico')=0.912
2026-10-02 16:52:54.095 | INFO     | <run_path>:main:2080 - matched-random delta: 'Mexico City; MXN<|im_end|>'; p(first='Madrid')=0.001, p(first='Mexico')=0.887
No standalone readout benchmark in this intervention run.
| condition                     |   answer_log_odds_shift |   p(first='Mexico') |   p(first='Madrid') |   first_token_pair_mass |   r2 |
|:------------------------------|------------------------:|--------------------:|--------------------:|------------------------:|-----:|
| Base                          |                  0      |            0.893307 |         0.000867127 |                0.894174 |    0 |
| raw J-coordinate exchange     |                 -5.1875 |            0.768455 |         0.133537    |                0.901993 |    0 |
| raw plain-coordinate exchange |                  0.1875 |            0.912031 |         0.000733942 |                0.912765 |    0 |
| matched-random delta          |                 -0.125  |            0.886761 |         0.000975384 |                0.887736 |    0 |
run.md: /workspace/2026/suppressed-activations/out/2026-10-02_165249_chat-causal-1/run.md
2026-10-02 16:52:54.321 | INFO     | <run_path>:main:996 - Loading pinned model; no input-specific preparation
Loading weights:   0%|          | 0/426 [00:00<?, ?it/s]
Loading weights: 100%|██████████| 426/426 [00:00<00:00, 10098.93it/s]
2026-10-02 16:52:57.522 | INFO     | <run_path>:main:1801 - Raw J direction norms (' Spain', ' Mexico'): [2.7718822956085205, 2.794266700744629]
2026-10-02 16:52:57.829 | INFO     | <run_path>:main:2080 - Base: '4; even<|im_end|>'; p(first='Madrid')=0.000, p(first='Mexico')=0.000
2026-10-02 16:52:58.103 | INFO     | <run_path>:main:2080 - raw J-coordinate exchange: '4; even<|im_end|>'; p(first='Madrid')=0.000, p(first='Mexico')=0.000
2026-10-02 16:52:58.372 | INFO     | <run_path>:main:2080 - raw plain-coordinate exchange: '4; even<|im_end|>'; p(first='Madrid')=0.000, p(first='Mexico')=0.000
2026-10-02 16:52:58.683 | INFO     | <run_path>:main:2080 - matched-random delta: '4; even<|im_end|>'; p(first='Madrid')=0.000, p(first='Mexico')=0.000
No standalone readout benchmark in this intervention run.
| condition                     |   answer_log_odds_shift |   p(first='Mexico') |   p(first='Madrid') |   first_token_pair_mass |   r2 |
|:------------------------------|------------------------:|--------------------:|--------------------:|------------------------:|-----:|
| Base                          |                0        |         4.35604e-10 |         2.8405e-09  |             3.2761e-09  |    0 |
| raw J-coordinate exchange     |                0.421875 |         6.4374e-10  |         2.75292e-09 |             3.39666e-09 |    0 |
| raw plain-coordinate exchange |                0.046875 |         4.56803e-10 |         2.84232e-09 |             3.29913e-09 |    0 |
| matched-random delta          |               -0.109375 |         4.94616e-10 |         3.59809e-09 |             4.0927e-09  |    0 |
run.md: /workspace/2026/suppressed-activations/out/2026-10-02_165254_chat-causal-2/run.md
{
 "stage": "completed",
 "source_sha256": "a2bde1d07e97fc8a7942808c92e74b49bdb5b726932cd5e094b4291b0e6f22af",
 "manifest_sha256": "c643e083c52ab26b01c218aad317936c92212924896d43d9077789cef4890568",
 "case_runs": [
  {
   "case": {
    "name": "Spain_to_Mexico",
    "relation": "country_properties",
    "reverse": false,
    "user_content": "For the country containing Barcelona, give its capital and three-letter currency code. Reply only as '<capital>; <currency code>'.",
    "base_expected": [
     "Madrid",
     "EUR"
    ],
    "edited_expected": [
     "Mexico City",
     "MXN"
    ]
   },
   "run": "/workspace/2026/suppressed-activations/out/2026-10-02_165242_chat-causal-0",
   "forward_calls": 18
  },
  {
   "case": {
    "name": "Mexico_to_Spain",
    "relation": "country_properties",
    "reverse": true,
    "user_content": "For the country containing Guadalajara, give its capital and three-letter currency code. Reply only as '<capital>; <currency code>'.",
    "base_expected": [
     "Mexico City",
     "MXN"
    ],
    "edited_expected": [
     "Madrid",
     "EUR"
    ]
   },
   "run": "/workspace/2026/suppressed-activations/out/2026-10-02_165249_chat-causal-1",
   "forward_calls": 24
  },
  {
   "case": {
    "name": "arithmetic_control",
    "relation": "arithmetic_control",
    "reverse": false,
    "user_content": "A visitor from Barcelona is nearby. What is 2 + 2, and is that sum odd or even? Reply only as '<sum>; <odd or even>'.",
    "base_expected": [
     "4",
     "even"
    ],
    "edited_expected": [
     "4",
     "even"
    ]
   },
   "run": "/workspace/2026/suppressed-activations/out/2026-10-02_165254_chat-causal-2",
   "forward_calls": 16
  }
 ],
 "goals_completed": false,
 "raw_coordinate_exchange": true,
 "reference_master": null,
 "generic_prefills": 0,
 "actual_forwards": 58,
 "generated_tokens": 58,
 "elapsed_seconds": 18.292783147888258,
 "peak_allocated_gib": 8.113467693328857,
 "semantic_review_pending": true
}
| Case / condition                                  | Observed text    | Expected properties   |   Tokens |   First-token 'Madrid'→'Mexico' log-odds shift |   First-token pair mass |     r2 | Full log                                                                          |
|:--------------------------------------------------|:-----------------|:----------------------|---------:|-----------------------------------------------:|------------------------:|-------:|:----------------------------------------------------------------------------------|
| Spain_to_Mexico: Base                             | Madrid; EUR      | Madrid; EUR           |        4 |                                        -0.0000 |                  0.7658 | 0.0000 | /workspace/2026/suppressed-activations/out/2026-10-02_165242_chat-causal-0/run.md |
| Spain_to_Mexico: raw J-coordinate exchange        | Mexico City; MXN | Mexico City; MXN      |        6 |                                        18.4375 |                  0.9695 | 0.0000 | /workspace/2026/suppressed-activations/out/2026-10-02_165242_chat-causal-0/run.md |
| Spain_to_Mexico: raw plain-coordinate exchange    | Madrid; EUR      | Mexico City; MXN      |        4 |                                         0.2500 |                  0.7457 | 0.0000 | /workspace/2026/suppressed-activations/out/2026-10-02_165242_chat-causal-0/run.md |
| Spain_to_Mexico: matched-random delta             | Madrid; EUR      | Madrid; EUR           |        4 |                                         0.3125 |                  0.6475 | 0.0000 | /workspace/2026/suppressed-activations/out/2026-10-02_165242_chat-causal-0/run.md |
| Mexico_to_Spain: Base                             | Mexico City; MXN | Mexico City; MXN      |        6 |                                         0.0000 |                  0.8942 | 0.0000 | /workspace/2026/suppressed-activations/out/2026-10-02_165249_chat-causal-1/run.md |
| Mexico_to_Spain: raw J-coordinate exchange        | Mexico City; MXN | Madrid; EUR           |        6 |                                        -5.1875 |                  0.9020 | 0.0000 | /workspace/2026/suppressed-activations/out/2026-10-02_165249_chat-causal-1/run.md |
| Mexico_to_Spain: raw plain-coordinate exchange    | Mexico City; MXN | Madrid; EUR           |        6 |                                         0.1875 |                  0.9128 | 0.0000 | /workspace/2026/suppressed-activations/out/2026-10-02_165249_chat-causal-1/run.md |
| Mexico_to_Spain: matched-random delta             | Mexico City; MXN | Mexico City; MXN      |        6 |                                        -0.1250 |                  0.8877 | 0.0000 | /workspace/2026/suppressed-activations/out/2026-10-02_165249_chat-causal-1/run.md |
| arithmetic_control: Base                          | 4; even          | 4; even               |        4 |                                         0.0000 |                  0.0000 | 0.0000 | /workspace/2026/suppressed-activations/out/2026-10-02_165254_chat-causal-2/run.md |
| arithmetic_control: raw J-coordinate exchange     | 4; even          | 4; even               |        4 |                                         0.4219 |                  0.0000 | 0.0000 | /workspace/2026/suppressed-activations/out/2026-10-02_165254_chat-causal-2/run.md |
| arithmetic_control: raw plain-coordinate exchange | 4; even          | 4; even               |        4 |                                         0.0469 |                  0.0000 | 0.0000 | /workspace/2026/suppressed-activations/out/2026-10-02_165254_chat-causal-2/run.md |
| arithmetic_control: matched-random delta          | 4; even          | 4; even               |        4 |                                        -0.1094 |                  0.0000 | 0.0000 | /workspace/2026/suppressed-activations/out/2026-10-02_165254_chat-causal-2/run.md |
run.md: /workspace/2026/suppressed-activations/out/2026-10-02_165240_pair-spain_mexico/run.md
