[pq] task 2840: last 134 of 134 clean lines -- /home/code/.local/share/pueue/task_logs/2840.log
{"master": "/workspace/2026/suppressed-activations/out/2026-10-02_224322_pair2-germany_brazil"}
2026-10-02 22:43:24.525 | INFO     | <run_path>:main:996 - Loading pinned model; no input-specific preparation
Loading weights:   0%|          | 0/426 [00:00<?, ?it/s]
Loading weights: 100%|██████████| 426/426 [00:00<00:00, 8233.18it/s]
2026-10-02 22:43:28.570 | INFO     | <run_path>:main:1801 - Raw J direction norms (' Germany', ' Brazil'): [3.1099016666412354, 2.8023815155029297]
2026-10-02 22:43:29.828 | INFO     | <run_path>:main:2080 - Base: 'Europe; EUR<|im_end|>'; p(first='Europe')=0.922, p(first='South')=0.000
2026-10-02 22:43:30.152 | INFO     | <run_path>:main:2080 - raw J-coordinate exchange: 'Europe; EUR<|im_end|>'; p(first='Europe')=0.752, p(first='South')=0.009
2026-10-02 22:43:30.458 | INFO     | <run_path>:main:2080 - raw plain-coordinate exchange: 'Europe; EUR<|im_end|>'; p(first='Europe')=0.935, p(first='South')=0.000
2026-10-02 22:43:30.757 | INFO     | <run_path>:main:2080 - matched-random delta: 'Europe; EUR<|im_end|>'; p(first='Europe')=0.898, p(first='South')=0.000
No standalone readout benchmark in this intervention run.
| condition                     |   answer_log_odds_shift |   p(first='South') |   p(first='Europe') |   first_token_pair_mass |   r2 |
|:------------------------------|------------------------:|-------------------:|--------------------:|------------------------:|-----:|
| Base                          |            -4.24683e-07 |        6.35305e-07 |            0.921584 |                0.921584 |    0 |
| raw J-coordinate exchange     |             9.8125      |        0.0094614   |            0.751612 |                0.761073 |    0 |
| raw plain-coordinate exchange |            -0.0625004   |        6.0542e-07  |            0.934874 |                0.934875 |    0 |
| matched-random delta          |             0.0624996   |        6.58749e-07 |            0.897697 |                0.897697 |    0 |
run.md: /workspace/2026/suppressed-activations/out/2026-10-02_224324_chat-causal-0/run.md
2026-10-02 22:43:30.968 | INFO     | <run_path>:main:996 - Loading pinned model; no input-specific preparation
Loading weights:   0%|          | 0/426 [00:00<?, ?it/s]
Loading weights: 100%|██████████| 426/426 [00:00<00:00, 7157.52it/s]
2026-10-02 22:43:34.297 | INFO     | <run_path>:main:1801 - Raw J direction norms (' Germany', ' Brazil'): [3.1099016666412354, 2.8023815155029297]
2026-10-02 22:43:34.758 | INFO     | <run_path>:main:2080 - Base: 'South America; BRL<|im_end|>'; p(first='Europe')=0.000, p(first='South')=0.952
2026-10-02 22:43:35.077 | INFO     | <run_path>:main:2080 - raw J-coordinate exchange: 'Europe; EUR<|im_end|>'; p(first='Europe')=0.960, p(first='South')=0.001
2026-10-02 22:43:35.475 | INFO     | <run_path>:main:2080 - raw plain-coordinate exchange: 'South America; BRL<|im_end|>'; p(first='Europe')=0.000, p(first='South')=0.959
2026-10-02 22:43:35.909 | INFO     | <run_path>:main:2080 - matched-random delta: 'South America; BRL<|im_end|>'; p(first='Europe')=0.000, p(first='South')=0.936
No standalone readout benchmark in this intervention run.
| condition                     |   answer_log_odds_shift |   p(first='South') |   p(first='Europe') |   first_token_pair_mass |   r2 |
|:------------------------------|------------------------:|-------------------:|--------------------:|------------------------:|-----:|
| Base                          |                  0      |        0.952392    |         9.1536e-05  |                0.952484 |    0 |
| raw J-coordinate exchange     |                -16.25   |        0.000874965 |         0.959516    |                0.960391 |    0 |
| raw plain-coordinate exchange |                 -0.25   |        0.959332    |         0.000118391 |                0.95945  |    0 |
| matched-random delta          |                 -0.0625 |        0.936365    |         9.57998e-05 |                0.936461 |    0 |
run.md: /workspace/2026/suppressed-activations/out/2026-10-02_224330_chat-causal-1/run.md
2026-10-02 22:43:36.210 | INFO     | <run_path>:main:996 - Loading pinned model; no input-specific preparation
Loading weights:   0%|          | 0/426 [00:00<?, ?it/s]
Loading weights: 100%|██████████| 426/426 [00:00<00:00, 7683.73it/s]
2026-10-02 22:43:39.445 | INFO     | <run_path>:main:1801 - Raw J direction norms (' Germany', ' Brazil'): [3.1099016666412354, 2.8023815155029297]
2026-10-02 22:43:39.773 | INFO     | <run_path>:main:2080 - Base: '4; even<|im_end|>'; p(first='Europe')=0.000, p(first='South')=0.000
2026-10-02 22:43:40.081 | INFO     | <run_path>:main:2080 - raw J-coordinate exchange: '4; even<|im_end|>'; p(first='Europe')=0.000, p(first='South')=0.000
2026-10-02 22:43:40.360 | INFO     | <run_path>:main:2080 - raw plain-coordinate exchange: '4; even<|im_end|>'; p(first='Europe')=0.000, p(first='South')=0.000
2026-10-02 22:43:40.635 | INFO     | <run_path>:main:2080 - matched-random delta: '4; even<|im_end|>'; p(first='Europe')=0.000, p(first='South')=0.000
No standalone readout benchmark in this intervention run.
| condition                     |   answer_log_odds_shift |   p(first='South') |   p(first='Europe') |   first_token_pair_mass |   r2 |
|:------------------------------|------------------------:|-------------------:|--------------------:|------------------------:|-----:|
| Base                          |                 0       |        1.8244e-08  |         1.37713e-08 |             3.20153e-08 |    0 |
| raw J-coordinate exchange     |                 0.4375  |        2.73407e-08 |         1.33248e-08 |             4.06655e-08 |    0 |
| raw plain-coordinate exchange |                -0.03125 |        1.89573e-08 |         1.47639e-08 |             3.37212e-08 |    0 |
| matched-random delta          |                -0.0625  |        1.90525e-08 |         1.53091e-08 |             3.43615e-08 |    0 |
run.md: /workspace/2026/suppressed-activations/out/2026-10-02_224336_chat-causal-2/run.md
{
 "stage": "completed",
 "source_sha256": "a2bde1d07e97fc8a7942808c92e74b49bdb5b726932cd5e094b4291b0e6f22af",
 "manifest_sha256": "8c908be92a4313d934a7274b86d0e3b98958b745cf7c07f200342c9808ba7358",
 "case_runs": [
  {
   "case": {
    "name": "Germany_to_Brazil",
    "relation": "country_properties",
    "reverse": false,
    "user_content": "Which continent is the country with the city of Munich on, and what is that country's three-letter currency code? Reply only as '<continent>; <currency code>'.",
    "base_expected": [
     "Europe",
     "EUR"
    ],
    "edited_expected": [
     "South America",
     "BRL"
    ]
   },
   "run": "/workspace/2026/suppressed-activations/out/2026-10-02_224324_chat-causal-0",
   "forward_calls": 16
  },
  {
   "case": {
    "name": "Brazil_to_Germany",
    "relation": "country_properties",
    "reverse": true,
    "user_content": "Which continent is the country with the city of Rio de Janeiro on, and what is that country's three-letter currency code? Reply only as '<continent>; <currency code>'.",
    "base_expected": [
     "South America",
     "BRL"
    ],
    "edited_expected": [
     "Europe",
     "EUR"
    ]
   },
   "run": "/workspace/2026/suppressed-activations/out/2026-10-02_224330_chat-causal-1",
   "forward_calls": 22
  },
  {
   "case": {
    "name": "arithmetic_control",
    "relation": "arithmetic_control",
    "reverse": false,
    "user_content": "Someone from Munich asks: what is 2 + 2, and is that sum odd or even? Reply only as '<sum>; <odd or even>'.",
    "base_expected": [
     "4",
     "even"
    ],
    "edited_expected": [
     "4",
     "even"
    ]
   },
   "run": "/workspace/2026/suppressed-activations/out/2026-10-02_224336_chat-causal-2",
   "forward_calls": 16
  }
 ],
 "goals_completed": false,
 "raw_coordinate_exchange": true,
 "reference_master": null,
 "generic_prefills": 0,
 "actual_forwards": 54,
 "generated_tokens": 54,
 "elapsed_seconds": 18.17195792403072,
 "peak_allocated_gib": 8.114569187164307,
 "semantic_review_pending": true
}
| Case / condition                                  | Observed text      | Expected properties   |   Tokens |   First-token 'Europe'→'South' log-odds shift |   First-token pair mass |     r2 | Full log                                                                          |
|:--------------------------------------------------|:-------------------|:----------------------|---------:|----------------------------------------------:|------------------------:|-------:|:----------------------------------------------------------------------------------|
| Germany_to_Brazil: Base                           | Europe; EUR        | Europe; EUR           |        4 |                                       -0.0000 |                  0.9216 | 0.0000 | /workspace/2026/suppressed-activations/out/2026-10-02_224324_chat-causal-0/run.md |
| Germany_to_Brazil: raw J-coordinate exchange      | Europe; EUR        | South America; BRL    |        4 |                                        9.8125 |                  0.7611 | 0.0000 | /workspace/2026/suppressed-activations/out/2026-10-02_224324_chat-causal-0/run.md |
| Germany_to_Brazil: raw plain-coordinate exchange  | Europe; EUR        | South America; BRL    |        4 |                                       -0.0625 |                  0.9349 | 0.0000 | /workspace/2026/suppressed-activations/out/2026-10-02_224324_chat-causal-0/run.md |
| Germany_to_Brazil: matched-random delta           | Europe; EUR        | Europe; EUR           |        4 |                                        0.0625 |                  0.8977 | 0.0000 | /workspace/2026/suppressed-activations/out/2026-10-02_224324_chat-causal-0/run.md |
| Brazil_to_Germany: Base                           | South America; BRL | South America; BRL    |        6 |                                        0.0000 |                  0.9525 | 0.0000 | /workspace/2026/suppressed-activations/out/2026-10-02_224330_chat-causal-1/run.md |
| Brazil_to_Germany: raw J-coordinate exchange      | Europe; EUR        | Europe; EUR           |        4 |                                      -16.2500 |                  0.9604 | 0.0000 | /workspace/2026/suppressed-activations/out/2026-10-02_224330_chat-causal-1/run.md |
| Brazil_to_Germany: raw plain-coordinate exchange  | South America; BRL | Europe; EUR           |        6 |                                       -0.2500 |                  0.9594 | 0.0000 | /workspace/2026/suppressed-activations/out/2026-10-02_224330_chat-causal-1/run.md |
| Brazil_to_Germany: matched-random delta           | South America; BRL | South America; BRL    |        6 |                                       -0.0625 |                  0.9365 | 0.0000 | /workspace/2026/suppressed-activations/out/2026-10-02_224330_chat-causal-1/run.md |
| arithmetic_control: Base                          | 4; even            | 4; even               |        4 |                                        0.0000 |                  0.0000 | 0.0000 | /workspace/2026/suppressed-activations/out/2026-10-02_224336_chat-causal-2/run.md |
| arithmetic_control: raw J-coordinate exchange     | 4; even            | 4; even               |        4 |                                        0.4375 |                  0.0000 | 0.0000 | /workspace/2026/suppressed-activations/out/2026-10-02_224336_chat-causal-2/run.md |
| arithmetic_control: raw plain-coordinate exchange | 4; even            | 4; even               |        4 |                                       -0.0312 |                  0.0000 | 0.0000 | /workspace/2026/suppressed-activations/out/2026-10-02_224336_chat-causal-2/run.md |
| arithmetic_control: matched-random delta          | 4; even            | 4; even               |        4 |                                       -0.0625 |                  0.0000 | 0.0000 | /workspace/2026/suppressed-activations/out/2026-10-02_224336_chat-causal-2/run.md |
run.md: /workspace/2026/suppressed-activations/out/2026-10-02_224322_pair2-germany_brazil/run.md
