2026-09-30 15:10:32.071 | INFO     | __main__:main:211 - Loading pinned model and reusable lens; no input-specific preparation
Loading weights:   0%|          | 0/426 [00:00<?, ?it/s]
Loading weights: 100%|██████████| 426/426 [00:00<00:00, 6530.51it/s]
2026-09-30 15:10:38.191 | INFO     | __main__:main:453 - Readout December: baseline=' January.\nQuestion: What is the'; ambiguous scoring tokens=[]; canonical_evaluable=True; unscorable_actual_words=[]
2026-09-30 15:10:38.813 | INFO     | __main__:main:453 - Readout Thursday: baseline=' Friday.\nQuestion: What day of'; ambiguous scoring tokens=[]; canonical_evaluable=True; unscorable_actual_words=[]
2026-09-30 15:10:39.366 | INFO     | __main__:main:453 - Readout autumn: baseline=' winter.\nHypothesis: The'; ambiguous scoring tokens=[]; canonical_evaluable=True; unscorable_actual_words=[]
2026-09-30 15:10:39.829 | INFO     | __main__:main:453 - Readout apple: baseline=' red.\nHypothesis: The'; ambiguous scoring tokens=[]; canonical_evaluable=True; unscorable_actual_words=[]
2026-09-30 15:10:40.844 | INFO     | __main__:main:453 - Readout violin: baseline=' the woodwind family.\nQuestion:'; ambiguous scoring tokens=[]; canonical_evaluable=True; unscorable_actual_words=[]
2026-09-30 15:10:41.365 | INFO     | __main__:main:453 - Readout Hamlet: baseline=' William Shakespeare.\nQuestion: Who wrote'; ambiguous scoring tokens=[]; canonical_evaluable=True; unscorable_actual_words=[]
2026-09-30 15:10:41.858 | INFO     | __main__:main:453 - Readout hydrogen: baseline=' a gas.\nHypothesis:'; ambiguous scoring tokens=[]; canonical_evaluable=True; unscorable_actual_words=[]
2026-09-30 15:10:42.448 | INFO     | __main__:main:453 - Readout triangle: baseline=' 3.\nFact: The number'; ambiguous scoring tokens=[]; canonical_evaluable=True; unscorable_actual_words=[]
## Fixed-set readout results
Primary joint pass finds a hidden alias and excludes both actual lexical words and predeclared aliases of an observed expected answer. Literal-only counts are shown separately. Unscored rows remain in the denominator. Expected-answer columns use frozen alias matching, not human accuracy: a valid unlisted synonym can miss. Neither metric proves internal reasoning.
### Current-layer methods
| method                     | alias-checked joint↑   |   AUROC↑ | expected-answer joint↑   | literal joint↑   |   unscored |
|:---------------------------|:-----------------------|---------:|:-------------------------|:-----------------|-----------:|
| [J-lens](readout.json)     | 2/8                    |    0.750 | 1/7                      | 2/8              |          0 |
| [plain lens](readout.json) | 1/8                    |    0.706 | 1/7                      | 1/8              |          0 |
### End-of-pass readout (not for earlier edits)
| method                                                     | alias-checked joint↑   |   AUROC↑ | expected-answer joint↑   | literal joint↑   |   unscored |
|:-----------------------------------------------------------|:-----------------------|---------:|:-------------------------|:-----------------|-----------:|
| [end-pass erased0.5 plain27](readout.json)                 | 6/8                    |    0.899 | 5/7                      | 6/8              |          0 |
| [end-pass plain27](readout.json)                           | 5/8                    |    0.895 | 4/7                      | 6/8              |          0 |
| [end-pass probability contrast plain27](readout.json)      | 5/8                    |    0.773 | 4/7                      | 6/8              |          0 |
| [end-pass erased1 plain27](readout.json)                   | 5/8                    |    0.904 | 4/7                      | 5/8              |          0 |
| [end-pass J-lens](readout.json)                            | 4/8                    |    0.858 | 3/7                      | 6/8              |          0 |
| [end-pass probability contrast J-lens](readout.json)       | 4/8                    |    0.611 | 3/7                      | 4/8              |          0 |
| [end-pass erased1 J-lens](readout.json)                    | 3/8                    |    0.853 | 2/7                      | 3/8              |          0 |
| [end-pass erased0.5 J-lens](readout.json)                  | 3/8                    |    0.857 | 2/7                      | 4/8              |          0 |
| [end-pass mismatched logit contrast J-lens](readout.json)  | 2/8                    |    0.869 | 2/7                      | 2/8              |          0 |
| [end-pass mismatched logit contrast plain27](readout.json) | 2/8                    |    0.882 | 1/7                      | 3/8              |          0 |
| [end-pass plain24](readout.json)                           | 1/8                    |    0.816 | 1/7                      | 1/8              |          0 |
| [end-pass probability contrast plain24](readout.json)      | 1/8                    |    0.602 | 1/7                      | 1/8              |          0 |
| [end-pass mismatched logit contrast plain24](readout.json) | 1/8                    |    0.807 | 1/7                      | 1/8              |          0 |
| [end-pass erased1 plain24](readout.json)                   | 1/8                    |    0.812 | 1/7                      | 1/8              |          0 |
| [end-pass erased0.5 plain24](readout.json)                 | 1/8                    |    0.814 | 1/7                      | 1/8              |          0 |
| [end-pass logit contrast J-lens](readout.json)             | 0/8                    |    0.710 | 0/7                      | 0/8              |          0 |
| [end-pass logit contrast plain24](readout.json)            | 0/8                    |    0.672 | 0/7                      | 0/8              |          0 |
| [end-pass logit contrast plain27](readout.json)            | 0/8                    |    0.727 | 0/7                      | 0/8              |          0 |
| [end-pass negative final control](readout.json)            | 0/8                    |    0.645 | 0/7                      | 0/8              |          0 |
run.md: /workspace/2026/suppressed-activations/out/2026-09-30_151032_jlens-one-pass/run.md
