{"stage": "preflight-done", "elapsed_seconds": 0.11420591408386827}
{"stage": "imports-done", "elapsed_seconds": 28.124239199096337}
2026-10-01 06:05:04.721 | INFO     | <run_path>:main:688 - Loading pinned model; no input-specific preparation
Loading weights:   0%|          | 0/426 [00:00<?, ?it/s]
Loading weights:  49%|████▉     | 209/426 [00:00<00:00, 2086.53it/s]
Loading weights: 100%|██████████| 426/426 [00:00<00:00, 3361.99it/s]
2026-10-01 06:05:17.675 | INFO     | <run_path>:main:1186 - Readout Oman: baseline='Asia<|im_end|>'; ambiguous scoring tokens=[]; canonical_evaluable=True; unscorable_actual_words=[]
2026-10-01 06:05:18.131 | INFO     | <run_path>:main:1186 - Readout Qatar: baseline='Asia<|im_end|>'; ambiguous scoring tokens=[]; canonical_evaluable=True; unscorable_actual_words=[]
2026-10-01 06:05:18.824 | INFO     | <run_path>:main:1186 - Readout Namibia: baseline='Africa<|im_end|>'; ambiguous scoring tokens=[]; canonical_evaluable=True; unscorable_actual_words=[]
2026-10-01 06:05:19.339 | INFO     | <run_path>:main:1186 - Readout Botswana: baseline='Africa<|im_end|>'; ambiguous scoring tokens=[]; canonical_evaluable=True; unscorable_actual_words=[]
## Fixed-set readout results
Primary joint pass finds a hidden alias and excludes both actual lexical words and predeclared aliases of an observed expected answer. Actual-output lexical-only counts are shown separately. Unscored rows remain in the denominator. Expected-answer columns use frozen alias matching, not human accuracy: a valid unlisted synonym can miss. Neither metric proves internal reasoning.
### Current-layer methods
| method                     | alias-checked joint↑   |   AUROC↑ | expected-answer joint↑   | actual-output lexical joint↑   |   unscored |
|:---------------------------|:-----------------------|---------:|:-------------------------|:-------------------------------|-----------:|
| [J-lens](readout.json)     | 0/4                    |    0.250 | 0/4                      | 0/4                            |          0 |
| [plain lens](readout.json) | 0/4                    |    0.265 | 0/4                      | 0/4                            |          0 |
### End-of-pass readout (not for earlier edits)
| method                                                | alias-checked joint↑   |   AUROC↑ | expected-answer joint↑   | actual-output lexical joint↑   |   unscored |
|:------------------------------------------------------|:-----------------------|---------:|:-------------------------|:-------------------------------|-----------:|
| [end-pass J-lens](readout.json)                       | 2/4                    |    0.893 | 2/4                      | 2/4                            |          0 |
| [end-pass probability contrast J-lens](readout.json)  | 2/4                    |    0.799 | 2/4                      | 2/4                            |          0 |
| [end-pass erased1 J-lens](readout.json)               | 2/4                    |    0.893 | 2/4                      | 2/4                            |          0 |
| [end-pass erased0.5 J-lens](readout.json)             | 2/4                    |    0.893 | 2/4                      | 2/4                            |          0 |
| [end-pass logit contrast J-lens](readout.json)        | 0/4                    |    0.893 | 0/4                      | 0/4                            |          0 |
| [end-pass plain24](readout.json)                      | 0/4                    |    0.893 | 0/4                      | 0/4                            |          0 |
| [end-pass logit contrast plain24](readout.json)       | 0/4                    |    0.893 | 0/4                      | 0/4                            |          0 |
| [end-pass probability contrast plain24](readout.json) | 0/4                    |    0.877 | 0/4                      | 0/4                            |          0 |
| [end-pass plain27](readout.json)                      | 0/4                    |    0.893 | 0/4                      | 0/4                            |          0 |
| [end-pass logit contrast plain27](readout.json)       | 0/4                    |    0.893 | 0/4                      | 0/4                            |          0 |
| [end-pass probability contrast plain27](readout.json) | 0/4                    |    0.877 | 0/4                      | 0/4                            |          0 |
| [end-pass negative final control](readout.json)       | 0/4                    |    0.893 | 0/4                      | 0/4                            |          0 |
| [end-pass erased1 plain24](readout.json)              | 0/4                    |    0.893 | 0/4                      | 0/4                            |          0 |
| [end-pass erased0.5 plain24](readout.json)            | 0/4                    |    0.893 | 0/4                      | 0/4                            |          0 |
| [end-pass erased1 plain27](readout.json)              | 0/4                    |    0.893 | 0/4                      | 0/4                            |          0 |
| [end-pass erased0.5 plain27](readout.json)            | 0/4                    |    0.893 | 0/4                      | 0/4                            |          0 |
run.md: /workspace/2026/suppressed-activations/out/2026-10-01_060504_jlens-one-pass/run.md
{
 "run": "/workspace/2026/suppressed-activations/out/2026-10-01_060504_jlens-one-pass",
 "results": [
  {
   "method": "end-pass erased0.5 J-lens",
   "joint_alias_passes": 2,
   "n": 4,
   "expected_answer_alias_matches": 4,
   "mean_alias_auroc": 0.8928571492433548,
   "auroc_n": 4,
   "pair_rank_wins": [
    true,
    true,
    false,
    true
   ],
   "lexically_discriminating_pairs": {
    "Asia": true,
    "Africa": false
   },
   "reviewed_semantic_passes": null,
   "reviewed_discriminating_pairs": null
  },
  {
   "method": "end-pass erased0.5 plain24",
   "joint_alias_passes": 0,
   "n": 4,
   "expected_answer_alias_matches": 4,
   "mean_alias_auroc": 0.8928571492433548,
   "auroc_n": 4,
   "pair_rank_wins": [
    false,
    true,
    true,
    true
   ],
   "lexically_discriminating_pairs": {
    "Asia": false,
    "Africa": false
   },
   "reviewed_semantic_passes": null,
   "reviewed_discriminating_pairs": null
  },
  {
   "method": "end-pass erased0.5 plain27",
   "joint_alias_passes": 0,
   "n": 4,
   "expected_answer_alias_matches": 4,
   "mean_alias_auroc": 0.8928571492433548,
   "auroc_n": 4,
   "pair_rank_wins": [
    true,
    true,
    false,
    true
   ],
   "lexically_discriminating_pairs": {
    "Asia": false,
    "Africa": false
   },
   "reviewed_semantic_passes": null,
   "reviewed_discriminating_pairs": null
  },
  {
   "method": "end-pass J-lens",
   "joint_alias_passes": 2,
   "n": 4,
   "expected_answer_alias_matches": 4,
   "mean_alias_auroc": 0.8928571492433548,
   "auroc_n": 4,
   "pair_rank_wins": [
    true,
    true,
    false,
    true
   ],
   "lexically_discriminating_pairs": {
    "Asia": true,
    "Africa": false
   },
   "reviewed_semantic_passes": null,
   "reviewed_discriminating_pairs": null
  }
 ],
 "pipeline": {
  "source_sha256": "8703a56f4313e673eb19f891b97eb3cbb247818187aa321e9f75130b3fc3b868",
  "data_sha256": "ced9ce88e658b20c9088ff51039736abc6bf40402032bf8eb0fd36279869eabe",
  "helper_sha256": {
   "scripts/demo.py": "3fd42d760c0ed01a68e7160b7d64c87168f1859f008e232464f7e10c01c4bc39",
   "scripts/english/01_detector_baselines_and_pair_transfer.py": "812afe3ca2728b2c6ebfb6d516b1edb11e51e6849182bdb8b172ff277c61fa8b",
   "scripts/english/03_selector_search.py": "51523c7a3769dd11184dbfe6d134213584ed203a6effc44a940ade8b8af358fb",
   "scripts/english/04_erase_and_language_pairs.py": "734ab7803a3884eb248daceb7bc3fad5b2e85b42b542de20205901402c4c65f0",
   "suppressed_activation_subspace.py": "415b39ec6d5960ef0bf1533ec271ac4d9fd22bde6fd14f322c454e4f65a5b254"
  },
  "generation_trajectories": 4,
  "generated_tokens": 8,
  "declared_maximum_new_tokens": 128,
  "elapsed_seconds": 43.07231281790882,
  "peak_allocated_gib": 8.077771663665771,
  "peak_reserved_gib": 8.1015625,
  "semantic_review_pending": true,
  "research_goals_completed": false
 }
}
