[pq] task 2802: last 134 of 134 clean lines -- /home/code/.local/share/pueue/task_logs/2802.log
{"master": "/workspace/2026/suppressed-activations/out/2026-10-02_165214_pair-germany_brazil"}
2026-10-02 16:52:18.780 | INFO     | <run_path>:main:996 - Loading pinned model; no input-specific preparation
Loading weights:   0%|          | 0/426 [00:00<?, ?it/s]
Loading weights: 100%|██████████| 426/426 [00:00<00:00, 8567.15it/s]
2026-10-02 16:52:23.156 | INFO     | <run_path>:main:1801 - Raw J direction norms (' Germany', ' Brazil'): [3.1099016666412354, 2.8023815155029297]
2026-10-02 16:52:25.513 | INFO     | <run_path>:main:2080 - Base: 'Berlin; EUR<|im_end|>'; p(first='Berlin')=0.621, p(first='Br')=0.000
2026-10-02 16:52:25.917 | INFO     | <run_path>:main:2080 - raw J-coordinate exchange: 'Mexico City; MXN<|im_end|>'; p(first='Berlin')=0.000, p(first='Br')=0.000
2026-10-02 16:52:26.210 | INFO     | <run_path>:main:2080 - raw plain-coordinate exchange: 'Berlin; EUR<|im_end|>'; p(first='Berlin')=0.621, p(first='Br')=0.000
2026-10-02 16:52:26.508 | INFO     | <run_path>:main:2080 - matched-random delta: 'Berlin; EUR<|im_end|>'; p(first='Berlin')=0.544, p(first='Br')=0.000
No standalone readout benchmark in this intervention run.
| condition                     |   answer_log_odds_shift |   p(first='Br') |   p(first='Berlin') |   first_token_pair_mass |   r2 |
|:------------------------------|------------------------:|----------------:|--------------------:|------------------------:|-----:|
| Base                          |            -1.78814e-07 |     0.00011861  |         0.620536    |             0.620655    |    0 |
| raw J-coordinate exchange     |             9.8125      |     0.000218776 |         6.26805e-05 |             0.000281457 |    0 |
| raw plain-coordinate exchange |            -0.1875      |     9.83865e-05 |         0.620886    |             0.620985    |    0 |
| matched-random delta          |             0.25        |     0.000133547 |         0.544135    |             0.544269    |    0 |
run.md: /workspace/2026/suppressed-activations/out/2026-10-02_165218_chat-causal-0/run.md
2026-10-02 16:52:26.724 | INFO     | <run_path>:main:996 - Loading pinned model; no input-specific preparation
Loading weights:   0%|          | 0/426 [00:00<?, ?it/s]
Loading weights: 100%|██████████| 426/426 [00:00<00:00, 5832.44it/s]
2026-10-02 16:52:30.484 | INFO     | <run_path>:main:1801 - Raw J direction norms (' Germany', ' Brazil'): [3.1099016666412354, 2.8023815155029297]
2026-10-02 16:52:30.945 | INFO     | <run_path>:main:2080 - Base: 'Brasilia; BRL<|im_end|>'; p(first='Berlin')=0.000, p(first='Br')=0.940
2026-10-02 16:52:31.228 | INFO     | <run_path>:main:2080 - raw J-coordinate exchange: 'Berlin; EUR<|im_end|>'; p(first='Berlin')=0.899, p(first='Br')=0.010
2026-10-02 16:52:31.707 | INFO     | <run_path>:main:2080 - raw plain-coordinate exchange: 'Brasilia; BRL<|im_end|>'; p(first='Berlin')=0.000, p(first='Br')=0.934
2026-10-02 16:52:32.104 | INFO     | <run_path>:main:2080 - matched-random delta: 'Brasilia; BRL<|im_end|>'; p(first='Berlin')=0.000, p(first='Br')=0.943
No standalone readout benchmark in this intervention run.
| condition                     |   answer_log_odds_shift |   p(first='Br') |   p(first='Berlin') |   first_token_pair_mass |   r2 |
|:------------------------------|------------------------:|----------------:|--------------------:|------------------------:|-----:|
| Base                          |                  0      |      0.940432   |         1.30214e-05 |                0.940445 |    0 |
| raw J-coordinate exchange     |                -15.6875 |      0.00998209 |         0.898559    |                0.908541 |    0 |
| raw plain-coordinate exchange |                 -0.1875 |      0.934129   |         1.56016e-05 |                0.934145 |    0 |
| matched-random delta          |                 -0.0625 |      0.942625   |         1.38935e-05 |                0.942639 |    0 |
run.md: /workspace/2026/suppressed-activations/out/2026-10-02_165226_chat-causal-1/run.md
2026-10-02 16:52:32.322 | INFO     | <run_path>:main:996 - Loading pinned model; no input-specific preparation
Loading weights:   0%|          | 0/426 [00:00<?, ?it/s]
Loading weights: 100%|██████████| 426/426 [00:00<00:00, 9241.76it/s]
2026-10-02 16:52:35.780 | INFO     | <run_path>:main:1801 - Raw J direction norms (' Germany', ' Brazil'): [3.1099016666412354, 2.8023815155029297]
2026-10-02 16:52:36.136 | INFO     | <run_path>:main:2080 - Base: '4; even<|im_end|>'; p(first='Berlin')=0.000, p(first='Br')=0.000
2026-10-02 16:52:36.502 | INFO     | <run_path>:main:2080 - raw J-coordinate exchange: '4; even<|im_end|>'; p(first='Berlin')=0.000, p(first='Br')=0.000
2026-10-02 16:52:36.835 | INFO     | <run_path>:main:2080 - raw plain-coordinate exchange: '4; even<|im_end|>'; p(first='Berlin')=0.000, p(first='Br')=0.000
2026-10-02 16:52:37.139 | INFO     | <run_path>:main:2080 - matched-random delta: '4; even<|im_end|>'; p(first='Berlin')=0.000, p(first='Br')=0.000
No standalone readout benchmark in this intervention run.
| condition                     |   answer_log_odds_shift |   p(first='Br') |   p(first='Berlin') |   first_token_pair_mass |   r2 |
|:------------------------------|------------------------:|----------------:|--------------------:|------------------------:|-----:|
| Base                          |                0        |     9.79377e-10 |         3.31319e-09 |             4.29257e-09 |    0 |
| raw J-coordinate exchange     |                0.59375  |     1.01018e-09 |         1.88727e-09 |             2.89745e-09 |    0 |
| raw plain-coordinate exchange |               -0.015625 |     9.63541e-10 |         3.31095e-09 |             4.27449e-09 |    0 |
| matched-random delta          |               -0.125    |     9.65006e-10 |         3.69925e-09 |             4.66425e-09 |    0 |
run.md: /workspace/2026/suppressed-activations/out/2026-10-02_165232_chat-causal-2/run.md
{
 "stage": "completed",
 "source_sha256": "a2bde1d07e97fc8a7942808c92e74b49bdb5b726932cd5e094b4291b0e6f22af",
 "manifest_sha256": "e53b3fa6c99b5593798017c9cbba4e809339e7685094f673a505bebcdd82b06f",
 "case_runs": [
  {
   "case": {
    "name": "Germany_to_Brazil",
    "relation": "country_properties",
    "reverse": false,
    "user_content": "For the country containing Munich, give its capital and three-letter currency code. Reply only as '<capital>; <currency code>'.",
    "base_expected": [
     "Berlin",
     "EUR"
    ],
    "edited_expected": [
     "Bras\u00edlia",
     "BRL"
    ]
   },
   "run": "/workspace/2026/suppressed-activations/out/2026-10-02_165218_chat-causal-0",
   "forward_calls": 18
  },
  {
   "case": {
    "name": "Brazil_to_Germany",
    "relation": "country_properties",
    "reverse": true,
    "user_content": "For the country containing Rio de Janeiro, give its capital and three-letter currency code. Reply only as '<capital>; <currency code>'.",
    "base_expected": [
     "Bras\u00edlia",
     "BRL"
    ],
    "edited_expected": [
     "Berlin",
     "EUR"
    ]
   },
   "run": "/workspace/2026/suppressed-activations/out/2026-10-02_165226_chat-causal-1",
   "forward_calls": 25
  },
  {
   "case": {
    "name": "arithmetic_control",
    "relation": "arithmetic_control",
    "reverse": false,
    "user_content": "A visitor from Munich is nearby. What is 2 + 2, and is that sum odd or even? Reply only as '<sum>; <odd or even>'.",
    "base_expected": [
     "4",
     "even"
    ],
    "edited_expected": [
     "4",
     "even"
    ]
   },
   "run": "/workspace/2026/suppressed-activations/out/2026-10-02_165232_chat-causal-2",
   "forward_calls": 16
  }
 ],
 "goals_completed": false,
 "raw_coordinate_exchange": true,
 "reference_master": null,
 "generic_prefills": 0,
 "actual_forwards": 59,
 "generated_tokens": 59,
 "elapsed_seconds": 22.969268563902006,
 "peak_allocated_gib": 8.11464262008667,
 "semantic_review_pending": true
}
| Case / condition                                  | Observed text    | Expected properties   |   Tokens |   First-token 'Berlin'→'Br' log-odds shift |   First-token pair mass |     r2 | Full log                                                                          |
|:--------------------------------------------------|:-----------------|:----------------------|---------:|-------------------------------------------:|------------------------:|-------:|:----------------------------------------------------------------------------------|
| Germany_to_Brazil: Base                           | Berlin; EUR      | Berlin; EUR           |        4 |                                    -0.0000 |                  0.6207 | 0.0000 | /workspace/2026/suppressed-activations/out/2026-10-02_165218_chat-causal-0/run.md |
| Germany_to_Brazil: raw J-coordinate exchange      | Mexico City; MXN | Brasília; BRL         |        6 |                                     9.8125 |                  0.0003 | 0.0000 | /workspace/2026/suppressed-activations/out/2026-10-02_165218_chat-causal-0/run.md |
| Germany_to_Brazil: raw plain-coordinate exchange  | Berlin; EUR      | Brasília; BRL         |        4 |                                    -0.1875 |                  0.6210 | 0.0000 | /workspace/2026/suppressed-activations/out/2026-10-02_165218_chat-causal-0/run.md |
| Germany_to_Brazil: matched-random delta           | Berlin; EUR      | Berlin; EUR           |        4 |                                     0.2500 |                  0.5443 | 0.0000 | /workspace/2026/suppressed-activations/out/2026-10-02_165218_chat-causal-0/run.md |
| Brazil_to_Germany: Base                           | Brasilia; BRL    | Brasília; BRL         |        7 |                                     0.0000 |                  0.9404 | 0.0000 | /workspace/2026/suppressed-activations/out/2026-10-02_165226_chat-causal-1/run.md |
| Brazil_to_Germany: raw J-coordinate exchange      | Berlin; EUR      | Berlin; EUR           |        4 |                                   -15.6875 |                  0.9085 | 0.0000 | /workspace/2026/suppressed-activations/out/2026-10-02_165226_chat-causal-1/run.md |
| Brazil_to_Germany: raw plain-coordinate exchange  | Brasilia; BRL    | Berlin; EUR           |        7 |                                    -0.1875 |                  0.9341 | 0.0000 | /workspace/2026/suppressed-activations/out/2026-10-02_165226_chat-causal-1/run.md |
| Brazil_to_Germany: matched-random delta           | Brasilia; BRL    | Brasília; BRL         |        7 |                                    -0.0625 |                  0.9426 | 0.0000 | /workspace/2026/suppressed-activations/out/2026-10-02_165226_chat-causal-1/run.md |
| arithmetic_control: Base                          | 4; even          | 4; even               |        4 |                                     0.0000 |                  0.0000 | 0.0000 | /workspace/2026/suppressed-activations/out/2026-10-02_165232_chat-causal-2/run.md |
| arithmetic_control: raw J-coordinate exchange     | 4; even          | 4; even               |        4 |                                     0.5938 |                  0.0000 | 0.0000 | /workspace/2026/suppressed-activations/out/2026-10-02_165232_chat-causal-2/run.md |
| arithmetic_control: raw plain-coordinate exchange | 4; even          | 4; even               |        4 |                                    -0.0156 |                  0.0000 | 0.0000 | /workspace/2026/suppressed-activations/out/2026-10-02_165232_chat-causal-2/run.md |
| arithmetic_control: matched-random delta          | 4; even          | 4; even               |        4 |                                    -0.1250 |                  0.0000 | 0.0000 | /workspace/2026/suppressed-activations/out/2026-10-02_165232_chat-causal-2/run.md |
run.md: /workspace/2026/suppressed-activations/out/2026-10-02_165214_pair-germany_brazil/run.md
