[pq] task 2838: last 134 of 134 clean lines -- /home/code/.local/share/pueue/task_logs/2838.log
{"master": "/workspace/2026/suppressed-activations/out/2026-10-02_224230_pair2-china_egypt"}
2026-10-02 22:42:42.681 | INFO     | <run_path>:main:996 - Loading pinned model; no input-specific preparation
Loading weights:   0%|          | 0/426 [00:00<?, ?it/s]
Loading weights: 100%|██████████| 426/426 [00:00<00:00, 10123.31it/s]
2026-10-02 22:42:46.874 | INFO     | <run_path>:main:1801 - Raw J direction norms (' China', ' Egypt'): [3.1684272289276123, 2.8712680339813232]
2026-10-02 22:42:48.113 | INFO     | <run_path>:main:2080 - Base: 'Asia; CNY<|im_end|>'; p(first='Asia')=0.578, p(first='Africa')=0.003
2026-10-02 22:42:48.477 | INFO     | <run_path>:main:2080 - raw J-coordinate exchange: 'Africa; ZAR<|im_end|>'; p(first='Asia')=0.176, p(first='Africa')=0.423
2026-10-02 22:42:48.805 | INFO     | <run_path>:main:2080 - raw plain-coordinate exchange: 'Asia; CNY<|im_end|>'; p(first='Asia')=0.576, p(first='Africa')=0.005
2026-10-02 22:42:49.190 | INFO     | <run_path>:main:2080 - matched-random delta: '<Asia>; CNY<|im_end|>'; p(first='Asia')=0.457, p(first='Africa')=0.002
No standalone readout benchmark in this intervention run.
| condition                     |   answer_log_odds_shift |   p(first='Africa') |   p(first='Asia') |   first_token_pair_mass |   r2 |
|:------------------------------|------------------------:|--------------------:|------------------:|------------------------:|-----:|
| Base                          |             1.19209e-07 |          0.00343608 |          0.57786  |                0.581296 |    0 |
| raw J-coordinate exchange     |             6           |          0.422885   |          0.176285 |                0.59917  |    0 |
| raw plain-coordinate exchange |             0.375       |          0.00498596 |          0.576298 |                0.581284 |    0 |
| matched-random delta          |            -0.125       |          0.00239938 |          0.457241 |                0.45964  |    0 |
run.md: /workspace/2026/suppressed-activations/out/2026-10-02_224242_chat-causal-0/run.md
2026-10-02 22:42:49.416 | INFO     | <run_path>:main:996 - Loading pinned model; no input-specific preparation
Loading weights:   0%|          | 0/426 [00:00<?, ?it/s]
Loading weights: 100%|██████████| 426/426 [00:00<00:00, 8389.12it/s]
2026-10-02 22:42:52.939 | INFO     | <run_path>:main:1801 - Raw J direction norms (' China', ' Egypt'): [3.1684272289276123, 2.8712680339813232]
2026-10-02 22:42:53.358 | INFO     | <run_path>:main:2080 - Base: 'Africa; EGP<|im_end|>'; p(first='Asia')=0.002, p(first='Africa')=0.761
2026-10-02 22:42:53.695 | INFO     | <run_path>:main:2080 - raw J-coordinate exchange: 'Asia; CNY<|im_end|>'; p(first='Asia')=0.726, p(first='Africa')=0.041
2026-10-02 22:42:54.020 | INFO     | <run_path>:main:2080 - raw plain-coordinate exchange: 'Africa; EGP<|im_end|>'; p(first='Asia')=0.002, p(first='Africa')=0.741
2026-10-02 22:42:54.379 | INFO     | <run_path>:main:2080 - matched-random delta: 'Africa; EGP<|im_end|>'; p(first='Asia')=0.002, p(first='Africa')=0.736
No standalone readout benchmark in this intervention run.
| condition                     |   answer_log_odds_shift |   p(first='Africa') |   p(first='Asia') |   first_token_pair_mass |   r2 |
|:------------------------------|------------------------:|--------------------:|------------------:|------------------------:|-----:|
| Base                          |                  0      |           0.761192  |        0.00156422 |                0.762756 |    0 |
| raw J-coordinate exchange     |                 -9.0625 |           0.0409397 |        0.725673   |                0.766612 |    0 |
| raw plain-coordinate exchange |                 -0.1875 |           0.741363  |        0.00183766 |                0.743201 |    0 |
| matched-random delta          |                 -0.25   |           0.735608  |        0.00194099 |                0.737549 |    0 |
run.md: /workspace/2026/suppressed-activations/out/2026-10-02_224249_chat-causal-1/run.md
2026-10-02 22:42:54.653 | INFO     | <run_path>:main:996 - Loading pinned model; no input-specific preparation
Loading weights:   0%|          | 0/426 [00:00<?, ?it/s]
Loading weights: 100%|██████████| 426/426 [00:00<00:00, 7857.06it/s]
2026-10-02 22:42:58.132 | INFO     | <run_path>:main:1801 - Raw J direction norms (' China', ' Egypt'): [3.1684272289276123, 2.8712680339813232]
2026-10-02 22:42:58.527 | INFO     | <run_path>:main:2080 - Base: '4; even<|im_end|>'; p(first='Asia')=0.000, p(first='Africa')=0.000
2026-10-02 22:42:58.889 | INFO     | <run_path>:main:2080 - raw J-coordinate exchange: '4; even<|im_end|>'; p(first='Asia')=0.000, p(first='Africa')=0.000
2026-10-02 22:42:59.197 | INFO     | <run_path>:main:2080 - raw plain-coordinate exchange: '4; even<|im_end|>'; p(first='Asia')=0.000, p(first='Africa')=0.000
2026-10-02 22:42:59.488 | INFO     | <run_path>:main:2080 - matched-random delta: '4; even<|im_end|>'; p(first='Asia')=0.000, p(first='Africa')=0.000
No standalone readout benchmark in this intervention run.
| condition                     |   answer_log_odds_shift |   p(first='Africa') |   p(first='Asia') |   first_token_pair_mass |   r2 |
|:------------------------------|------------------------:|--------------------:|------------------:|------------------------:|-----:|
| Base                          |                 0       |         1.48027e-08 |       3.00736e-09 |             1.78101e-08 |    0 |
| raw J-coordinate exchange     |                 0.6875  |         1.99109e-08 |       2.03403e-09 |             2.19449e-08 |    0 |
| raw plain-coordinate exchange |                -0.0625  |         1.35588e-08 |       2.9323e-09  |             1.64911e-08 |    0 |
| matched-random delta          |                -0.09375 |         1.68613e-08 |       3.76227e-09 |             2.06236e-08 |    0 |
run.md: /workspace/2026/suppressed-activations/out/2026-10-02_224254_chat-causal-2/run.md
{
 "stage": "completed",
 "source_sha256": "a2bde1d07e97fc8a7942808c92e74b49bdb5b726932cd5e094b4291b0e6f22af",
 "manifest_sha256": "74ec576bafb7ac3ba824ada7dbc712d49db36165fab389a3d1650a3cd6654038",
 "case_runs": [
  {
   "case": {
    "name": "China_to_Egypt",
    "relation": "country_properties",
    "reverse": false,
    "user_content": "Which continent is the country with the city of Shanghai on, and what is that country's three-letter currency code? Reply only as '<continent>; <currency code>'.",
    "base_expected": [
     "Asia",
     "CNY"
    ],
    "edited_expected": [
     "Africa",
     "EGP"
    ]
   },
   "run": "/workspace/2026/suppressed-activations/out/2026-10-02_224242_chat-causal-0",
   "forward_calls": 21
  },
  {
   "case": {
    "name": "Egypt_to_China",
    "relation": "country_properties",
    "reverse": true,
    "user_content": "Which continent is the country with the city of Alexandria on, and what is that country's three-letter currency code? Reply only as '<continent>; <currency code>'.",
    "base_expected": [
     "Africa",
     "EGP"
    ],
    "edited_expected": [
     "Asia",
     "CNY"
    ]
   },
   "run": "/workspace/2026/suppressed-activations/out/2026-10-02_224249_chat-causal-1",
   "forward_calls": 20
  },
  {
   "case": {
    "name": "arithmetic_control",
    "relation": "arithmetic_control",
    "reverse": false,
    "user_content": "Someone from Shanghai asks: what is 2 + 2, and is that sum odd or even? Reply only as '<sum>; <odd or even>'.",
    "base_expected": [
     "4",
     "even"
    ],
    "edited_expected": [
     "4",
     "even"
    ]
   },
   "run": "/workspace/2026/suppressed-activations/out/2026-10-02_224254_chat-causal-2",
   "forward_calls": 16
  }
 ],
 "goals_completed": false,
 "raw_coordinate_exchange": true,
 "reference_master": null,
 "generic_prefills": 0,
 "actual_forwards": 57,
 "generated_tokens": 57,
 "elapsed_seconds": 28.905332155060023,
 "peak_allocated_gib": 8.113393783569336,
 "semantic_review_pending": true
}
| Case / condition                                  | Observed text   | Expected properties   |   Tokens |   First-token 'Asia'→'Africa' log-odds shift |   First-token pair mass |     r2 | Full log                                                                          |
|:--------------------------------------------------|:----------------|:----------------------|---------:|---------------------------------------------:|------------------------:|-------:|:----------------------------------------------------------------------------------|
| China_to_Egypt: Base                              | Asia; CNY       | Asia; CNY             |        5 |                                       0.0000 |                  0.5813 | 0.0000 | /workspace/2026/suppressed-activations/out/2026-10-02_224242_chat-causal-0/run.md |
| China_to_Egypt: raw J-coordinate exchange         | Africa; ZAR     | Africa; EGP           |        5 |                                       6.0000 |                  0.5992 | 0.0000 | /workspace/2026/suppressed-activations/out/2026-10-02_224242_chat-causal-0/run.md |
| China_to_Egypt: raw plain-coordinate exchange     | Asia; CNY       | Africa; EGP           |        5 |                                       0.3750 |                  0.5813 | 0.0000 | /workspace/2026/suppressed-activations/out/2026-10-02_224242_chat-causal-0/run.md |
| China_to_Egypt: matched-random delta              | <Asia>; CNY     | Asia; CNY             |        6 |                                      -0.1250 |                  0.4596 | 0.0000 | /workspace/2026/suppressed-activations/out/2026-10-02_224242_chat-causal-0/run.md |
| Egypt_to_China: Base                              | Africa; EGP     | Africa; EGP           |        5 |                                       0.0000 |                  0.7628 | 0.0000 | /workspace/2026/suppressed-activations/out/2026-10-02_224249_chat-causal-1/run.md |
| Egypt_to_China: raw J-coordinate exchange         | Asia; CNY       | Asia; CNY             |        5 |                                      -9.0625 |                  0.7666 | 0.0000 | /workspace/2026/suppressed-activations/out/2026-10-02_224249_chat-causal-1/run.md |
| Egypt_to_China: raw plain-coordinate exchange     | Africa; EGP     | Asia; CNY             |        5 |                                      -0.1875 |                  0.7432 | 0.0000 | /workspace/2026/suppressed-activations/out/2026-10-02_224249_chat-causal-1/run.md |
| Egypt_to_China: matched-random delta              | Africa; EGP     | Africa; EGP           |        5 |                                      -0.2500 |                  0.7375 | 0.0000 | /workspace/2026/suppressed-activations/out/2026-10-02_224249_chat-causal-1/run.md |
| arithmetic_control: Base                          | 4; even         | 4; even               |        4 |                                       0.0000 |                  0.0000 | 0.0000 | /workspace/2026/suppressed-activations/out/2026-10-02_224254_chat-causal-2/run.md |
| arithmetic_control: raw J-coordinate exchange     | 4; even         | 4; even               |        4 |                                       0.6875 |                  0.0000 | 0.0000 | /workspace/2026/suppressed-activations/out/2026-10-02_224254_chat-causal-2/run.md |
| arithmetic_control: raw plain-coordinate exchange | 4; even         | 4; even               |        4 |                                      -0.0625 |                  0.0000 | 0.0000 | /workspace/2026/suppressed-activations/out/2026-10-02_224254_chat-causal-2/run.md |
| arithmetic_control: matched-random delta          | 4; even         | 4; even               |        4 |                                      -0.0938 |                  0.0000 | 0.0000 | /workspace/2026/suppressed-activations/out/2026-10-02_224254_chat-causal-2/run.md |
run.md: /workspace/2026/suppressed-activations/out/2026-10-02_224230_pair2-china_egypt/run.md
