[pq] task 2841: last 134 of 134 clean lines -- /home/code/.local/share/pueue/task_logs/2841.log
{"master": "/workspace/2026/suppressed-activations/out/2026-10-02_224343_pair2-spain_mexico"}
2026-10-02 22:43:45.175 | INFO     | <run_path>:main:996 - Loading pinned model; no input-specific preparation
Loading weights:   0%|          | 0/426 [00:00<?, ?it/s]
Loading weights: 100%|██████████| 426/426 [00:00<00:00, 8721.41it/s]
2026-10-02 22:43:49.418 | INFO     | <run_path>:main:1801 - Raw J direction norms (' Spain', ' Mexico'): [2.7718822956085205, 2.794266700744629]
2026-10-02 22:43:50.696 | INFO     | <run_path>:main:2080 - Base: 'Europe; EUR<|im_end|>'; p(first='Europe')=0.954, p(first='North')=0.000
2026-10-02 22:43:51.100 | INFO     | <run_path>:main:2080 - raw J-coordinate exchange: 'North America; MXN<|im_end|>'; p(first='Europe')=0.000, p(first='North')=0.835
2026-10-02 22:43:51.423 | INFO     | <run_path>:main:2080 - raw plain-coordinate exchange: 'Europe; EUR<|im_end|>'; p(first='Europe')=0.943, p(first='North')=0.000
2026-10-02 22:43:51.708 | INFO     | <run_path>:main:2080 - matched-random delta: 'Europe; EUR<|im_end|>'; p(first='Europe')=0.930, p(first='North')=0.000
No standalone readout benchmark in this intervention run.
| condition                     |   answer_log_odds_shift |   p(first='North') |   p(first='Europe') |   first_token_pair_mass |   r2 |
|:------------------------------|------------------------:|-------------------:|--------------------:|------------------------:|-----:|
| Base                          |             1.30385e-07 |        4.06681e-05 |         0.953547    |                0.953588 |    0 |
| raw J-coordinate exchange     |            18.625       |        0.835057    |         0.000159613 |                0.835216 |    0 |
| raw plain-coordinate exchange |             0.1875      |        4.85252e-05 |         0.943248    |                0.943296 |    0 |
| matched-random delta          |            -0.1875      |        3.28939e-05 |         0.930323    |                0.930356 |    0 |
run.md: /workspace/2026/suppressed-activations/out/2026-10-02_224345_chat-causal-0/run.md
2026-10-02 22:43:51.955 | INFO     | <run_path>:main:996 - Loading pinned model; no input-specific preparation
Loading weights:   0%|          | 0/426 [00:00<?, ?it/s]
Loading weights: 100%|██████████| 426/426 [00:00<00:00, 8831.38it/s]
2026-10-02 22:43:55.515 | INFO     | <run_path>:main:1801 - Raw J direction norms (' Spain', ' Mexico'): [2.7718822956085205, 2.794266700744629]
2026-10-02 22:43:55.927 | INFO     | <run_path>:main:2080 - Base: 'North America; MXN<|im_end|>'; p(first='Europe')=0.000, p(first='North')=0.791
2026-10-02 22:43:56.267 | INFO     | <run_path>:main:2080 - raw J-coordinate exchange: 'North America; MXN<|im_end|>'; p(first='Europe')=0.010, p(first='North')=0.727
2026-10-02 22:43:56.636 | INFO     | <run_path>:main:2080 - raw plain-coordinate exchange: 'North America; MXN<|im_end|>'; p(first='Europe')=0.000, p(first='North')=0.794
2026-10-02 22:43:57.090 | INFO     | <run_path>:main:2080 - matched-random delta: 'North America; MXN<|im_end|>'; p(first='Europe')=0.000, p(first='North')=0.824
No standalone readout benchmark in this intervention run.
| condition                     |   answer_log_odds_shift |   p(first='North') |   p(first='Europe') |   first_token_pair_mass |   r2 |
|:------------------------------|------------------------:|-------------------:|--------------------:|------------------------:|-----:|
| Base                          |                  0      |           0.790508 |         0.000151098 |                0.790659 |    0 |
| raw J-coordinate exchange     |                 -4.3125 |           0.726803 |         0.0103673   |                0.737171 |    0 |
| raw plain-coordinate exchange |                  0.3125 |           0.794182 |         0.00011106  |                0.794293 |    0 |
| matched-random delta          |                  0.0625 |           0.824421 |         0.000148033 |                0.824569 |    0 |
run.md: /workspace/2026/suppressed-activations/out/2026-10-02_224351_chat-causal-1/run.md
2026-10-02 22:43:57.380 | INFO     | <run_path>:main:996 - Loading pinned model; no input-specific preparation
Loading weights:   0%|          | 0/426 [00:00<?, ?it/s]
Loading weights: 100%|██████████| 426/426 [00:00<00:00, 8501.93it/s]
2026-10-02 22:44:00.625 | INFO     | <run_path>:main:1801 - Raw J direction norms (' Spain', ' Mexico'): [2.7718822956085205, 2.794266700744629]
2026-10-02 22:44:00.971 | INFO     | <run_path>:main:2080 - Base: '4; even<|im_end|>'; p(first='Europe')=0.000, p(first='North')=0.000
2026-10-02 22:44:01.331 | INFO     | <run_path>:main:2080 - raw J-coordinate exchange: '4; even<|im_end|>'; p(first='Europe')=0.000, p(first='North')=0.000
2026-10-02 22:44:01.677 | INFO     | <run_path>:main:2080 - raw plain-coordinate exchange: '4; even<|im_end|>'; p(first='Europe')=0.000, p(first='North')=0.000
2026-10-02 22:44:02.001 | INFO     | <run_path>:main:2080 - matched-random delta: '4; even<|im_end|>'; p(first='Europe')=0.000, p(first='North')=0.000
No standalone readout benchmark in this intervention run.
| condition                     |   answer_log_odds_shift |   p(first='North') |   p(first='Europe') |   first_token_pair_mass |   r2 |
|:------------------------------|------------------------:|-------------------:|--------------------:|------------------------:|-----:|
| Base                          |                 0       |        5.96508e-09 |         1.67295e-08 |             2.26946e-08 |    0 |
| raw J-coordinate exchange     |                 0.625   |        6.59932e-09 |         9.90675e-09 |             1.65061e-08 |    0 |
| raw plain-coordinate exchange |                 0       |        6.16176e-09 |         1.72811e-08 |             2.34428e-08 |    0 |
| matched-random delta          |                 0.09375 |        6.95671e-09 |         1.77646e-08 |             2.47213e-08 |    0 |
run.md: /workspace/2026/suppressed-activations/out/2026-10-02_224357_chat-causal-2/run.md
{
 "stage": "completed",
 "source_sha256": "a2bde1d07e97fc8a7942808c92e74b49bdb5b726932cd5e094b4291b0e6f22af",
 "manifest_sha256": "c2d2e49a0262057d75a3530d95dd060e0621cb1773dc95072d7c701508ce14c5",
 "case_runs": [
  {
   "case": {
    "name": "Spain_to_Mexico",
    "relation": "country_properties",
    "reverse": false,
    "user_content": "Which continent is the country with the city of Barcelona on, and what is that country's three-letter currency code? Reply only as '<continent>; <currency code>'.",
    "base_expected": [
     "Europe",
     "EUR"
    ],
    "edited_expected": [
     "North America",
     "MXN"
    ]
   },
   "run": "/workspace/2026/suppressed-activations/out/2026-10-02_224345_chat-causal-0",
   "forward_calls": 18
  },
  {
   "case": {
    "name": "Mexico_to_Spain",
    "relation": "country_properties",
    "reverse": true,
    "user_content": "Which continent is the country with the city of Guadalajara on, and what is that country's three-letter currency code? Reply only as '<continent>; <currency code>'.",
    "base_expected": [
     "North America",
     "MXN"
    ],
    "edited_expected": [
     "Europe",
     "EUR"
    ]
   },
   "run": "/workspace/2026/suppressed-activations/out/2026-10-02_224351_chat-causal-1",
   "forward_calls": 24
  },
  {
   "case": {
    "name": "arithmetic_control",
    "relation": "arithmetic_control",
    "reverse": false,
    "user_content": "Someone from Barcelona asks: what is 2 + 2, and is that sum odd or even? Reply only as '<sum>; <odd or even>'.",
    "base_expected": [
     "4",
     "even"
    ],
    "edited_expected": [
     "4",
     "even"
    ]
   },
   "run": "/workspace/2026/suppressed-activations/out/2026-10-02_224357_chat-causal-2",
   "forward_calls": 16
  }
 ],
 "goals_completed": false,
 "raw_coordinate_exchange": true,
 "reference_master": null,
 "generic_prefills": 0,
 "actual_forwards": 58,
 "generated_tokens": 58,
 "elapsed_seconds": 18.693618184886873,
 "peak_allocated_gib": 8.114349365234375,
 "semantic_review_pending": true
}
| Case / condition                                  | Observed text      | Expected properties   |   Tokens |   First-token 'Europe'→'North' log-odds shift |   First-token pair mass |     r2 | Full log                                                                          |
|:--------------------------------------------------|:-------------------|:----------------------|---------:|----------------------------------------------:|------------------------:|-------:|:----------------------------------------------------------------------------------|
| Spain_to_Mexico: Base                             | Europe; EUR        | Europe; EUR           |        4 |                                        0.0000 |                  0.9536 | 0.0000 | /workspace/2026/suppressed-activations/out/2026-10-02_224345_chat-causal-0/run.md |
| Spain_to_Mexico: raw J-coordinate exchange        | North America; MXN | North America; MXN    |        6 |                                       18.6250 |                  0.8352 | 0.0000 | /workspace/2026/suppressed-activations/out/2026-10-02_224345_chat-causal-0/run.md |
| Spain_to_Mexico: raw plain-coordinate exchange    | Europe; EUR        | North America; MXN    |        4 |                                        0.1875 |                  0.9433 | 0.0000 | /workspace/2026/suppressed-activations/out/2026-10-02_224345_chat-causal-0/run.md |
| Spain_to_Mexico: matched-random delta             | Europe; EUR        | Europe; EUR           |        4 |                                       -0.1875 |                  0.9304 | 0.0000 | /workspace/2026/suppressed-activations/out/2026-10-02_224345_chat-causal-0/run.md |
| Mexico_to_Spain: Base                             | North America; MXN | North America; MXN    |        6 |                                        0.0000 |                  0.7907 | 0.0000 | /workspace/2026/suppressed-activations/out/2026-10-02_224351_chat-causal-1/run.md |
| Mexico_to_Spain: raw J-coordinate exchange        | North America; MXN | Europe; EUR           |        6 |                                       -4.3125 |                  0.7372 | 0.0000 | /workspace/2026/suppressed-activations/out/2026-10-02_224351_chat-causal-1/run.md |
| Mexico_to_Spain: raw plain-coordinate exchange    | North America; MXN | Europe; EUR           |        6 |                                        0.3125 |                  0.7943 | 0.0000 | /workspace/2026/suppressed-activations/out/2026-10-02_224351_chat-causal-1/run.md |
| Mexico_to_Spain: matched-random delta             | North America; MXN | North America; MXN    |        6 |                                        0.0625 |                  0.8246 | 0.0000 | /workspace/2026/suppressed-activations/out/2026-10-02_224351_chat-causal-1/run.md |
| arithmetic_control: Base                          | 4; even            | 4; even               |        4 |                                        0.0000 |                  0.0000 | 0.0000 | /workspace/2026/suppressed-activations/out/2026-10-02_224357_chat-causal-2/run.md |
| arithmetic_control: raw J-coordinate exchange     | 4; even            | 4; even               |        4 |                                        0.6250 |                  0.0000 | 0.0000 | /workspace/2026/suppressed-activations/out/2026-10-02_224357_chat-causal-2/run.md |
| arithmetic_control: raw plain-coordinate exchange | 4; even            | 4; even               |        4 |                                        0.0000 |                  0.0000 | 0.0000 | /workspace/2026/suppressed-activations/out/2026-10-02_224357_chat-causal-2/run.md |
| arithmetic_control: matched-random delta          | 4; even            | 4; even               |        4 |                                        0.0938 |                  0.0000 | 0.0000 | /workspace/2026/suppressed-activations/out/2026-10-02_224357_chat-causal-2/run.md |
run.md: /workspace/2026/suppressed-activations/out/2026-10-02_224343_pair2-spain_mexico/run.md
