2026-09-30 12:55:00.730 | INFO     | __main__:main:208 - Loading pinned model and reusable lens; no input-specific preparation
2026-09-30 12:55:19.442 | INFO     | __main__:main:398 - Readout cloud: baseline='nuage"\nDeutsch: "K'; ambiguous scoring tokens=[]; canonical_evaluable=False; unscorable_actual_words=['nuage']
2026-09-30 12:55:20.354 | INFO     | __main__:main:398 - Readout bag: baseline='sac"\nDeutsch: "K'; ambiguous scoring tokens=[]; canonical_evaluable=True; unscorable_actual_words=[]
2026-09-30 12:55:21.118 | INFO     | __main__:main:398 - Readout mouth: baseline='bouche"\nDeutsch: "K'; ambiguous scoring tokens=[]; canonical_evaluable=True; unscorable_actual_words=[]
2026-09-30 12:55:22.018 | INFO     | __main__:main:398 - Readout soil: baseline='sol"\nDeutsch: "Berg'; ambiguous scoring tokens=[]; canonical_evaluable=True; unscorable_actual_words=[]
2026-09-30 12:55:23.050 | INFO     | __main__:main:398 - Readout mountain: baseline='montagne"\nDeutsch: "Fl'; ambiguous scoring tokens=[]; canonical_evaluable=True; unscorable_actual_words=[]
2026-09-30 12:55:23.819 | INFO     | __main__:main:398 - Readout heart: baseline='cœur"\nDeutsch: "K'; ambiguous scoring tokens=[]; canonical_evaluable=True; unscorable_actual_words=[]
2026-09-30 12:55:24.682 | INFO     | __main__:main:398 - Readout day: baseline='jour"\nDeutsch: "Kaff'; ambiguous scoring tokens=[]; canonical_evaluable=True; unscorable_actual_words=[]
2026-09-30 12:55:26.065 | INFO     | __main__:main:398 - Readout star: baseline='étoile"\nDeutsch: "K'; ambiguous scoring tokens=[]; canonical_evaluable=True; unscorable_actual_words=[]
2026-09-30 12:55:27.214 | INFO     | __main__:main:398 - Readout cloud: baseline='облако"\nFrançais:'; ambiguous scoring tokens=[]; canonical_evaluable=True; unscorable_actual_words=[]
2026-09-30 12:55:27.883 | INFO     | __main__:main:398 - Readout bag: baseline='сумка"\nFrançais:'; ambiguous scoring tokens=[]; canonical_evaluable=True; unscorable_actual_words=[]
2026-09-30 12:55:28.604 | INFO     | __main__:main:398 - Readout mouth: baseline='рот"\nFrançais: "c'; ambiguous scoring tokens=[]; canonical_evaluable=True; unscorable_actual_words=[]
2026-09-30 12:55:29.355 | INFO     | __main__:main:398 - Readout soil: baseline='земля"\nFrançais: "'; ambiguous scoring tokens=[]; canonical_evaluable=True; unscorable_actual_words=[]
2026-09-30 12:55:30.064 | INFO     | __main__:main:398 - Readout mountain: baseline='горы"\nFrançais: "'; ambiguous scoring tokens=[]; canonical_evaluable=True; unscorable_actual_words=[]
2026-09-30 12:55:30.808 | INFO     | __main__:main:398 - Readout heart: baseline='сердце"\nFrançais:'; ambiguous scoring tokens=[]; canonical_evaluable=True; unscorable_actual_words=[]
2026-09-30 12:55:31.708 | INFO     | __main__:main:398 - Readout hand: baseline='рука"\nFrançais: "'; ambiguous scoring tokens=[]; canonical_evaluable=True; unscorable_actual_words=[]
2026-09-30 12:55:32.378 | INFO     | __main__:main:398 - Readout star: baseline='звезда"\nFrançais:'; ambiguous scoring tokens=[]; canonical_evaluable=True; unscorable_actual_words=[]
2026-09-30 12:55:33.096 | INFO     | __main__:main:398 - Readout cloud: baseline='nuage"\nРусский: "'; ambiguous scoring tokens=[]; canonical_evaluable=False; unscorable_actual_words=['nuage']
2026-09-30 12:55:33.915 | INFO     | __main__:main:398 - Readout bag: baseline='sac"\nРусский: "'; ambiguous scoring tokens=[]; canonical_evaluable=True; unscorable_actual_words=[]
2026-09-30 12:55:34.829 | INFO     | __main__:main:398 - Readout mouth: baseline='bouche"\nРусский: "'; ambiguous scoring tokens=[]; canonical_evaluable=True; unscorable_actual_words=[]
2026-09-30 12:55:35.575 | INFO     | __main__:main:398 - Readout soil: baseline='sol"\nРусский: "с'; ambiguous scoring tokens=[]; canonical_evaluable=True; unscorable_actual_words=[]
2026-09-30 12:55:36.213 | INFO     | __main__:main:398 - Readout mountain: baseline='montagne"\nРусский: "'; ambiguous scoring tokens=[]; canonical_evaluable=True; unscorable_actual_words=[]
2026-09-30 12:55:36.879 | INFO     | __main__:main:398 - Readout heart: baseline='cœur"\nРусский: "'; ambiguous scoring tokens=[]; canonical_evaluable=True; unscorable_actual_words=[]
2026-09-30 12:55:37.574 | INFO     | __main__:main:398 - Readout hand: baseline='main"\nРусский: "но'; ambiguous scoring tokens=[]; canonical_evaluable=True; unscorable_actual_words=[]
2026-09-30 12:55:38.274 | INFO     | __main__:main:398 - Readout star: baseline='étoile"\nРусский: "'; ambiguous scoring tokens=[]; canonical_evaluable=True; unscorable_actual_words=[]
2026-09-30 12:55:39.235 | INFO     | __main__:main:398 - Readout book: baseline='книга"\nDeutsch: "'; ambiguous scoring tokens=[]; canonical_evaluable=True; unscorable_actual_words=[]
2026-09-30 12:55:39.878 | INFO     | __main__:main:398 - Readout cloud: baseline='облако"\nDeutsch: "'; ambiguous scoring tokens=[]; canonical_evaluable=True; unscorable_actual_words=[]
2026-09-30 12:55:41.202 | INFO     | __main__:main:398 - Readout bag: baseline='кошелек"\nDeutsch:'; ambiguous scoring tokens=[]; canonical_evaluable=True; unscorable_actual_words=[]
2026-09-30 12:55:41.945 | INFO     | __main__:main:398 - Readout mouth: baseline='рот"\nDeutsch: "Kopf'; ambiguous scoring tokens=[]; canonical_evaluable=True; unscorable_actual_words=[]
2026-09-30 12:55:42.855 | INFO     | __main__:main:398 - Readout soil: baseline='земля"\nDeutsch: "B'; ambiguous scoring tokens=[]; canonical_evaluable=True; unscorable_actual_words=[]
2026-09-30 12:55:43.531 | INFO     | __main__:main:398 - Readout mountain: baseline='горы"\nDeutsch: "W'; ambiguous scoring tokens=[]; canonical_evaluable=True; unscorable_actual_words=[]
2026-09-30 12:55:44.142 | INFO     | __main__:main:398 - Readout heart: baseline='сердце"\nDeutsch: "'; ambiguous scoring tokens=[]; canonical_evaluable=True; unscorable_actual_words=[]
2026-09-30 12:55:44.837 | INFO     | __main__:main:398 - Readout star: baseline='звезда"\nDeutsch: "'; ambiguous scoring tokens=[]; canonical_evaluable=True; unscorable_actual_words=[]
2026-09-30 12:55:46.115 | INFO     | __main__:main:398 - Readout book: baseline='Buch"\nРусский: "м'; ambiguous scoring tokens=[]; canonical_evaluable=True; unscorable_actual_words=[]
2026-09-30 12:55:47.271 | INFO     | __main__:main:398 - Readout cloud: baseline='Wolke"\nРусский:'; ambiguous scoring tokens=[]; canonical_evaluable=True; unscorable_actual_words=[]
2026-09-30 12:55:48.062 | INFO     | __main__:main:398 - Readout bag: baseline='Tasche"\nРусский:'; ambiguous scoring tokens=[]; canonical_evaluable=True; unscorable_actual_words=[]
2026-09-30 12:55:49.268 | INFO     | __main__:main:398 - Readout mouth: baseline='Mund"\nРусский: "'; ambiguous scoring tokens=[]; canonical_evaluable=True; unscorable_actual_words=[]
2026-09-30 12:55:50.045 | INFO     | __main__:main:398 - Readout soil: baseline='Boden"\nРусский: "'; ambiguous scoring tokens=[]; canonical_evaluable=True; unscorable_actual_words=[]
2026-09-30 12:55:50.858 | INFO     | __main__:main:398 - Readout mountain: baseline='Berg"\nРусский: "'; ambiguous scoring tokens=[]; canonical_evaluable=True; unscorable_actual_words=[]
2026-09-30 12:55:51.826 | INFO     | __main__:main:398 - Readout heart: baseline='Herz"\nРусский: "'; ambiguous scoring tokens=[]; canonical_evaluable=True; unscorable_actual_words=[]
2026-09-30 12:55:52.904 | INFO     | __main__:main:398 - Readout star: baseline='Stern"\nРусский: "'; ambiguous scoring tokens=[]; canonical_evaluable=True; unscorable_actual_words=[]
2026-09-30 12:55:53.688 | INFO     | __main__:main:398 - Readout cloud: baseline='Wolke"\nFrançais:'; ambiguous scoring tokens=[]; canonical_evaluable=True; unscorable_actual_words=[]
2026-09-30 12:55:54.314 | INFO     | __main__:main:398 - Readout bag: baseline='Tasche"\nFrançais:'; ambiguous scoring tokens=[]; canonical_evaluable=True; unscorable_actual_words=[]
2026-09-30 12:55:54.896 | INFO     | __main__:main:398 - Readout mouth: baseline='Mund"\nFrançais: "'; ambiguous scoring tokens=[]; canonical_evaluable=True; unscorable_actual_words=[]
2026-09-30 12:55:55.652 | INFO     | __main__:main:398 - Readout soil: baseline='Boden"\nFrançais: "'; ambiguous scoring tokens=[]; canonical_evaluable=True; unscorable_actual_words=[]
2026-09-30 12:55:56.259 | INFO     | __main__:main:398 - Readout mountain: baseline='Berg"\nFrançais: "'; ambiguous scoring tokens=[]; canonical_evaluable=True; unscorable_actual_words=[]
2026-09-30 12:55:57.077 | INFO     | __main__:main:398 - Readout heart: baseline='Herz"\nFrançais: "'; ambiguous scoring tokens=[]; canonical_evaluable=True; unscorable_actual_words=[]
2026-09-30 12:55:57.838 | INFO     | __main__:main:398 - Readout day: baseline='Tag"\nFrançais: "m'; ambiguous scoring tokens=[]; canonical_evaluable=True; unscorable_actual_words=[]
2026-09-30 12:55:58.539 | INFO     | __main__:main:398 - Readout star: baseline='Stern"\nFrançais: "'; ambiguous scoring tokens=[]; canonical_evaluable=True; unscorable_actual_words=[]
