[pq] task 2688: last 114 of 114 clean lines -- /home/code/.local/share/pueue/task_logs/2688.log
{"master": "/workspace/2026/suppressed-activations/out/2026-10-01_102214_native-v4-readout", "stage": "preflight"}
2026-10-01 10:22:19.098 | INFO     | <run_path>:main:816 - Loading pinned model; no input-specific preparation
Loading weights:   0%|          | 0/426 [00:00<?, ?it/s]
Loading weights:  90%|████████▉ | 383/426 [00:00<00:00, 3801.98it/s]
Loading weights: 100%|██████████| 426/426 [00:00<00:00, 3952.09it/s]
2026-10-01 10:22:47.747 | INFO     | <run_path>:main:1342 - Readout December: baseline='January<|im_end|>'; ambiguous scoring tokens=[]; canonical_evaluable=True; unscorable_actual_words=[]
2026-10-01 10:22:48.581 | INFO     | <run_path>:main:1342 - Readout Thursday: baseline='Tuesday<|im_end|>'; ambiguous scoring tokens=[]; canonical_evaluable=True; unscorable_actual_words=[]
2026-10-01 10:22:49.243 | INFO     | <run_path>:main:1342 - Readout autumn: baseline='winter<|im_end|>'; ambiguous scoring tokens=[]; canonical_evaluable=True; unscorable_actual_words=[]
2026-10-01 10:22:49.911 | INFO     | <run_path>:main:1342 - Readout apple: baseline='red<|im_end|>'; ambiguous scoring tokens=[]; canonical_evaluable=True; unscorable_actual_words=[]
2026-10-01 10:22:52.756 | INFO     | <run_path>:main:1342 - Readout violin: baseline='The orchestral family of the musical instrument played by Sherlock Holmes is **woodwind**.\n\n**Reasoning:**\n1.  **Identify the instrument:**'; ambiguous scoring tokens=[]; canonical_evaluable=True; unscorable_actual_words=[]
2026-10-01 10:22:53.390 | INFO     | <run_path>:main:1342 - Readout Hamlet: baseline='William Shakespeare<|im_end|>'; ambiguous scoring tokens=[]; canonical_evaluable=True; unscorable_actual_words=[]
2026-10-01 10:22:54.116 | INFO     | <run_path>:main:1342 - Readout hydrogen: baseline='gas<|im_end|>'; ambiguous scoring tokens=[]; canonical_evaluable=True; unscorable_actual_words=[]
2026-10-01 10:22:54.895 | INFO     | <run_path>:main:1342 - Readout triangle: baseline='three<|im_end|>'; ambiguous scoring tokens=[]; canonical_evaluable=True; unscorable_actual_words=[]
## Fixed-set readout results
Primary joint pass finds a hidden alias and excludes both actual lexical words and predeclared aliases of an observed expected answer. Actual-output lexical-only counts are shown separately. Unscored rows remain in the denominator. Expected-answer columns use frozen alias matching, not human accuracy: a valid unlisted synonym can miss. Neither metric proves internal reasoning.
### Current-layer methods
| method                     | alias-checked joint↑   |   AUROC↑ | expected-answer joint↑   | actual-output lexical joint↑   |   unscored |
|:---------------------------|:-----------------------|---------:|:-------------------------|:-------------------------------|-----------:|
| [J-lens](readout.json)     | 1/8                    |    0.451 | 1/6                      | 1/8                            |          0 |
| [plain lens](readout.json) | 0/8                    |    0.506 | 0/6                      | 0/8                            |          0 |
### End-of-pass readout (not for earlier edits)
| method                                                | alias-checked joint↑   |   AUROC↑ | expected-answer joint↑   | actual-output lexical joint↑   |   unscored |
|:------------------------------------------------------|:-----------------------|---------:|:-------------------------|:-------------------------------|-----------:|
| [end-pass probability contrast plain27](readout.json) | 4/8                    |    0.698 | 2/6                      | 5/8                            |          0 |
| [end-pass erased0.5 J-lens](readout.json)             | 4/8                    |    0.907 | 2/6                      | 5/8                            |          0 |
| [end-pass erased1 plain27](readout.json)              | 4/8                    |    0.901 | 3/6                      | 4/8                            |          0 |
| [end-pass J-lens](readout.json)                       | 3/8                    |    0.895 | 2/6                      | 4/8                            |          0 |
| [end-pass probability contrast J-lens](readout.json)  | 3/8                    |    0.657 | 2/6                      | 4/8                            |          0 |
| [end-pass plain27](readout.json)                      | 3/8                    |    0.890 | 2/6                      | 4/8                            |          0 |
| [end-pass erased0.5 plain27](readout.json)            | 3/8                    |    0.895 | 3/6                      | 3/8                            |          0 |
| [end-pass erased1 J-lens](readout.json)               | 1/8                    |    0.925 | 0/6                      | 1/8                            |          0 |
| [end-pass logit contrast J-lens](readout.json)        | 0/8                    |    0.866 | 0/6                      | 0/8                            |          0 |
| [end-pass plain24](readout.json)                      | 0/8                    |    0.883 | 0/6                      | 0/8                            |          0 |
| [end-pass logit contrast plain24](readout.json)       | 0/8                    |    0.863 | 0/6                      | 0/8                            |          0 |
| [end-pass probability contrast plain24](readout.json) | 0/8                    |    0.628 | 0/6                      | 0/8                            |          0 |
| [end-pass logit contrast plain27](readout.json)       | 0/8                    |    0.856 | 0/6                      | 0/8                            |          0 |
| [end-pass negative final control](readout.json)       | 0/8                    |    0.886 | 0/6                      | 0/8                            |          0 |
| [end-pass erased1 plain24](readout.json)              | 0/8                    |    0.892 | 0/6                      | 0/8                            |          0 |
| [end-pass erased0.5 plain24](readout.json)            | 0/8                    |    0.887 | 0/6                      | 0/8                            |          0 |
run.md: /workspace/2026/suppressed-activations/out/2026-10-01_102219_jlens-one-pass/run.md
2026-10-01 10:22:55.165 | INFO     | <run_path>:main:816 - Loading pinned model; no input-specific preparation
Loading weights:   0%|          | 0/426 [00:00<?, ?it/s]
Loading weights: 100%|██████████| 426/426 [00:00<00:00, 8667.94it/s]
2026-10-01 10:23:01.125 | INFO     | <run_path>:main:1342 - Readout December: baseline='January<|im_end|>'; ambiguous scoring tokens=[]; canonical_evaluable=True; unscorable_actual_words=[]
2026-10-01 10:23:01.671 | INFO     | <run_path>:main:1342 - Readout Thursday: baseline='Tuesday<|im_end|>'; ambiguous scoring tokens=[]; canonical_evaluable=True; unscorable_actual_words=[]
2026-10-01 10:23:02.201 | INFO     | <run_path>:main:1342 - Readout autumn: baseline='winter<|im_end|>'; ambiguous scoring tokens=[]; canonical_evaluable=True; unscorable_actual_words=[]
2026-10-01 10:23:02.728 | INFO     | <run_path>:main:1342 - Readout apple: baseline='red<|im_end|>'; ambiguous scoring tokens=[]; canonical_evaluable=True; unscorable_actual_words=[]
2026-10-01 10:23:04.021 | INFO     | <run_path>:main:1342 - Readout violin: baseline='The orchestral family of the musical instrument played by Sherlock Holmes is **woodwind**.\n\n**Reasoning:**\n1.  **Identify the instrument:**'; ambiguous scoring tokens=[]; canonical_evaluable=True; unscorable_actual_words=[]
2026-10-01 10:23:04.534 | INFO     | <run_path>:main:1342 - Readout Hamlet: baseline='William Shakespeare<|im_end|>'; ambiguous scoring tokens=[]; canonical_evaluable=True; unscorable_actual_words=[]
2026-10-01 10:23:05.143 | INFO     | <run_path>:main:1342 - Readout hydrogen: baseline='gas<|im_end|>'; ambiguous scoring tokens=[]; canonical_evaluable=True; unscorable_actual_words=[]
2026-10-01 10:23:05.925 | INFO     | <run_path>:main:1342 - Readout triangle: baseline='three<|im_end|>'; ambiguous scoring tokens=[]; canonical_evaluable=True; unscorable_actual_words=[]
## Fixed-set readout results
Primary joint pass finds a hidden alias and excludes both actual lexical words and predeclared aliases of an observed expected answer. Actual-output lexical-only counts are shown separately. Unscored rows remain in the denominator. Expected-answer columns use frozen alias matching, not human accuracy: a valid unlisted synonym can miss. Neither metric proves internal reasoning.
### Current-layer methods
| method                     | alias-checked joint↑   |   AUROC↑ | expected-answer joint↑   | actual-output lexical joint↑   |   unscored |
|:---------------------------|:-----------------------|---------:|:-------------------------|:-------------------------------|-----------:|
| [J-lens](readout.json)     | 1/8                    |    0.451 | 1/6                      | 1/8                            |          0 |
| [plain lens](readout.json) | 0/8                    |    0.506 | 0/6                      | 0/8                            |          0 |
### End-of-pass readout (not for earlier edits)
| method                                                  | alias-checked joint↑   |   AUROC↑ | expected-answer joint↑   | actual-output lexical joint↑   |   unscored |
|:--------------------------------------------------------|:-----------------------|---------:|:-------------------------|:-------------------------------|-----------:|
| [end-pass probability contrast plain27](readout.json)   | 4/8                    |    0.698 | 2/6                      | 5/8                            |          0 |
| [end-pass erased0.5 J-lens](readout.json)               | 4/8                    |    0.907 | 2/6                      | 5/8                            |          0 |
| [end-pass erased1 plain27](readout.json)                | 4/8                    |    0.901 | 3/6                      | 4/8                            |          0 |
| [end-pass input-prefix erased0.5 J-lens](readout.json)  | 4/8                    |    0.907 | 2/6                      | 5/8                            |          0 |
| [end-pass input-prefix erased0.5 plain27](readout.json) | 4/8                    |    0.895 | 3/6                      | 4/8                            |          0 |
| [end-pass J-lens](readout.json)                         | 3/8                    |    0.895 | 2/6                      | 4/8                            |          0 |
| [end-pass probability contrast J-lens](readout.json)    | 3/8                    |    0.657 | 2/6                      | 4/8                            |          0 |
| [end-pass plain27](readout.json)                        | 3/8                    |    0.890 | 2/6                      | 4/8                            |          0 |
| [end-pass erased0.5 plain27](readout.json)              | 3/8                    |    0.895 | 3/6                      | 3/8                            |          0 |
| [end-pass input-prefix J-lens](readout.json)            | 3/8                    |    0.895 | 2/6                      | 4/8                            |          0 |
| [end-pass erased1 J-lens](readout.json)                 | 1/8                    |    0.925 | 0/6                      | 1/8                            |          0 |
| [end-pass logit contrast J-lens](readout.json)          | 0/8                    |    0.866 | 0/6                      | 0/8                            |          0 |
| [end-pass plain24](readout.json)                        | 0/8                    |    0.883 | 0/6                      | 0/8                            |          0 |
| [end-pass logit contrast plain24](readout.json)         | 0/8                    |    0.863 | 0/6                      | 0/8                            |          0 |
| [end-pass probability contrast plain24](readout.json)   | 0/8                    |    0.628 | 0/6                      | 0/8                            |          0 |
| [end-pass logit contrast plain27](readout.json)         | 0/8                    |    0.856 | 0/6                      | 0/8                            |          0 |
| [end-pass negative final control](readout.json)         | 0/8                    |    0.886 | 0/6                      | 0/8                            |          0 |
| [end-pass erased1 plain24](readout.json)                | 0/8                    |    0.892 | 0/6                      | 0/8                            |          0 |
| [end-pass erased0.5 plain24](readout.json)              | 0/8                    |    0.887 | 0/6                      | 0/8                            |          0 |
| [end-pass input-prefix erased0.5 plain24](readout.json) | 0/8                    |    0.887 | 0/6                      | 0/8                            |          0 |
run.md: /workspace/2026/suppressed-activations/out/2026-10-01_102255_jlens-one-pass/run.md
{
 "stage": "completed",
 "source_sha256": "69455b6a07824eb675d6f738c6178691d9ff31929267944aae1b9ddf4eac6f3d",
 "data_sha256": "5b2fa09b97f8ccc3b8775da7bfe7b9dc4983e6e42aad39ab8c4e1202113ccbc0",
 "contract_sha256": "606a053bb4c7f3718b9bfbabfe35e3c63853cf1c3fd43faca6fd5d75720daf8a",
 "helper_sha256": {
  "scripts/demo.py": "3fd42d760c0ed01a68e7160b7d64c87168f1859f008e232464f7e10c01c4bc39",
  "scripts/english/01_detector_baselines_and_pair_transfer.py": "812afe3ca2728b2c6ebfb6d516b1edb11e51e6849182bdb8b172ff277c61fa8b",
  "scripts/english/03_selector_search.py": "51523c7a3769dd11184dbfe6d134213584ed203a6effc44a940ade8b8af358fb",
  "scripts/english/04_erase_and_language_pairs.py": "734ab7803a3884eb248daceb7bc3fad5b2e85b42b542de20205901402c4c65f0",
  "suppressed_activation_subspace.py": "415b39ec6d5960ef0bf1533ec271ac4d9fd22bde6fd14f322c454e4f65a5b254"
 },
 "goals_completed": false,
 "capture": "/workspace/2026/suppressed-activations/out/2026-10-01_102219_jlens-one-pass",
 "actual_forward_calls": 47,
 "generated_tokens": 47,
 "capture_elapsed_seconds": 40.96582557098009,
 "replay": "/workspace/2026/suppressed-activations/out/2026-10-01_102255_jlens-one-pass",
 "elapsed_seconds": 52.056108355056494,
 "original_rows_exact": 144,
 "candidate_rows": 32,
 "rescore_forward_calls": 0,
 "peak_allocated_gib": 8.079048156738281,
 "semantic_review_pending": true
}
| Method                                  | Lexical joint ↑   |   Alias AUROC ↑ |   AUROC n | Expected-answer matches   |
|:----------------------------------------|:------------------|----------------:|----------:|:--------------------------|
| end-pass input-prefix erased0.5 J-lens  | 4/8               |          0.9073 |         8 | 6/8                       |
| end-pass input-prefix erased0.5 plain24 | 0/8               |          0.8867 |         8 | 6/8                       |
| end-pass input-prefix erased0.5 plain27 | 4/8               |          0.8948 |         8 | 6/8                       |
| end-pass input-prefix J-lens            | 3/8               |          0.8951 |         8 | 6/8                       |
run.md: /workspace/2026/suppressed-activations/out/2026-10-01_102214_native-v4-readout/run.md
