{"master": "/workspace/2026/suppressed-activations/out/2026-10-01_110004_animal-pairs-readout"}
2026-10-01 11:00:04.327 | INFO     | <run_path>:main:816 - Loading pinned model; no input-specific preparation
Loading weights:   0%|          | 0/426 [00:00<?, ?it/s]
Loading weights:  22%|██▏       | 92/426 [00:00<00:00, 919.97it/s]
Loading weights: 100%|██████████| 426/426 [00:00<00:00, 3097.05it/s]
2026-10-01 11:00:19.928 | INFO     | <run_path>:main:1348 - Readout horse: baseline='The number of legs on the animal that neighs and is ridden using a saddle is **four**.\n\n(The animal is a horse, which has four legs.)'; ambiguous scoring tokens=[]; canonical_evaluable=True; unscorable_actual_words=[]
2026-10-01 11:00:20.426 | INFO     | <run_path>:main:1348 - Readout cow: baseline='four<|im_end|>'; ambiguous scoring tokens=[]; canonical_evaluable=True; unscorable_actual_words=[]
2026-10-01 11:00:21.079 | INFO     | <run_path>:main:1348 - Readout cat: baseline='four<|im_end|>'; ambiguous scoring tokens=[]; canonical_evaluable=True; unscorable_actual_words=[]
2026-10-01 11:00:21.582 | INFO     | <run_path>:main:1348 - Readout goat: baseline='four<|im_end|>'; ambiguous scoring tokens=[]; canonical_evaluable=True; unscorable_actual_words=[]
## Fixed-set readout results
Primary joint pass finds a hidden alias and excludes both actual lexical words and predeclared aliases of an observed expected answer. Actual-output lexical-only counts are shown separately. Unscored rows remain in the denominator. Expected-answer columns use frozen alias matching, not human accuracy: a valid unlisted synonym can miss. Neither metric proves internal reasoning.
### Current-layer methods
| method                     | alias-checked joint↑   |   AUROC↑ | expected-answer joint↑   | actual-output lexical joint↑   |   unscored |
|:---------------------------|:-----------------------|---------:|:-------------------------|:-------------------------------|-----------:|
| [J-lens](readout.json)     | 0/4                    |    0.238 | 0/4                      | 0/4                            |          0 |
| [plain lens](readout.json) | 0/4                    |    0.198 | 0/4                      | 0/4                            |          0 |
### End-of-pass readout (not for earlier edits)
| method                                                | alias-checked joint↑   |   AUROC↑ | expected-answer joint↑   | actual-output lexical joint↑   |   unscored |
|:------------------------------------------------------|:-----------------------|---------:|:-------------------------|:-------------------------------|-----------:|
| [end-pass J-lens](readout.json)                       | 0/4                    |    0.906 | 0/4                      | 0/4                            |          0 |
| [end-pass logit contrast J-lens](readout.json)        | 0/4                    |    1.000 | 0/4                      | 0/4                            |          0 |
| [end-pass probability contrast J-lens](readout.json)  | 0/4                    |    0.967 | 0/4                      | 0/4                            |          0 |
| [end-pass plain24](readout.json)                      | 0/4                    |    0.996 | 0/4                      | 0/4                            |          0 |
| [end-pass logit contrast plain24](readout.json)       | 0/4                    |    1.000 | 0/4                      | 0/4                            |          0 |
| [end-pass probability contrast plain24](readout.json) | 0/4                    |    0.867 | 0/4                      | 0/4                            |          0 |
| [end-pass plain27](readout.json)                      | 0/4                    |    0.996 | 0/4                      | 0/4                            |          0 |
| [end-pass logit contrast plain27](readout.json)       | 0/4                    |    1.000 | 0/4                      | 0/4                            |          0 |
| [end-pass probability contrast plain27](readout.json) | 0/4                    |    0.950 | 0/4                      | 0/4                            |          0 |
| [end-pass negative final control](readout.json)       | 0/4                    |    1.000 | 0/4                      | 0/4                            |          0 |
| [end-pass erased1 J-lens](readout.json)               | 0/4                    |    0.938 | 0/4                      | 0/4                            |          0 |
| [end-pass erased0.5 J-lens](readout.json)             | 0/4                    |    0.906 | 0/4                      | 0/4                            |          0 |
| [end-pass erased1 plain24](readout.json)              | 0/4                    |    0.996 | 0/4                      | 0/4                            |          0 |
| [end-pass erased0.5 plain24](readout.json)            | 0/4                    |    0.996 | 0/4                      | 0/4                            |          0 |
| [end-pass erased1 plain27](readout.json)              | 0/4                    |    1.000 | 0/4                      | 0/4                            |          0 |
| [end-pass erased0.5 plain27](readout.json)            | 0/4                    |    0.996 | 0/4                      | 0/4                            |          0 |
run.md: /workspace/2026/suppressed-activations/out/2026-10-01_110004_jlens-one-pass/run.md
2026-10-01 11:00:21.892 | INFO     | <run_path>:main:816 - Loading pinned model; no input-specific preparation
Loading weights:   0%|          | 0/426 [00:00<?, ?it/s]
Loading weights: 100%|██████████| 426/426 [00:00<00:00, 6376.14it/s]
2026-10-01 11:00:28.284 | INFO     | <run_path>:main:1348 - Readout horse: baseline='The number of legs on the animal that neighs and is ridden using a saddle is **four**.\n\n(The animal is a horse, which has four legs.)'; ambiguous scoring tokens=[]; canonical_evaluable=True; unscorable_actual_words=[]
2026-10-01 11:00:28.657 | INFO     | <run_path>:main:1348 - Readout cow: baseline='four<|im_end|>'; ambiguous scoring tokens=[]; canonical_evaluable=True; unscorable_actual_words=[]
2026-10-01 11:00:29.238 | INFO     | <run_path>:main:1348 - Readout cat: baseline='four<|im_end|>'; ambiguous scoring tokens=[]; canonical_evaluable=True; unscorable_actual_words=[]
2026-10-01 11:00:29.638 | INFO     | <run_path>:main:1348 - Readout goat: baseline='four<|im_end|>'; ambiguous scoring tokens=[]; canonical_evaluable=True; unscorable_actual_words=[]
## Fixed-set readout results
Primary joint pass finds a hidden alias and excludes both actual lexical words and predeclared aliases of an observed expected answer. Actual-output lexical-only counts are shown separately. Unscored rows remain in the denominator. Expected-answer columns use frozen alias matching, not human accuracy: a valid unlisted synonym can miss. Neither metric proves internal reasoning.
### Current-layer methods
| method                     | alias-checked joint↑   |   AUROC↑ | expected-answer joint↑   | actual-output lexical joint↑   |   unscored |
|:---------------------------|:-----------------------|---------:|:-------------------------|:-------------------------------|-----------:|
| [J-lens](readout.json)     | 0/4                    |    0.238 | 0/4                      | 0/4                            |          0 |
| [plain lens](readout.json) | 0/4                    |    0.198 | 0/4                      | 0/4                            |          0 |
### End-of-pass readout (not for earlier edits)
| method                                                  | alias-checked joint↑   |   AUROC↑ | expected-answer joint↑   | actual-output lexical joint↑   |   unscored |
|:--------------------------------------------------------|:-----------------------|---------:|:-------------------------|:-------------------------------|-----------:|
| [end-pass J-lens](readout.json)                         | 0/4                    |    0.906 | 0/4                      | 0/4                            |          0 |
| [end-pass logit contrast J-lens](readout.json)          | 0/4                    |    1.000 | 0/4                      | 0/4                            |          0 |
| [end-pass probability contrast J-lens](readout.json)    | 0/4                    |    0.967 | 0/4                      | 0/4                            |          0 |
| [end-pass plain24](readout.json)                        | 0/4                    |    0.996 | 0/4                      | 0/4                            |          0 |
| [end-pass logit contrast plain24](readout.json)         | 0/4                    |    1.000 | 0/4                      | 0/4                            |          0 |
| [end-pass probability contrast plain24](readout.json)   | 0/4                    |    0.867 | 0/4                      | 0/4                            |          0 |
| [end-pass plain27](readout.json)                        | 0/4                    |    0.996 | 0/4                      | 0/4                            |          0 |
| [end-pass logit contrast plain27](readout.json)         | 0/4                    |    1.000 | 0/4                      | 0/4                            |          0 |
| [end-pass probability contrast plain27](readout.json)   | 0/4                    |    0.950 | 0/4                      | 0/4                            |          0 |
| [end-pass negative final control](readout.json)         | 0/4                    |    1.000 | 0/4                      | 0/4                            |          0 |
| [end-pass erased1 J-lens](readout.json)                 | 0/4                    |    0.938 | 0/4                      | 0/4                            |          0 |
| [end-pass erased0.5 J-lens](readout.json)               | 0/4                    |    0.906 | 0/4                      | 0/4                            |          0 |
| [end-pass erased1 plain24](readout.json)                | 0/4                    |    0.996 | 0/4                      | 0/4                            |          0 |
| [end-pass erased0.5 plain24](readout.json)              | 0/4                    |    0.996 | 0/4                      | 0/4                            |          0 |
| [end-pass erased1 plain27](readout.json)                | 0/4                    |    1.000 | 0/4                      | 0/4                            |          0 |
| [end-pass erased0.5 plain27](readout.json)              | 0/4                    |    0.996 | 0/4                      | 0/4                            |          0 |
| [end-pass input-prefix erased0.5 J-lens](readout.json)  | 0/4                    |    0.906 | 0/4                      | 0/4                            |          0 |
| [end-pass input-prefix erased0.5 plain24](readout.json) | 0/4                    |    0.996 | 0/4                      | 0/4                            |          0 |
| [end-pass input-prefix erased0.5 plain27](readout.json) | 0/4                    |    0.996 | 0/4                      | 0/4                            |          0 |
| [end-pass input-prefix J-lens](readout.json)            | 0/4                    |    0.906 | 0/4                      | 0/4                            |          0 |
run.md: /workspace/2026/suppressed-activations/out/2026-10-01_110021_jlens-one-pass/run.md
{
 "stage": "completed",
 "pins": {
  "data/english_animal_pairs_chat_v1.json": "256fdb5d8ef2970259aefe894fa751ca14d200120f5553c8d511b681badea61e",
  "slop/audits/2026-10-01_animal-pairs-labels.json": "ae8a991ad1b83a28a47c21059c8359b8d119ebad044b89e8891ecf77eb64ec51",
  "slop/audits/2026-10-01_native-v4-launcher.py": "7f81e356803715412e00b27c69a9fde8ae406068b68bb9f95e56731a6887a6e8",
  "slop/audits/2026-10-01_animal-pairs-preregistration.md": "5947917dcf14cdf15332aa7b0e0baf1e235f2fa8e288bd29c9902350fc7c2d75",
  "data/english_hidden_words_v2.json": "c3e4efbebb01eb58d290ab0e120f4cecd798216ace4837a618180bd602c26590",
  "scripts/demo.py": "3fd42d760c0ed01a68e7160b7d64c87168f1859f008e232464f7e10c01c4bc39",
  "scripts/english/01_detector_baselines_and_pair_transfer.py": "812afe3ca2728b2c6ebfb6d516b1edb11e51e6849182bdb8b172ff277c61fa8b",
  "scripts/english/03_selector_search.py": "51523c7a3769dd11184dbfe6d134213584ed203a6effc44a940ade8b8af358fb",
  "scripts/english/04_erase_and_language_pairs.py": "734ab7803a3884eb248daceb7bc3fad5b2e85b42b542de20205901402c4c65f0",
  "suppressed_activation_subspace.py": "415b39ec6d5960ef0bf1533ec271ac4d9fd22bde6fd14f322c454e4f65a5b254"
 },
 "source_sha256": "7a98cb4a752f7f5e1d257c31681f8d7716a4e6e1a92dfb169599eb5406d2b183",
 "data_sha256": "256fdb5d8ef2970259aefe894fa751ca14d200120f5553c8d511b681badea61e",
 "goals_completed": false,
 "capture": "/workspace/2026/suppressed-activations/out/2026-10-01_110004_jlens-one-pass",
 "actual_forward_calls": 38,
 "replay": "/workspace/2026/suppressed-activations/out/2026-10-01_110021_jlens-one-pass",
 "elapsed_seconds": 25.71957463119179,
 "original_rows_exact": 72,
 "candidate_rows": 16,
 "rescore_forward_calls": 0,
 "generated_tokens": 38,
 "semantic_review_pending": true,
 "peak_allocated_gib": 8.0786771774292
}
| Method                     | Pair      |     D ↑ |   Own a ↑ |   Own b ↑ | Reversal   | Both four   | Exact text equal   |
|:---------------------------|:----------|--------:|----------:|----------:|:-----------|:------------|:-------------------|
| end-pass erased0.5 J-lens  | horse/cow |  1.6250 |    2.9062 |   -1.2812 | False      | False       | False              |
| end-pass erased0.5 J-lens  | cat/goat  |  0.3125 |    1.9375 |   -1.6250 | False      | True        | True               |
| end-pass erased0.5 plain24 | horse/cow |  0.2891 |    1.7109 |   -1.4219 | False      | False       | False              |
| end-pass erased0.5 plain24 | cat/goat  | -0.1953 |    0.7578 |   -0.9531 | False      | True        | True               |
| end-pass erased0.5 plain27 | horse/cow |  1.4375 |    1.8750 |   -0.4375 | False      | False       | False              |
| end-pass erased0.5 plain27 | cat/goat  |  0.4297 |    0.8438 |   -0.4141 | False      | True        | True               |
| end-pass J-lens            | horse/cow |  1.1875 |    2.7812 |   -1.5938 | False      | False       | False              |
| end-pass J-lens            | cat/goat  |  0.2812 |    1.9688 |   -1.6875 | False      | True        | True               |
run.md: /workspace/2026/suppressed-activations/out/2026-10-01_110004_animal-pairs-readout/run.md
