2026-10-01 13:23:18.471 | INFO     | <run_path>:main:904 - Loading pinned model; no input-specific preparation
2026-10-01 13:23:23.798 | INFO     | <run_path>:main:1598 - Raw J direction norms (' spider', ' dog'): [2.4358632564544678, 2.605250358581543]
2026-10-01 13:23:24.795 | INFO     | <run_path>:main:1688 - Offline donor delta norms: {'role-aligned donor': 0.9205990433692932, 'previous literal-name donor': 1.4303367137908936, 'matched-random delta': 0.920599102973938}
2026-10-01 13:23:25.612 | INFO     | <run_path>:main:1859 - Base: '4; inside<|im_end|>'; p(8)=0.000, p(4)=0.981
2026-10-01 13:23:25.916 | INFO     | <run_path>:main:1859 - role-aligned donor: '4; inside<|im_end|>'; p(8)=0.000, p(4)=0.981
2026-10-01 13:23:26.238 | INFO     | <run_path>:main:1859 - previous literal-name donor: '4; inside<|im_end|>'; p(8)=0.000, p(4)=0.979
2026-10-01 13:23:26.581 | INFO     | <run_path>:main:1859 - matched-random delta: '4; inside<|im_end|>'; p(8)=0.000, p(4)=0.980
2026-10-01 13:23:26.931 | INFO     | <run_path>:main:904 - Loading pinned model; no input-specific preparation
2026-10-01 13:23:30.795 | INFO     | <run_path>:main:1598 - Raw J direction norms (' spider', ' dog'): [2.4358632564544678, 2.605250358581543]
2026-10-01 13:23:30.799 | INFO     | <run_path>:main:1688 - Offline donor delta norms: {'role-aligned donor': 0.9205990433692932, 'previous literal-name donor': 1.4303367137908936, 'matched-random delta': 0.920599102973938}
2026-10-01 13:23:31.196 | INFO     | <run_path>:main:1859 - Base: '8; outside<|im_end|>'; p(8)=0.921, p(4)=0.003
2026-10-01 13:23:31.597 | INFO     | <run_path>:main:1859 - role-aligned donor: '8; outside<|im_end|>'; p(8)=0.921, p(4)=0.004
2026-10-01 13:23:31.911 | INFO     | <run_path>:main:1859 - previous literal-name donor: '8; outside<|im_end|>'; p(8)=0.931, p(4)=0.004
2026-10-01 13:23:32.232 | INFO     | <run_path>:main:1859 - matched-random delta: '8; outside<|im_end|>'; p(8)=0.929, p(4)=0.003
2026-10-01 13:23:32.568 | INFO     | <run_path>:main:904 - Loading pinned model; no input-specific preparation
2026-10-01 13:23:36.296 | INFO     | <run_path>:main:1598 - Raw J direction norms (' spider', ' dog'): [2.4358632564544678, 2.605250358581543]
2026-10-01 13:23:36.301 | INFO     | <run_path>:main:1688 - Offline donor delta norms: {'role-aligned donor': 0.9205990433692932, 'previous literal-name donor': 1.4303367137908936, 'matched-random delta': 0.920599102973938}
2026-10-01 13:23:36.631 | INFO     | <run_path>:main:1859 - Base: '4; even<|im_end|>'; p(8)=0.000, p(4)=0.825
2026-10-01 13:23:36.990 | INFO     | <run_path>:main:1859 - role-aligned donor: '4; even<|im_end|>'; p(8)=0.000, p(4)=0.785
2026-10-01 13:23:37.346 | INFO     | <run_path>:main:1859 - previous literal-name donor: '4; even<|im_end|>'; p(8)=0.000, p(4)=0.763
2026-10-01 13:23:37.647 | INFO     | <run_path>:main:1859 - matched-random delta: '4; even<|im_end|>'; p(8)=0.000, p(4)=0.806
