{"master": "/workspace/2026/suppressed-activations/out/2026-10-01_123620_generic-reference-readout"}
2026-10-01 12:36:21.883 | INFO     | <run_path>:main:870 - Loading pinned model; no input-specific preparation
Loading weights:   0%|          | 0/426 [00:00<?, ?it/s]
Loading weights: 100%|██████████| 426/426 [00:00<00:00, 4706.95it/s]
2026-10-01 12:36:32.173 | INFO     | <run_path>:prepare_readout_reference:440 - SHOULD: one generic prefill, no cached decode; computed greedy token discarded
2026-10-01 12:36:43.854 | INFO     | <run_path>:prepare_readout_reference:450 - Generic reference prepared; run.md: /workspace/2026/suppressed-activations/out/2026-10-01_123621_readout-reference/run.md
2026-10-01 12:36:44.128 | INFO     | <run_path>:main:870 - Loading pinned model; no input-specific preparation
Loading weights:   0%|          | 0/426 [00:00<?, ?it/s]
Loading weights: 100%|██████████| 426/426 [00:00<00:00, 5817.53it/s]
2026-10-01 12:36:51.724 | INFO     | <run_path>:main:1445 - Readout December: baseline='January<|im_end|>'; ambiguous scoring tokens=[]; canonical_evaluable=True; unscorable_actual_words=[]
2026-10-01 12:36:52.526 | INFO     | <run_path>:main:1445 - Readout Thursday: baseline='Tuesday<|im_end|>'; ambiguous scoring tokens=[]; canonical_evaluable=True; unscorable_actual_words=[]
2026-10-01 12:36:53.180 | INFO     | <run_path>:main:1445 - Readout autumn: baseline='winter<|im_end|>'; ambiguous scoring tokens=[]; canonical_evaluable=True; unscorable_actual_words=[]
2026-10-01 12:36:53.843 | INFO     | <run_path>:main:1445 - Readout apple: baseline='red<|im_end|>'; ambiguous scoring tokens=[]; canonical_evaluable=True; unscorable_actual_words=[]
2026-10-01 12:36:55.357 | INFO     | <run_path>:main:1445 - Readout violin: baseline='The orchestral family of the musical instrument played by Sherlock Holmes is **woodwind**.\n\n**Reasoning:**\n1.  **Identify the instrument:**'; ambiguous scoring tokens=[]; canonical_evaluable=True; unscorable_actual_words=[]
2026-10-01 12:36:56.085 | INFO     | <run_path>:main:1445 - Readout Hamlet: baseline='William Shakespeare<|im_end|>'; ambiguous scoring tokens=[]; canonical_evaluable=True; unscorable_actual_words=[]
2026-10-01 12:36:56.766 | INFO     | <run_path>:main:1445 - Readout hydrogen: baseline='gas<|im_end|>'; ambiguous scoring tokens=[]; canonical_evaluable=True; unscorable_actual_words=[]
2026-10-01 12:36:57.566 | INFO     | <run_path>:main:1445 - Readout triangle: baseline='three<|im_end|>'; ambiguous scoring tokens=[]; canonical_evaluable=True; unscorable_actual_words=[]
## Fixed-set readout results
Primary joint pass finds a hidden alias and excludes both actual lexical words and predeclared aliases of an observed expected answer. Actual-output lexical-only counts are shown separately. Unscored rows remain in the denominator. Expected-answer columns use frozen alias matching, not human accuracy: a valid unlisted synonym can miss. Neither metric proves internal reasoning.
### Current-layer methods
| method                     | alias-checked joint↑   |   AUROC↑ | expected-answer joint↑   | actual-output lexical joint↑   |   unscored |
|:---------------------------|:-----------------------|---------:|:-------------------------|:-------------------------------|-----------:|
| [J-lens](readout.json)     | 1/8                    |    0.451 | 1/6                      | 1/8                            |          0 |
| [plain lens](readout.json) | 0/8                    |    0.506 | 0/6                      | 0/8                            |          0 |
### End-of-pass readout (not for earlier edits)
| method                                                                    | alias-checked joint↑   |   AUROC↑ | expected-answer joint↑   | actual-output lexical joint↑   |   unscored |
|:--------------------------------------------------------------------------|:-----------------------|---------:|:-------------------------|:-------------------------------|-----------:|
| [end-pass probability contrast plain27](readout.json)                     | 4/8                    |    0.698 | 2/6                      | 5/8                            |          0 |
| [end-pass erased0.5 J-lens](readout.json)                                 | 4/8                    |    0.907 | 2/6                      | 5/8                            |          0 |
| [end-pass erased1 plain27](readout.json)                                  | 4/8                    |    0.901 | 3/6                      | 4/8                            |          0 |
| [end-pass input-prefix erased0.5 J-lens](readout.json)                    | 4/8                    |    0.907 | 2/6                      | 5/8                            |          0 |
| [end-pass input-prefix erased0.5 plain27](readout.json)                   | 4/8                    |    0.895 | 3/6                      | 4/8                            |          0 |
| [end-pass J-lens](readout.json)                                           | 3/8                    |    0.895 | 2/6                      | 4/8                            |          0 |
| [end-pass probability contrast J-lens](readout.json)                      | 3/8                    |    0.657 | 2/6                      | 4/8                            |          0 |
| [end-pass plain27](readout.json)                                          | 3/8                    |    0.890 | 2/6                      | 4/8                            |          0 |
| [end-pass erased0.5 plain27](readout.json)                                | 3/8                    |    0.895 | 3/6                      | 3/8                            |          0 |
| [end-pass input-prefix J-lens](readout.json)                              | 3/8                    |    0.895 | 2/6                      | 4/8                            |          0 |
| [end-pass input-prefix generic-reference erased0.5 J-lens](readout.json)  | 3/8                    |    0.884 | 2/6                      | 4/8                            |          0 |
| [end-pass input-prefix generic-reference erased0.5 plain27](readout.json) | 3/8                    |    0.900 | 3/6                      | 3/8                            |          0 |
| [end-pass input-prefix random-reference erased0.5 J-lens](readout.json)   | 2/8                    |    0.901 | 1/6                      | 2/8                            |          0 |
| [end-pass erased1 J-lens](readout.json)                                   | 1/8                    |    0.925 | 0/6                      | 1/8                            |          0 |
| [end-pass input-prefix random-reference erased0.5 plain27](readout.json)  | 1/8                    |    0.897 | 0/6                      | 1/8                            |          0 |
| [end-pass logit contrast J-lens](readout.json)                            | 0/8                    |    0.866 | 0/6                      | 0/8                            |          0 |
| [end-pass plain24](readout.json)                                          | 0/8                    |    0.883 | 0/6                      | 0/8                            |          0 |
| [end-pass logit contrast plain24](readout.json)                           | 0/8                    |    0.863 | 0/6                      | 0/8                            |          0 |
| [end-pass probability contrast plain24](readout.json)                     | 0/8                    |    0.628 | 0/6                      | 0/8                            |          0 |
| [end-pass logit contrast plain27](readout.json)                           | 0/8                    |    0.856 | 0/6                      | 0/8                            |          0 |
| [end-pass negative final control](readout.json)                           | 0/8                    |    0.886 | 0/6                      | 0/8                            |          0 |
| [end-pass erased1 plain24](readout.json)                                  | 0/8                    |    0.892 | 0/6                      | 0/8                            |          0 |
| [end-pass erased0.5 plain24](readout.json)                                | 0/8                    |    0.887 | 0/6                      | 0/8                            |          0 |
| [end-pass input-prefix erased0.5 plain24](readout.json)                   | 0/8                    |    0.887 | 0/6                      | 0/8                            |          0 |
| [end-pass input-prefix generic-reference erased0.5 plain24](readout.json) | 0/8                    |    0.891 | 0/6                      | 0/8                            |          0 |
| [end-pass input-prefix random-reference erased0.5 plain24](readout.json)  | 0/8                    |    0.886 | 0/6                      | 0/8                            |          0 |
run.md: /workspace/2026/suppressed-activations/out/2026-10-01_123644_jlens-one-pass/run.md
2026-10-01 12:36:58.622 | INFO     | <run_path>:main:870 - Loading pinned model; no input-specific preparation
Loading weights:   0%|          | 0/426 [00:00<?, ?it/s]
Loading weights: 100%|██████████| 426/426 [00:00<00:00, 7648.01it/s]
2026-10-01 12:37:03.854 | INFO     | <run_path>:main:1445 - Readout horse: baseline='The number of legs on the animal that neighs and is ridden using a saddle is **four**.\n\n(The animal is a horse, which has four legs.)'; ambiguous scoring tokens=[]; canonical_evaluable=True; unscorable_actual_words=[]
2026-10-01 12:37:04.369 | INFO     | <run_path>:main:1445 - Readout cow: baseline='four<|im_end|>'; ambiguous scoring tokens=[]; canonical_evaluable=True; unscorable_actual_words=[]
2026-10-01 12:37:05.040 | INFO     | <run_path>:main:1445 - Readout cat: baseline='four<|im_end|>'; ambiguous scoring tokens=[]; canonical_evaluable=True; unscorable_actual_words=[]
2026-10-01 12:37:05.544 | INFO     | <run_path>:main:1445 - Readout goat: baseline='four<|im_end|>'; ambiguous scoring tokens=[]; canonical_evaluable=True; unscorable_actual_words=[]
## Fixed-set readout results
Primary joint pass finds a hidden alias and excludes both actual lexical words and predeclared aliases of an observed expected answer. Actual-output lexical-only counts are shown separately. Unscored rows remain in the denominator. Expected-answer columns use frozen alias matching, not human accuracy: a valid unlisted synonym can miss. Neither metric proves internal reasoning.
### Current-layer methods
| method                     | alias-checked joint↑   |   AUROC↑ | expected-answer joint↑   | actual-output lexical joint↑   |   unscored |
|:---------------------------|:-----------------------|---------:|:-------------------------|:-------------------------------|-----------:|
| [J-lens](readout.json)     | 0/4                    |    0.238 | 0/4                      | 0/4                            |          0 |
| [plain lens](readout.json) | 0/4                    |    0.198 | 0/4                      | 0/4                            |          0 |
### End-of-pass readout (not for earlier edits)
| method                                                                    | alias-checked joint↑   |   AUROC↑ | expected-answer joint↑   | actual-output lexical joint↑   |   unscored |
|:--------------------------------------------------------------------------|:-----------------------|---------:|:-------------------------|:-------------------------------|-----------:|
| [end-pass J-lens](readout.json)                                           | 0/4                    |    0.906 | 0/4                      | 0/4                            |          0 |
| [end-pass logit contrast J-lens](readout.json)                            | 0/4                    |    1.000 | 0/4                      | 0/4                            |          0 |
| [end-pass probability contrast J-lens](readout.json)                      | 0/4                    |    0.967 | 0/4                      | 0/4                            |          0 |
| [end-pass plain24](readout.json)                                          | 0/4                    |    0.996 | 0/4                      | 0/4                            |          0 |
| [end-pass logit contrast plain24](readout.json)                           | 0/4                    |    1.000 | 0/4                      | 0/4                            |          0 |
| [end-pass probability contrast plain24](readout.json)                     | 0/4                    |    0.867 | 0/4                      | 0/4                            |          0 |
| [end-pass plain27](readout.json)                                          | 0/4                    |    0.996 | 0/4                      | 0/4                            |          0 |
| [end-pass logit contrast plain27](readout.json)                           | 0/4                    |    1.000 | 0/4                      | 0/4                            |          0 |
| [end-pass probability contrast plain27](readout.json)                     | 0/4                    |    0.950 | 0/4                      | 0/4                            |          0 |
| [end-pass negative final control](readout.json)                           | 0/4                    |    1.000 | 0/4                      | 0/4                            |          0 |
| [end-pass erased1 J-lens](readout.json)                                   | 0/4                    |    0.938 | 0/4                      | 0/4                            |          0 |
| [end-pass erased0.5 J-lens](readout.json)                                 | 0/4                    |    0.906 | 0/4                      | 0/4                            |          0 |
| [end-pass erased1 plain24](readout.json)                                  | 0/4                    |    0.996 | 0/4                      | 0/4                            |          0 |
| [end-pass erased0.5 plain24](readout.json)                                | 0/4                    |    0.996 | 0/4                      | 0/4                            |          0 |
| [end-pass erased1 plain27](readout.json)                                  | 0/4                    |    1.000 | 0/4                      | 0/4                            |          0 |
| [end-pass erased0.5 plain27](readout.json)                                | 0/4                    |    0.996 | 0/4                      | 0/4                            |          0 |
| [end-pass input-prefix erased0.5 J-lens](readout.json)                    | 0/4                    |    0.906 | 0/4                      | 0/4                            |          0 |
| [end-pass input-prefix erased0.5 plain24](readout.json)                   | 0/4                    |    0.996 | 0/4                      | 0/4                            |          0 |
| [end-pass input-prefix erased0.5 plain27](readout.json)                   | 0/4                    |    0.996 | 0/4                      | 0/4                            |          0 |
| [end-pass input-prefix J-lens](readout.json)                              | 0/4                    |    0.906 | 0/4                      | 0/4                            |          0 |
| [end-pass input-prefix generic-reference erased0.5 J-lens](readout.json)  | 0/4                    |    0.875 | 0/4                      | 0/4                            |          0 |
| [end-pass input-prefix random-reference erased0.5 J-lens](readout.json)   | 0/4                    |    0.965 | 0/4                      | 0/4                            |          0 |
| [end-pass input-prefix generic-reference erased0.5 plain24](readout.json) | 0/4                    |    0.883 | 0/4                      | 0/4                            |          0 |
| [end-pass input-prefix random-reference erased0.5 plain24](readout.json)  | 0/4                    |    0.996 | 0/4                      | 0/4                            |          0 |
| [end-pass input-prefix generic-reference erased0.5 plain27](readout.json) | 0/4                    |    0.888 | 0/4                      | 0/4                            |          0 |
| [end-pass input-prefix random-reference erased0.5 plain27](readout.json)  | 0/4                    |    0.996 | 0/4                      | 0/4                            |          0 |
run.md: /workspace/2026/suppressed-activations/out/2026-10-01_123658_jlens-one-pass/run.md
{
 "stage": "completed",
 "manifest_sha256": "e3269b20511e4252288de44f1292745d6e90bf282b7d64c012742f93530c4526",
 "source_sha256": "7bff496f30b9c90ab763cbe4d1a3f7d14748a9cfa0edf94d47be082f0566391f",
 "groups": [
  {
   "name": "native-v4",
   "n": 8,
   "data": "data/english_hidden_words_v4_chat.json",
   "capture": "out/2026-10-01_102219_jlens-one-pass",
   "baseline": "out/2026-10-01_102255_jlens-one-pass",
   "run": "/workspace/2026/suppressed-activations/out/2026-10-01_123644_jlens-one-pass",
   "old_rows_exact": 176,
   "candidate_rows": 48
  },
  {
   "name": "animals",
   "n": 4,
   "data": "data/english_animal_pairs_chat_v1.json",
   "capture": "out/2026-10-01_110004_jlens-one-pass",
   "baseline": "out/2026-10-01_110021_jlens-one-pass",
   "run": "/workspace/2026/suppressed-activations/out/2026-10-01_123658_jlens-one-pass",
   "old_rows_exact": 88,
   "candidate_rows": 24
  }
 ],
 "goals_completed": false,
 "reference": "/workspace/2026/suppressed-activations/out/2026-10-01_123621_readout-reference/reference.pt",
 "reference_sha256": "85d681bc1d78f2917294703d6f0f63063a11fb02bdf1c0fdebeaa3f20091c165",
 "generic_forward_calls": 1,
 "case_forward_calls": 0,
 "elapsed_seconds": 47.029346018098295,
 "peak_allocated_gib": 8.024423122406006,
 "semantic_review_pending": true
}
| Cohort / method                                                      | Lexical joint ↑   |   Gains |   Losses |   Alias AUROC ↑ |   AUROC n |
|:---------------------------------------------------------------------|:------------------|--------:|---------:|----------------:|----------:|
| native-v4: end-pass input-prefix generic-reference erased0.5 J-lens  | 3/8               |       0 |        1 |          0.8842 |         8 |
| native-v4: end-pass input-prefix random-reference erased0.5 J-lens   | 2/8               |       0 |        2 |          0.9008 |         8 |
| native-v4: end-pass input-prefix generic-reference erased0.5 plain24 | 0/8               |       0 |        0 |          0.8906 |         8 |
| native-v4: end-pass input-prefix random-reference erased0.5 plain24  | 0/8               |       0 |        0 |          0.8864 |         8 |
| native-v4: end-pass input-prefix generic-reference erased0.5 plain27 | 3/8               |       0 |        1 |          0.9000 |         8 |
| native-v4: end-pass input-prefix random-reference erased0.5 plain27  | 1/8               |       1 |        4 |          0.8967 |         8 |
| native-v4: end-pass input-prefix erased0.5 J-lens                    | 4/8               |       0 |        0 |          0.9073 |         8 |
| native-v4: end-pass input-prefix erased0.5 plain24                   | 0/8               |       0 |        0 |          0.8867 |         8 |
| native-v4: end-pass input-prefix erased0.5 plain27                   | 4/8               |       0 |        0 |          0.8948 |         8 |
| native-v4: end-pass input-prefix J-lens                              | 3/8               |       0 |        0 |          0.8951 |         8 |
| animals: end-pass input-prefix generic-reference erased0.5 J-lens    | 0/4               |       0 |        0 |          0.8750 |         3 |
| animals: end-pass input-prefix random-reference erased0.5 J-lens     | 0/4               |       0 |        0 |          0.9646 |         3 |
| animals: end-pass input-prefix generic-reference erased0.5 plain24   | 0/4               |       0 |        0 |          0.8833 |         3 |
| animals: end-pass input-prefix random-reference erased0.5 plain24    | 0/4               |       0 |        0 |          0.9958 |         3 |
| animals: end-pass input-prefix generic-reference erased0.5 plain27   | 0/4               |       0 |        0 |          0.8875 |         3 |
| animals: end-pass input-prefix random-reference erased0.5 plain27    | 0/4               |       0 |        0 |          0.9958 |         3 |
| animals: end-pass input-prefix erased0.5 J-lens                      | 0/4               |       0 |        0 |          0.9063 |         3 |
| animals: end-pass input-prefix erased0.5 plain24                     | 0/4               |       0 |        0 |          0.9958 |         3 |
| animals: end-pass input-prefix erased0.5 plain27                     | 0/4               |       0 |        0 |          0.9958 |         3 |
| animals: end-pass input-prefix J-lens                                | 0/4               |       0 |        0 |          0.9063 |         3 |
run.md: /workspace/2026/suppressed-activations/out/2026-10-01_123620_generic-reference-readout/run.md
