[pq] task 2837: last 136 of 136 clean lines -- /home/code/.local/share/pueue/task_logs/2837.log
{"master": "/workspace/2026/suppressed-activations/out/2026-10-02_224122_pair2-canada_australia"}
2026-10-02 22:41:31.988 | INFO     | <run_path>:main:996 - Loading pinned model; no input-specific preparation
Loading weights:   0%|          | 0/426 [00:00<?, ?it/s]
Loading weights:  33%|███▎      | 140/426 [00:00<00:00, 1369.25it/s]
Loading weights: 100%|██████████| 426/426 [00:00<00:00, 2270.99it/s]
2026-10-02 22:41:46.963 | INFO     | <run_path>:main:1801 - Raw J direction norms (' Canada', ' Australia'): [3.13700532913208, 3.333883762359619]
2026-10-02 22:41:58.314 | INFO     | <run_path>:main:2080 - Base: 'North America; CAD<|im_end|>'; p(first='North')=0.901, p(first='O')=0.000
2026-10-02 22:41:58.717 | INFO     | <run_path>:main:2080 - raw J-coordinate exchange: '<North America>; AUD<|im_end|>'; p(first='North')=0.200, p(first='O')=0.031
2026-10-02 22:41:59.138 | INFO     | <run_path>:main:2080 - raw plain-coordinate exchange: 'North America; CAD<|im_end|>'; p(first='North')=0.904, p(first='O')=0.000
2026-10-02 22:41:59.462 | INFO     | <run_path>:main:2080 - matched-random delta: 'North America; CAD<|im_end|>'; p(first='North')=0.898, p(first='O')=0.000
No standalone readout benchmark in this intervention run.
| condition                     |   answer_log_odds_shift |   p(first='O') |   p(first='North') |   first_token_pair_mass |   r2 |
|:------------------------------|------------------------:|---------------:|-------------------:|------------------------:|-----:|
| Base                          |            -1.78814e-07 |    3.80324e-06 |           0.900634 |                0.900638 |    0 |
| raw J-coordinate exchange     |            10.5         |    0.0307183   |           0.200309 |                0.231027 |    0 |
| raw plain-coordinate exchange |             0.125       |    4.32718e-06 |           0.9043   |                0.904305 |    0 |
| matched-random delta          |            -0.0625002   |    3.56289e-06 |           0.898131 |                0.898135 |    0 |
run.md: /workspace/2026/suppressed-activations/out/2026-10-02_224131_chat-causal-0/run.md
2026-10-02 22:42:00.190 | INFO     | <run_path>:main:996 - Loading pinned model; no input-specific preparation
Loading weights:   0%|          | 0/426 [00:00<?, ?it/s]
Loading weights:   1%|          | 3/426 [00:00<00:32, 12.83it/s]
Loading weights: 100%|██████████| 426/426 [00:00<00:00, 1506.35it/s]
2026-10-02 22:42:05.215 | INFO     | <run_path>:main:1801 - Raw J direction norms (' Canada', ' Australia'): [3.13700532913208, 3.333883762359619]
2026-10-02 22:42:05.642 | INFO     | <run_path>:main:2080 - Base: 'Oceania; AUD<|im_end|>'; p(first='North')=0.002, p(first='O')=0.396
2026-10-02 22:42:05.988 | INFO     | <run_path>:main:2080 - raw J-coordinate exchange: 'North America; CAD<|im_end|>'; p(first='North')=0.940, p(first='O')=0.000
2026-10-02 22:42:06.380 | INFO     | <run_path>:main:2080 - raw plain-coordinate exchange: 'Oceania; AUD<|im_end|>'; p(first='North')=0.004, p(first='O')=0.410
2026-10-02 22:42:06.761 | INFO     | <run_path>:main:2080 - matched-random delta: 'Oceania; AUD<|im_end|>'; p(first='North')=0.001, p(first='O')=0.288
No standalone readout benchmark in this intervention run.
| condition                     |   answer_log_odds_shift |   p(first='O') |   p(first='North') |   first_token_pair_mass |   r2 |
|:------------------------------|------------------------:|---------------:|-------------------:|------------------------:|-----:|
| Base                          |                  0      |    0.396013    |         0.0018339  |                0.397847 |    0 |
| raw J-coordinate exchange     |                -16.875  |    9.52491e-06 |         0.940259   |                0.940269 |    0 |
| raw plain-coordinate exchange |                 -0.625  |    0.409571    |         0.00354348 |                0.413114 |    0 |
| matched-random delta          |                  0.1875 |    0.288408    |         0.00110725 |                0.289515 |    0 |
run.md: /workspace/2026/suppressed-activations/out/2026-10-02_224159_chat-causal-1/run.md
2026-10-02 22:42:06.980 | INFO     | <run_path>:main:996 - Loading pinned model; no input-specific preparation
Loading weights:   0%|          | 0/426 [00:00<?, ?it/s]
Loading weights: 100%|██████████| 426/426 [00:00<00:00, 8651.19it/s]
2026-10-02 22:42:10.163 | INFO     | <run_path>:main:1801 - Raw J direction norms (' Canada', ' Australia'): [3.13700532913208, 3.333883762359619]
2026-10-02 22:42:10.502 | INFO     | <run_path>:main:2080 - Base: '4; even<|im_end|>'; p(first='North')=0.000, p(first='O')=0.000
2026-10-02 22:42:10.792 | INFO     | <run_path>:main:2080 - raw J-coordinate exchange: '4; even<|im_end|>'; p(first='North')=0.000, p(first='O')=0.000
2026-10-02 22:42:11.070 | INFO     | <run_path>:main:2080 - raw plain-coordinate exchange: '4; even<|im_end|>'; p(first='North')=0.000, p(first='O')=0.000
2026-10-02 22:42:11.347 | INFO     | <run_path>:main:2080 - matched-random delta: '4; even<|im_end|>'; p(first='North')=0.000, p(first='O')=0.000
No standalone readout benchmark in this intervention run.
| condition                     |   answer_log_odds_shift |   p(first='O') |   p(first='North') |   first_token_pair_mass |   r2 |
|:------------------------------|------------------------:|---------------:|-------------------:|------------------------:|-----:|
| Base                          |             0           |    1.32481e-07 |        9.90155e-09 |             1.42383e-07 |    0 |
| raw J-coordinate exchange     |             0.3125      |    1.06583e-07 |        5.828e-09   |             1.12411e-07 |    0 |
| raw plain-coordinate exchange |             0.0625      |    1.05095e-07 |        7.37881e-09 |             1.12474e-07 |    0 |
| matched-random delta          |             1.90735e-06 |    1.47978e-07 |        1.10598e-08 |             1.59038e-07 |    0 |
run.md: /workspace/2026/suppressed-activations/out/2026-10-02_224206_chat-causal-2/run.md
{
 "stage": "completed",
 "source_sha256": "a2bde1d07e97fc8a7942808c92e74b49bdb5b726932cd5e094b4291b0e6f22af",
 "manifest_sha256": "d8fcdf823336a6c6001a6c63fd46721c1e36e8bb425e93d85d027cfee08a711d",
 "case_runs": [
  {
   "case": {
    "name": "Canada_to_Australia",
    "relation": "country_properties",
    "reverse": false,
    "user_content": "Which continent is the country with the city of Toronto on, and what is that country's three-letter currency code? Reply only as '<continent>; <currency code>'.",
    "base_expected": [
     "North America",
     "CAD"
    ],
    "edited_expected": [
     "Oceania",
     "AUD"
    ]
   },
   "run": "/workspace/2026/suppressed-activations/out/2026-10-02_224131_chat-causal-0",
   "forward_calls": 21
  },
  {
   "case": {
    "name": "Australia_to_Canada",
    "relation": "country_properties",
    "reverse": true,
    "user_content": "Which continent is the country with the city of Sydney on, and what is that country's three-letter currency code? Reply only as '<continent>; <currency code>'.",
    "base_expected": [
     "Oceania",
     "AUD"
    ],
    "edited_expected": [
     "North America",
     "CAD"
    ]
   },
   "run": "/workspace/2026/suppressed-activations/out/2026-10-02_224159_chat-causal-1",
   "forward_calls": 23
  },
  {
   "case": {
    "name": "arithmetic_control",
    "relation": "arithmetic_control",
    "reverse": false,
    "user_content": "Someone from Toronto asks: what is 2 + 2, and is that sum odd or even? Reply only as '<sum>; <odd or even>'.",
    "base_expected": [
     "4",
     "even"
    ],
    "edited_expected": [
     "4",
     "even"
    ]
   },
   "run": "/workspace/2026/suppressed-activations/out/2026-10-02_224206_chat-causal-2",
   "forward_calls": 16
  }
 ],
 "goals_completed": false,
 "raw_coordinate_exchange": true,
 "reference_master": null,
 "generic_prefills": 0,
 "actual_forwards": 60,
 "generated_tokens": 60,
 "elapsed_seconds": 49.408419706858695,
 "peak_allocated_gib": 8.114349365234375,
 "semantic_review_pending": true
}
| Case / condition                                   | Observed text        | Expected properties   |   Tokens |   First-token 'North'→'O' log-odds shift |   First-token pair mass |     r2 | Full log                                                                          |
|:---------------------------------------------------|:---------------------|:----------------------|---------:|-----------------------------------------:|------------------------:|-------:|:----------------------------------------------------------------------------------|
| Canada_to_Australia: Base                          | North America; CAD   | North America; CAD    |        5 |                                  -0.0000 |                  0.9006 | 0.0000 | /workspace/2026/suppressed-activations/out/2026-10-02_224131_chat-causal-0/run.md |
| Canada_to_Australia: raw J-coordinate exchange     | <North America>; AUD | Oceania; AUD          |        6 |                                  10.5000 |                  0.2310 | 0.0000 | /workspace/2026/suppressed-activations/out/2026-10-02_224131_chat-causal-0/run.md |
| Canada_to_Australia: raw plain-coordinate exchange | North America; CAD   | Oceania; AUD          |        5 |                                   0.1250 |                  0.9043 | 0.0000 | /workspace/2026/suppressed-activations/out/2026-10-02_224131_chat-causal-0/run.md |
| Canada_to_Australia: matched-random delta          | North America; CAD   | North America; CAD    |        5 |                                  -0.0625 |                  0.8981 | 0.0000 | /workspace/2026/suppressed-activations/out/2026-10-02_224131_chat-causal-0/run.md |
| Australia_to_Canada: Base                          | Oceania; AUD         | Oceania; AUD          |        6 |                                   0.0000 |                  0.3978 | 0.0000 | /workspace/2026/suppressed-activations/out/2026-10-02_224159_chat-causal-1/run.md |
| Australia_to_Canada: raw J-coordinate exchange     | North America; CAD   | North America; CAD    |        5 |                                 -16.8750 |                  0.9403 | 0.0000 | /workspace/2026/suppressed-activations/out/2026-10-02_224159_chat-causal-1/run.md |
| Australia_to_Canada: raw plain-coordinate exchange | Oceania; AUD         | North America; CAD    |        6 |                                  -0.6250 |                  0.4131 | 0.0000 | /workspace/2026/suppressed-activations/out/2026-10-02_224159_chat-causal-1/run.md |
| Australia_to_Canada: matched-random delta          | Oceania; AUD         | Oceania; AUD          |        6 |                                   0.1875 |                  0.2895 | 0.0000 | /workspace/2026/suppressed-activations/out/2026-10-02_224159_chat-causal-1/run.md |
| arithmetic_control: Base                           | 4; even              | 4; even               |        4 |                                   0.0000 |                  0.0000 | 0.0000 | /workspace/2026/suppressed-activations/out/2026-10-02_224206_chat-causal-2/run.md |
| arithmetic_control: raw J-coordinate exchange      | 4; even              | 4; even               |        4 |                                   0.3125 |                  0.0000 | 0.0000 | /workspace/2026/suppressed-activations/out/2026-10-02_224206_chat-causal-2/run.md |
| arithmetic_control: raw plain-coordinate exchange  | 4; even              | 4; even               |        4 |                                   0.0625 |                  0.0000 | 0.0000 | /workspace/2026/suppressed-activations/out/2026-10-02_224206_chat-causal-2/run.md |
| arithmetic_control: matched-random delta           | 4; even              | 4; even               |        4 |                                   0.0000 |                  0.0000 | 0.0000 | /workspace/2026/suppressed-activations/out/2026-10-02_224206_chat-causal-2/run.md |
run.md: /workspace/2026/suppressed-activations/out/2026-10-02_224122_pair2-canada_australia/run.md
