2026-09-30 14:28:14.150 | INFO     | __main__:main:208 - Loading pinned model and reusable lens; no input-specific preparation
Loading weights:   0%|          | 0/426 [00:00<?, ?it/s]
Loading weights: 100%|██████████| 426/426 [00:00<00:00, 4509.11it/s]
2026-09-30 14:28:23.643 | INFO     | __main__:main:398 - Readout December: baseline=' January.\nQuestion: What is the'; ambiguous scoring tokens=[]; canonical_evaluable=True; unscorable_actual_words=[]
2026-09-30 14:28:25.198 | INFO     | __main__:main:398 - Readout Thursday: baseline=' Friday.\nQuestion: What day of'; ambiguous scoring tokens=[]; canonical_evaluable=True; unscorable_actual_words=[]
2026-09-30 14:28:26.429 | INFO     | __main__:main:398 - Readout autumn: baseline=' winter.\nHypothesis: The'; ambiguous scoring tokens=[]; canonical_evaluable=True; unscorable_actual_words=[]
2026-09-30 14:28:27.405 | INFO     | __main__:main:398 - Readout apple: baseline=' red.\nHypothesis: The'; ambiguous scoring tokens=[]; canonical_evaluable=True; unscorable_actual_words=[]
2026-09-30 14:28:28.522 | INFO     | __main__:main:398 - Readout violin: baseline=' the woodwind family.\nQuestion:'; ambiguous scoring tokens=[]; canonical_evaluable=True; unscorable_actual_words=[]
2026-09-30 14:28:29.545 | INFO     | __main__:main:398 - Readout Hamlet: baseline=' William Shakespeare.\nQuestion: Who wrote'; ambiguous scoring tokens=[]; canonical_evaluable=True; unscorable_actual_words=[]
2026-09-30 14:28:30.524 | INFO     | __main__:main:398 - Readout hydrogen: baseline=' a gas.\nHypothesis:'; ambiguous scoring tokens=[]; canonical_evaluable=True; unscorable_actual_words=[]
2026-09-30 14:28:31.662 | INFO     | __main__:main:398 - Readout triangle: baseline=' 3.\nFact: The number'; ambiguous scoring tokens=[]; canonical_evaluable=True; unscorable_actual_words=[]
## Fixed-set readout results
Primary joint pass finds a hidden alias and excludes both actual lexical words and predeclared aliases of an observed expected answer. Literal-only counts are shown separately. Unscored rows remain in the denominator. Expected-answer columns use frozen alias matching, not human accuracy: a valid unlisted synonym can miss. Neither metric proves internal reasoning.
### Current-layer methods
| method                     | alias-checked joint↑   |   AUROC↑ | expected-answer joint↑   | literal joint↑   |   unscored |
|:---------------------------|:-----------------------|---------:|:-------------------------|:-----------------|-----------:|
| [J-lens](readout.json)     | 2/8                    |    0.750 | 1/7                      | 2/8              |          0 |
| [plain lens](readout.json) | 1/8                    |    0.706 | 1/7                      | 1/8              |          0 |
### End-of-pass readout (not for earlier edits)
| method                                     | alias-checked joint↑   |   AUROC↑ | expected-answer joint↑   | literal joint↑   |   unscored |
|:-------------------------------------------|:-----------------------|---------:|:-------------------------|:-----------------|-----------:|
| [end-pass erased0.5 plain27](readout.json) | 6/8                    |    0.899 | 5/7                      | 6/8              |          0 |
| [end-pass plain27](readout.json)           | 5/8                    |    0.895 | 4/7                      | 6/8              |          0 |
| [end-pass erased1 plain27](readout.json)   | 5/8                    |    0.904 | 4/7                      | 5/8              |          0 |
| [end-pass J-lens](readout.json)            | 4/8                    |    0.858 | 3/7                      | 6/8              |          0 |
| [end-pass erased1 J-lens](readout.json)    | 3/8                    |    0.853 | 2/7                      | 3/8              |          0 |
| [end-pass erased0.5 J-lens](readout.json)  | 3/8                    |    0.857 | 2/7                      | 4/8              |          0 |
| [end-pass plain24](readout.json)           | 1/8                    |    0.816 | 1/7                      | 1/8              |          0 |
| [end-pass erased1 plain24](readout.json)   | 1/8                    |    0.812 | 1/7                      | 1/8              |          0 |
| [end-pass erased0.5 plain24](readout.json) | 1/8                    |    0.814 | 1/7                      | 1/8              |          0 |
run.md: /workspace/2026/suppressed-activations/out/2026-09-30_142814_jlens-one-pass/run.md
