{
 "checked_selected_rows": 144,
 "total_rows": 252,
 "forwards": 15,
 "positions": [
  {
   "boundary": 28,
   "preclue": 2
  },
  {
   "boundary": 28,
   "preclue": 2
  },
  {
   "boundary": 37,
   "preclue": 2
  },
  {
   "boundary": 32,
   "preclue": 2
  },
  {
   "boundary": 79,
   "preclue": 2
  },
  {
   "boundary": 83,
   "preclue": 2
  }
 ],
 "max_auc_error": 6.74260687283379e-08,
 "scope": "Saved-score/mask/position/coverage reconstruction, not neural replay or independent head reconstruction; probes chosen posthoc from observed lists."
}
