[pq] task 2801: last 134 of 134 clean lines -- /home/code/.local/share/pueue/task_logs/2801.log
{"master": "/workspace/2026/suppressed-activations/out/2026-10-02_165147_pair-france_india"}
2026-10-02 16:51:52.266 | INFO     | <run_path>:main:996 - Loading pinned model; no input-specific preparation
Loading weights:   0%|          | 0/426 [00:00<?, ?it/s]
Loading weights: 100%|██████████| 426/426 [00:00<00:00, 8271.45it/s]
2026-10-02 16:51:56.569 | INFO     | <run_path>:main:1801 - Raw J direction norms (' France', ' India'): [3.117286205291748, 3.191875457763672]
2026-10-02 16:51:59.175 | INFO     | <run_path>:main:2080 - Base: 'Paris; EUR<|im_end|>'; p(first='Paris')=0.935, p(first='New')=0.000
2026-10-02 16:51:59.589 | INFO     | <run_path>:main:2080 - raw J-coordinate exchange: 'New Delhi; INR<|im_end|>'; p(first='Paris')=0.000, p(first='New')=0.835
2026-10-02 16:51:59.892 | INFO     | <run_path>:main:2080 - raw plain-coordinate exchange: 'Paris; EUR<|im_end|>'; p(first='Paris')=0.917, p(first='New')=0.000
2026-10-02 16:52:00.239 | INFO     | <run_path>:main:2080 - matched-random delta: 'Paris; EUR<|im_end|>'; p(first='Paris')=0.898, p(first='New')=0.000
No standalone readout benchmark in this intervention run.
| condition                     |   answer_log_odds_shift |   p(first='New') |   p(first='Paris') |   first_token_pair_mass |   r2 |
|:------------------------------|------------------------:|-----------------:|-------------------:|------------------------:|-----:|
| Base                          |             4.39584e-07 |      6.0525e-07  |         0.934611   |                0.934612 |    0 |
| raw J-coordinate exchange     |            25.625       |      0.835333    |         9.5887e-06 |                0.835342 |    0 |
| raw plain-coordinate exchange |             0.3125      |      8.11956e-07 |         0.9173     |                0.917301 |    0 |
| matched-random delta          |             0.625       |      1.08644e-06 |         0.897979   |                0.897981 |    0 |
run.md: /workspace/2026/suppressed-activations/out/2026-10-02_165152_chat-causal-0/run.md
2026-10-02 16:52:00.494 | INFO     | <run_path>:main:996 - Loading pinned model; no input-specific preparation
Loading weights:   0%|          | 0/426 [00:00<?, ?it/s]
Loading weights: 100%|██████████| 426/426 [00:00<00:00, 8444.39it/s]
2026-10-02 16:52:04.105 | INFO     | <run_path>:main:1801 - Raw J direction norms (' France', ' India'): [3.117286205291748, 3.191875457763672]
2026-10-02 16:52:04.554 | INFO     | <run_path>:main:2080 - Base: 'New Delhi; INR<|im_end|>'; p(first='Paris')=0.000, p(first='New')=0.883
2026-10-02 16:52:04.848 | INFO     | <run_path>:main:2080 - raw J-coordinate exchange: 'Paris; EUR<|im_end|>'; p(first='Paris')=0.988, p(first='New')=0.000
2026-10-02 16:52:05.235 | INFO     | <run_path>:main:2080 - raw plain-coordinate exchange: 'New Delhi; INR<|im_end|>'; p(first='Paris')=0.000, p(first='New')=0.874
2026-10-02 16:52:05.661 | INFO     | <run_path>:main:2080 - matched-random delta: 'New Delhi; INR<|im_end|>'; p(first='Paris')=0.000, p(first='New')=0.862
No standalone readout benchmark in this intervention run.
| condition                     |   answer_log_odds_shift |   p(first='New') |   p(first='Paris') |   first_token_pair_mass |   r2 |
|:------------------------------|------------------------:|-----------------:|-------------------:|------------------------:|-----:|
| Base                          |                  0      |      0.882671    |        3.72739e-06 |                0.882675 |    0 |
| raw J-coordinate exchange     |                -26.4375 |      7.72159e-07 |        0.988491    |                0.988492 |    0 |
| raw plain-coordinate exchange |                 -0.125  |      0.874021    |        4.18229e-06 |                0.874025 |    0 |
| matched-random delta          |                 -0.125  |      0.862379    |        4.12658e-06 |                0.862383 |    0 |
run.md: /workspace/2026/suppressed-activations/out/2026-10-02_165200_chat-causal-1/run.md
2026-10-02 16:52:05.907 | INFO     | <run_path>:main:996 - Loading pinned model; no input-specific preparation
Loading weights:   0%|          | 0/426 [00:00<?, ?it/s]
Loading weights: 100%|██████████| 426/426 [00:00<00:00, 8349.21it/s]
2026-10-02 16:52:09.376 | INFO     | <run_path>:main:1801 - Raw J direction norms (' France', ' India'): [3.117286205291748, 3.191875457763672]
2026-10-02 16:52:09.738 | INFO     | <run_path>:main:2080 - Base: '4; even<|im_end|>'; p(first='Paris')=0.000, p(first='New')=0.000
2026-10-02 16:52:10.083 | INFO     | <run_path>:main:2080 - raw J-coordinate exchange: '4; even<|im_end|>'; p(first='Paris')=0.000, p(first='New')=0.000
2026-10-02 16:52:10.406 | INFO     | <run_path>:main:2080 - raw plain-coordinate exchange: '4; even<|im_end|>'; p(first='Paris')=0.000, p(first='New')=0.000
2026-10-02 16:52:10.756 | INFO     | <run_path>:main:2080 - matched-random delta: '4; even<|im_end|>'; p(first='Paris')=0.000, p(first='New')=0.000
No standalone readout benchmark in this intervention run.
| condition                     |   answer_log_odds_shift |   p(first='New') |   p(first='Paris') |   first_token_pair_mass |   r2 |
|:------------------------------|------------------------:|-----------------:|-------------------:|------------------------:|-----:|
| Base                          |                 0       |      1.79013e-08 |        2.44682e-08 |             4.23695e-08 |    0 |
| raw J-coordinate exchange     |                 0.28125 |      1.65538e-08 |        1.70793e-08 |             3.36331e-08 |    0 |
| raw plain-coordinate exchange |                -0.03125 |      1.68033e-08 |        2.36964e-08 |             4.04996e-08 |    0 |
| matched-random delta          |                -0.0625  |      1.84268e-08 |        2.68109e-08 |             4.52377e-08 |    0 |
run.md: /workspace/2026/suppressed-activations/out/2026-10-02_165205_chat-causal-2/run.md
{
 "stage": "completed",
 "source_sha256": "a2bde1d07e97fc8a7942808c92e74b49bdb5b726932cd5e094b4291b0e6f22af",
 "manifest_sha256": "e35fe17c4372c8dfbab9f3626a09d5068da035c7748b7661520d3919d56555e5",
 "case_runs": [
  {
   "case": {
    "name": "France_to_India",
    "relation": "country_properties",
    "reverse": false,
    "user_content": "For the country containing Lyon, give its capital and three-letter currency code. Reply only as '<capital>; <currency code>'.",
    "base_expected": [
     "Paris",
     "EUR"
    ],
    "edited_expected": [
     "New Delhi",
     "INR"
    ]
   },
   "run": "/workspace/2026/suppressed-activations/out/2026-10-02_165152_chat-causal-0",
   "forward_calls": 18
  },
  {
   "case": {
    "name": "India_to_France",
    "relation": "country_properties",
    "reverse": true,
    "user_content": "For the country containing Mumbai, give its capital and three-letter currency code. Reply only as '<capital>; <currency code>'.",
    "base_expected": [
     "New Delhi",
     "INR"
    ],
    "edited_expected": [
     "Paris",
     "EUR"
    ]
   },
   "run": "/workspace/2026/suppressed-activations/out/2026-10-02_165200_chat-causal-1",
   "forward_calls": 22
  },
  {
   "case": {
    "name": "arithmetic_control",
    "relation": "arithmetic_control",
    "reverse": false,
    "user_content": "A visitor from Lyon is nearby. What is 2 + 2, and is that sum odd or even? Reply only as '<sum>; <odd or even>'.",
    "base_expected": [
     "4",
     "even"
    ],
    "edited_expected": [
     "4",
     "even"
    ]
   },
   "run": "/workspace/2026/suppressed-activations/out/2026-10-02_165205_chat-causal-2",
   "forward_calls": 16
  }
 ],
 "goals_completed": false,
 "raw_coordinate_exchange": true,
 "reference_master": null,
 "generic_prefills": 0,
 "actual_forwards": 56,
 "generated_tokens": 56,
 "elapsed_seconds": 23.518996311118826,
 "peak_allocated_gib": 8.113467693328857,
 "semantic_review_pending": true
}
| Case / condition                                  | Observed text   | Expected properties   |   Tokens |   First-token 'Paris'→'New' log-odds shift |   First-token pair mass |     r2 | Full log                                                                          |
|:--------------------------------------------------|:----------------|:----------------------|---------:|-------------------------------------------:|------------------------:|-------:|:----------------------------------------------------------------------------------|
| France_to_India: Base                             | Paris; EUR      | Paris; EUR            |        4 |                                     0.0000 |                  0.9346 | 0.0000 | /workspace/2026/suppressed-activations/out/2026-10-02_165152_chat-causal-0/run.md |
| France_to_India: raw J-coordinate exchange        | New Delhi; INR  | New Delhi; INR        |        6 |                                    25.6250 |                  0.8353 | 0.0000 | /workspace/2026/suppressed-activations/out/2026-10-02_165152_chat-causal-0/run.md |
| France_to_India: raw plain-coordinate exchange    | Paris; EUR      | New Delhi; INR        |        4 |                                     0.3125 |                  0.9173 | 0.0000 | /workspace/2026/suppressed-activations/out/2026-10-02_165152_chat-causal-0/run.md |
| France_to_India: matched-random delta             | Paris; EUR      | Paris; EUR            |        4 |                                     0.6250 |                  0.8980 | 0.0000 | /workspace/2026/suppressed-activations/out/2026-10-02_165152_chat-causal-0/run.md |
| India_to_France: Base                             | New Delhi; INR  | New Delhi; INR        |        6 |                                     0.0000 |                  0.8827 | 0.0000 | /workspace/2026/suppressed-activations/out/2026-10-02_165200_chat-causal-1/run.md |
| India_to_France: raw J-coordinate exchange        | Paris; EUR      | Paris; EUR            |        4 |                                   -26.4375 |                  0.9885 | 0.0000 | /workspace/2026/suppressed-activations/out/2026-10-02_165200_chat-causal-1/run.md |
| India_to_France: raw plain-coordinate exchange    | New Delhi; INR  | Paris; EUR            |        6 |                                    -0.1250 |                  0.8740 | 0.0000 | /workspace/2026/suppressed-activations/out/2026-10-02_165200_chat-causal-1/run.md |
| India_to_France: matched-random delta             | New Delhi; INR  | New Delhi; INR        |        6 |                                    -0.1250 |                  0.8624 | 0.0000 | /workspace/2026/suppressed-activations/out/2026-10-02_165200_chat-causal-1/run.md |
| arithmetic_control: Base                          | 4; even         | 4; even               |        4 |                                     0.0000 |                  0.0000 | 0.0000 | /workspace/2026/suppressed-activations/out/2026-10-02_165205_chat-causal-2/run.md |
| arithmetic_control: raw J-coordinate exchange     | 4; even         | 4; even               |        4 |                                     0.2812 |                  0.0000 | 0.0000 | /workspace/2026/suppressed-activations/out/2026-10-02_165205_chat-causal-2/run.md |
| arithmetic_control: raw plain-coordinate exchange | 4; even         | 4; even               |        4 |                                    -0.0312 |                  0.0000 | 0.0000 | /workspace/2026/suppressed-activations/out/2026-10-02_165205_chat-causal-2/run.md |
| arithmetic_control: matched-random delta          | 4; even         | 4; even               |        4 |                                    -0.0625 |                  0.0000 | 0.0000 | /workspace/2026/suppressed-activations/out/2026-10-02_165205_chat-causal-2/run.md |
run.md: /workspace/2026/suppressed-activations/out/2026-10-02_165147_pair-france_india/run.md
