2026-09-30 10:41:02.912 | INFO     | __main__:main:145 - Loading pinned model and reusable lens; no input-specific preparation
2026-09-30 10:41:21.129 | INFO     | __main__:main:283 - Readout cloud: baseline='nuage"\nDeutsch: "K'; ambiguous scoring tokens=[]; canonical_evaluable=False; unscorable_actual_words=['nuage']
2026-09-30 10:41:22.058 | INFO     | __main__:main:283 - Readout bag: baseline='sac"\nDeutsch: "K'; ambiguous scoring tokens=[]; canonical_evaluable=True; unscorable_actual_words=[]
2026-09-30 10:41:22.858 | INFO     | __main__:main:283 - Readout mouth: baseline='bouche"\nDeutsch: "K'; ambiguous scoring tokens=[]; canonical_evaluable=True; unscorable_actual_words=[]
2026-09-30 10:41:23.710 | INFO     | __main__:main:283 - Readout soil: baseline='sol"\nDeutsch: "Berg'; ambiguous scoring tokens=[]; canonical_evaluable=True; unscorable_actual_words=[]
2026-09-30 10:41:24.998 | INFO     | __main__:main:283 - Readout mountain: baseline='montagne"\nDeutsch: "Fl'; ambiguous scoring tokens=[]; canonical_evaluable=True; unscorable_actual_words=[]
2026-09-30 10:41:25.887 | INFO     | __main__:main:283 - Readout heart: baseline='cœur"\nDeutsch: "K'; ambiguous scoring tokens=[]; canonical_evaluable=True; unscorable_actual_words=[]
2026-09-30 10:41:26.805 | INFO     | __main__:main:283 - Readout day: baseline='jour"\nDeutsch: "Kaff'; ambiguous scoring tokens=[]; canonical_evaluable=True; unscorable_actual_words=[]
2026-09-30 10:41:27.564 | INFO     | __main__:main:283 - Readout star: baseline='étoile"\nDeutsch: "K'; ambiguous scoring tokens=[]; canonical_evaluable=True; unscorable_actual_words=[]
2026-09-30 10:41:28.477 | INFO     | __main__:main:283 - Readout cloud: baseline='облако"\nFrançais:'; ambiguous scoring tokens=[]; canonical_evaluable=True; unscorable_actual_words=[]
2026-09-30 10:41:29.204 | INFO     | __main__:main:283 - Readout bag: baseline='сумка"\nFrançais:'; ambiguous scoring tokens=[]; canonical_evaluable=True; unscorable_actual_words=[]
2026-09-30 10:41:30.003 | INFO     | __main__:main:283 - Readout mouth: baseline='рот"\nFrançais: "c'; ambiguous scoring tokens=[]; canonical_evaluable=True; unscorable_actual_words=[]
2026-09-30 10:41:30.705 | INFO     | __main__:main:283 - Readout soil: baseline='земля"\nFrançais: "'; ambiguous scoring tokens=[]; canonical_evaluable=True; unscorable_actual_words=[]
2026-09-30 10:41:31.439 | INFO     | __main__:main:283 - Readout mountain: baseline='горы"\nFrançais: "'; ambiguous scoring tokens=[]; canonical_evaluable=True; unscorable_actual_words=[]
2026-09-30 10:41:32.223 | INFO     | __main__:main:283 - Readout heart: baseline='сердце"\nFrançais:'; ambiguous scoring tokens=[]; canonical_evaluable=True; unscorable_actual_words=[]
2026-09-30 10:41:33.090 | INFO     | __main__:main:283 - Readout hand: baseline='рука"\nFrançais: "'; ambiguous scoring tokens=[]; canonical_evaluable=True; unscorable_actual_words=[]
2026-09-30 10:41:33.852 | INFO     | __main__:main:283 - Readout star: baseline='звезда"\nFrançais:'; ambiguous scoring tokens=[]; canonical_evaluable=True; unscorable_actual_words=[]
2026-09-30 10:41:34.618 | INFO     | __main__:main:283 - Readout cloud: baseline='nuage"\nРусский: "'; ambiguous scoring tokens=[]; canonical_evaluable=False; unscorable_actual_words=['nuage']
2026-09-30 10:41:35.276 | INFO     | __main__:main:283 - Readout bag: baseline='sac"\nРусский: "'; ambiguous scoring tokens=[]; canonical_evaluable=True; unscorable_actual_words=[]
2026-09-30 10:41:35.920 | INFO     | __main__:main:283 - Readout mouth: baseline='bouche"\nРусский: "'; ambiguous scoring tokens=[]; canonical_evaluable=True; unscorable_actual_words=[]
2026-09-30 10:41:36.632 | INFO     | __main__:main:283 - Readout soil: baseline='sol"\nРусский: "с'; ambiguous scoring tokens=[]; canonical_evaluable=True; unscorable_actual_words=[]
2026-09-30 10:41:37.320 | INFO     | __main__:main:283 - Readout mountain: baseline='montagne"\nРусский: "'; ambiguous scoring tokens=[]; canonical_evaluable=True; unscorable_actual_words=[]
2026-09-30 10:41:38.025 | INFO     | __main__:main:283 - Readout heart: baseline='cœur"\nРусский: "'; ambiguous scoring tokens=[]; canonical_evaluable=True; unscorable_actual_words=[]
2026-09-30 10:41:38.856 | INFO     | __main__:main:283 - Readout hand: baseline='main"\nРусский: "но'; ambiguous scoring tokens=[]; canonical_evaluable=True; unscorable_actual_words=[]
2026-09-30 10:41:39.528 | INFO     | __main__:main:283 - Readout star: baseline='étoile"\nРусский: "'; ambiguous scoring tokens=[]; canonical_evaluable=True; unscorable_actual_words=[]
2026-09-30 10:41:40.250 | INFO     | __main__:main:283 - Readout book: baseline='книга"\nDeutsch: "'; ambiguous scoring tokens=[]; canonical_evaluable=True; unscorable_actual_words=[]
2026-09-30 10:41:40.975 | INFO     | __main__:main:283 - Readout cloud: baseline='облако"\nDeutsch: "'; ambiguous scoring tokens=[]; canonical_evaluable=True; unscorable_actual_words=[]
2026-09-30 10:41:41.820 | INFO     | __main__:main:283 - Readout bag: baseline='кошелек"\nDeutsch:'; ambiguous scoring tokens=[]; canonical_evaluable=True; unscorable_actual_words=[]
2026-09-30 10:41:42.570 | INFO     | __main__:main:283 - Readout mouth: baseline='рот"\nDeutsch: "Kopf'; ambiguous scoring tokens=[]; canonical_evaluable=True; unscorable_actual_words=[]
2026-09-30 10:41:43.361 | INFO     | __main__:main:283 - Readout soil: baseline='земля"\nDeutsch: "B'; ambiguous scoring tokens=[]; canonical_evaluable=True; unscorable_actual_words=[]
2026-09-30 10:41:44.113 | INFO     | __main__:main:283 - Readout mountain: baseline='горы"\nDeutsch: "W'; ambiguous scoring tokens=[]; canonical_evaluable=True; unscorable_actual_words=[]
2026-09-30 10:41:44.769 | INFO     | __main__:main:283 - Readout heart: baseline='сердце"\nDeutsch: "'; ambiguous scoring tokens=[]; canonical_evaluable=True; unscorable_actual_words=[]
2026-09-30 10:41:45.441 | INFO     | __main__:main:283 - Readout star: baseline='звезда"\nDeutsch: "'; ambiguous scoring tokens=[]; canonical_evaluable=True; unscorable_actual_words=[]
2026-09-30 10:41:46.221 | INFO     | __main__:main:283 - Readout book: baseline='Buch"\nРусский: "м'; ambiguous scoring tokens=[]; canonical_evaluable=True; unscorable_actual_words=[]
2026-09-30 10:41:46.961 | INFO     | __main__:main:283 - Readout cloud: baseline='Wolke"\nРусский:'; ambiguous scoring tokens=[]; canonical_evaluable=True; unscorable_actual_words=[]
2026-09-30 10:41:47.790 | INFO     | __main__:main:283 - Readout bag: baseline='Tasche"\nРусский:'; ambiguous scoring tokens=[]; canonical_evaluable=True; unscorable_actual_words=[]
2026-09-30 10:41:48.598 | INFO     | __main__:main:283 - Readout mouth: baseline='Mund"\nРусский: "'; ambiguous scoring tokens=[]; canonical_evaluable=True; unscorable_actual_words=[]
2026-09-30 10:41:49.363 | INFO     | __main__:main:283 - Readout soil: baseline='Boden"\nРусский: "'; ambiguous scoring tokens=[]; canonical_evaluable=True; unscorable_actual_words=[]
2026-09-30 10:41:50.046 | INFO     | __main__:main:283 - Readout mountain: baseline='Berg"\nРусский: "'; ambiguous scoring tokens=[]; canonical_evaluable=True; unscorable_actual_words=[]
2026-09-30 10:41:50.756 | INFO     | __main__:main:283 - Readout heart: baseline='Herz"\nРусский: "'; ambiguous scoring tokens=[]; canonical_evaluable=True; unscorable_actual_words=[]
2026-09-30 10:41:51.609 | INFO     | __main__:main:283 - Readout star: baseline='Stern"\nРусский: "'; ambiguous scoring tokens=[]; canonical_evaluable=True; unscorable_actual_words=[]
2026-09-30 10:41:52.355 | INFO     | __main__:main:283 - Readout cloud: baseline='Wolke"\nFrançais:'; ambiguous scoring tokens=[]; canonical_evaluable=True; unscorable_actual_words=[]
2026-09-30 10:41:53.129 | INFO     | __main__:main:283 - Readout bag: baseline='Tasche"\nFrançais:'; ambiguous scoring tokens=[]; canonical_evaluable=True; unscorable_actual_words=[]
2026-09-30 10:41:53.886 | INFO     | __main__:main:283 - Readout mouth: baseline='Mund"\nFrançais: "'; ambiguous scoring tokens=[]; canonical_evaluable=True; unscorable_actual_words=[]
2026-09-30 10:41:54.633 | INFO     | __main__:main:283 - Readout soil: baseline='Boden"\nFrançais: "'; ambiguous scoring tokens=[]; canonical_evaluable=True; unscorable_actual_words=[]
2026-09-30 10:41:55.384 | INFO     | __main__:main:283 - Readout mountain: baseline='Berg"\nFrançais: "'; ambiguous scoring tokens=[]; canonical_evaluable=True; unscorable_actual_words=[]
2026-09-30 10:41:56.165 | INFO     | __main__:main:283 - Readout heart: baseline='Herz"\nFrançais: "'; ambiguous scoring tokens=[]; canonical_evaluable=True; unscorable_actual_words=[]
2026-09-30 10:41:57.126 | INFO     | __main__:main:283 - Readout day: baseline='Tag"\nFrançais: "m'; ambiguous scoring tokens=[]; canonical_evaluable=True; unscorable_actual_words=[]
2026-09-30 10:41:57.884 | INFO     | __main__:main:283 - Readout star: baseline='Stern"\nFrançais: "'; ambiguous scoring tokens=[]; canonical_evaluable=True; unscorable_actual_words=[]
