2026-09-30 15:51:11.514 | INFO     | <run_path>:main:218 - Loading pinned model and reusable lens; no input-specific preparation
Loading weights:   0%|          | 0/426 [00:00<?, ?it/s]
Loading weights:  20%|█▉        | 84/426 [00:00<00:00, 833.58it/s]
Loading weights:  66%|██████▌   | 280/426 [00:00<00:00, 1470.64it/s]
Loading weights: 100%|██████████| 426/426 [00:00<00:00, 1685.10it/s]
2026-09-30 15:51:24.017 | INFO     | <run_path>:main:540 - Raw J direction norms (' spiders', ' dogs'): [2.5185487270355225, 2.6857683658599854]
2026-09-30 15:51:26.008 | INFO     | <run_path>:main:582 - Offline donor delta norms: {'full donor contrast': 1.4303367137908936}
2026-09-30 15:51:34.019 | INFO     | <run_path>:main:686 - Base: "4.\nHypothesis: The number of legs on the animal that barks and is called man's best friend is 2.\nIs the hypothesis"; p(8)=0.007, p(4)=0.944
2026-09-30 15:51:35.737 | INFO     | <run_path>:main:686 - conditional donor reflection: "4.\nHypothesis: The number of legs on the animal that barks and is called man's best friend is 2.\nIs the hypothesis"; p(8)=0.007, p(4)=0.944
2026-09-30 15:51:37.914 | INFO     | <run_path>:main:686 - full donor contrast: "4.\nHypothesis: The number of legs on the animal that barks and is called man's best friend is 8.\nDoes the fact"; p(8)=0.010, p(4)=0.935
2026-09-30 15:51:39.972 | INFO     | <run_path>:main:686 - matched-random reflection control: "4.\nHypothesis: The number of legs on the animal that barks and is called man's best friend is 8.\nDoes the hypothesis"; p(8)=0.007, p(4)=0.944
No standalone readout benchmark in this intervention run.
| condition                         |   answer_log_odds_shift |     p(4) |       p(8) |   answer_pair_mass |        r2 |
|:----------------------------------|------------------------:|---------:|-----------:|-------------------:|----------:|
| Base                              |                   0     | 0.943579 | 0.00720431 |           0.950783 | 0.0322581 |
| conditional donor reflection      |                   0     | 0.943579 | 0.00720431 |           0.950783 | 0.0322581 |
| full donor contrast               |                  -0.375 | 0.934653 | 0.0103831  |           0.945036 | 0.0322581 |
| matched-random reflection control |                   0     | 0.943579 | 0.00720431 |           0.950783 | 0.0322581 |
run.md: /workspace/2026/suppressed-activations/out/2026-09-30_155111_jlens-one-pass/run.md
2026-09-30 15:51:40.923 | INFO     | <run_path>:main:218 - Loading pinned model and reusable lens; no input-specific preparation
Loading weights:   0%|          | 0/426 [00:00<?, ?it/s]
Loading weights:  84%|████████▎ | 356/426 [00:00<00:00, 3558.44it/s]
Loading weights: 100%|██████████| 426/426 [00:00<00:00, 3383.06it/s]
2026-09-30 15:51:50.032 | INFO     | <run_path>:main:540 - Raw J direction norms (' spiders', ' dogs'): [2.5185487270355225, 2.6857683658599854]
2026-09-30 15:51:50.163 | INFO     | <run_path>:main:582 - Offline donor delta norms: {'full donor contrast': 1.4303367137908936}
2026-09-30 15:51:52.147 | INFO     | <run_path>:main:686 - Base: " inside.\nHypothesis: The skeleton of the animal that barks and is called man's best friend is on the outside.\nIs the hypothesis true"; p( outside)=0.225, p( inside)=0.255
2026-09-30 15:51:53.900 | INFO     | <run_path>:main:686 - conditional donor reflection: " inside.\nHypothesis: The skeleton of the animal that barks and is called man's best friend is on the outside.\nIs the hypothesis true"; p( outside)=0.225, p( inside)=0.255
2026-09-30 15:51:55.608 | INFO     | <run_path>:main:686 - full donor contrast: ' outside.\nQuestion: Is the skeleton of the dog on the outside or inside?\nOptions:\nA. outside\nB. inside\nC. not'; p( outside)=0.253, p( inside)=0.223
2026-09-30 15:51:57.387 | INFO     | <run_path>:main:686 - matched-random reflection control: " inside.\nHypothesis: The skeleton of the animal that barks and is called man's best friend is on the outside.\nIs the hypothesis true"; p( outside)=0.225, p( inside)=0.255
No standalone readout benchmark in this intervention run.
| condition                         |   answer_log_odds_shift |   p( inside) |   p( outside) |   answer_pair_mass |        r2 |
|:----------------------------------|------------------------:|-------------:|--------------:|-------------------:|----------:|
| Base                              |                    0    |     0.25503  |      0.225063 |           0.480093 | 0.0322581 |
| conditional donor reflection      |                    0    |     0.25503  |      0.225063 |           0.480093 | 0.0322581 |
| full donor contrast               |                   -0.25 |     0.223296 |      0.253027 |           0.476323 | 0         |
| matched-random reflection control |                    0    |     0.25503  |      0.225063 |           0.480093 | 0.0322581 |
run.md: /workspace/2026/suppressed-activations/out/2026-09-30_155140_jlens-one-pass/run.md
